# Translation Time: 0.099
MINION 3

#This file has been automatically generated by TAILOR v0.3.3
#bug-reports: andrea@cs.st-and.ac.uk

# Model statistics:
#   Constraints:2
#   Auxiliary variables: 1
#   Eliminated common subexpressions:0


**VARIABLES**
BOOL x 
BOOL y 
BOOL z 
BOOL t 

# auxiliary variables
BOOL aux0 

# aliases

**SEARCH**

PRINT [
[x],[y],[z],[t]]

VARORDER [
x,y,z,t,
aux0]


**CONSTRAINTS**

reify(sumgeq([t,z], 2), aux0)
reify(sumgeq([x,y], 2), aux0)

**EOF**
