MINION 3
**VARIABLES**
DISCRETE x #
{1..5}
**TUPLELIST**
M 6 4
5 0 0 0 
1 1 1 1 
2 2 2 2 
3 3 3 5 
1 1 1 1 
1 1 1 1 
**VARIABLES**
ALIAS M[6,4]=[[5, 0, 0, 0], [1, 1, 1, 1], [2, 2, 2, 2], [3, 3, 3, 5], [1, 1, 1, 1], [1, 1, 1, 1]]
**SEARCH**
PRINT[[x]]
VARORDER STATIC [x]
VARORDER AUX []
**CONSTRAINTS**
true()**EOF**
