MINION 3
**VARIABLES**
BOOL x_00000_00000 #
BOOL x_00000_00001 #
BOOL x_00000_00002 #
BOOL x_00000_00003 #
BOOL x_00000_00004 #
BOOL x_00000_00005 #
BOOL x_00000_00006 #
BOOL x_00000_00007 #
BOOL x_00000_00008 #
BOOL x_00000_00009 #
BOOL x_00000_00010 #
BOOL x_00000_00011 #
BOOL x_00001_00000 #
BOOL x_00001_00001 #
BOOL x_00001_00002 #
BOOL x_00001_00003 #
BOOL x_00001_00004 #
BOOL x_00001_00005 #
BOOL x_00001_00006 #
BOOL x_00001_00007 #
BOOL x_00001_00008 #
BOOL x_00001_00009 #
BOOL x_00001_00010 #
BOOL x_00001_00011 #
BOOL x_00002_00000 #
BOOL x_00002_00001 #
BOOL x_00002_00002 #
BOOL x_00002_00003 #
BOOL x_00002_00004 #
BOOL x_00002_00005 #
BOOL x_00002_00006 #
BOOL x_00002_00007 #
BOOL x_00002_00008 #
BOOL x_00002_00009 #
BOOL x_00002_00010 #
BOOL x_00002_00011 #
BOOL x_00003_00000 #
BOOL x_00003_00001 #
BOOL x_00003_00002 #
BOOL x_00003_00003 #
BOOL x_00003_00004 #
BOOL x_00003_00005 #
BOOL x_00003_00006 #
BOOL x_00003_00007 #
BOOL x_00003_00008 #
BOOL x_00003_00009 #
BOOL x_00003_00010 #
BOOL x_00003_00011 #
BOOL x_00004_00000 #
BOOL x_00004_00001 #
BOOL x_00004_00002 #
BOOL x_00004_00003 #
BOOL x_00004_00004 #
BOOL x_00004_00005 #
BOOL x_00004_00006 #
BOOL x_00004_00007 #
BOOL x_00004_00008 #
BOOL x_00004_00009 #
BOOL x_00004_00010 #
BOOL x_00004_00011 #
BOOL x_00005_00000 #
BOOL x_00005_00001 #
BOOL x_00005_00002 #
BOOL x_00005_00003 #
BOOL x_00005_00004 #
BOOL x_00005_00005 #
BOOL x_00005_00006 #
BOOL x_00005_00007 #
BOOL x_00005_00008 #
BOOL x_00005_00009 #
BOOL x_00005_00010 #
BOOL x_00005_00011 #
BOOL x_00006_00000 #
BOOL x_00006_00001 #
BOOL x_00006_00002 #
BOOL x_00006_00003 #
BOOL x_00006_00004 #
BOOL x_00006_00005 #
BOOL x_00006_00006 #
BOOL x_00006_00007 #
BOOL x_00006_00008 #
BOOL x_00006_00009 #
BOOL x_00006_00010 #
BOOL x_00006_00011 #
BOOL x_00007_00000 #
BOOL x_00007_00001 #
BOOL x_00007_00002 #
BOOL x_00007_00003 #
BOOL x_00007_00004 #
BOOL x_00007_00005 #
BOOL x_00007_00006 #
BOOL x_00007_00007 #
BOOL x_00007_00008 #
BOOL x_00007_00009 #
BOOL x_00007_00010 #
BOOL x_00007_00011 #
BOOL x_00008_00000 #
BOOL x_00008_00001 #
BOOL x_00008_00002 #
BOOL x_00008_00003 #
BOOL x_00008_00004 #
BOOL x_00008_00005 #
BOOL x_00008_00006 #
BOOL x_00008_00007 #
BOOL x_00008_00008 #
BOOL x_00008_00009 #
BOOL x_00008_00010 #
BOOL x_00008_00011 #
BOOL x_00009_00000 #
BOOL x_00009_00001 #
BOOL x_00009_00002 #
BOOL x_00009_00003 #
BOOL x_00009_00004 #
BOOL x_00009_00005 #
BOOL x_00009_00006 #
BOOL x_00009_00007 #
BOOL x_00009_00008 #
BOOL x_00009_00009 #
BOOL x_00009_00010 #
BOOL x_00009_00011 #
BOOL x_00010_00000 #
BOOL x_00010_00001 #
BOOL x_00010_00002 #
BOOL x_00010_00003 #
BOOL x_00010_00004 #
BOOL x_00010_00005 #
BOOL x_00010_00006 #
BOOL x_00010_00007 #
BOOL x_00010_00008 #
BOOL x_00010_00009 #
BOOL x_00010_00010 #
BOOL x_00010_00011 #
ALIAS row_sums[11]=[0, 0, 8, 2, 6, 4, 5, 3, 7, 0, 0]
ALIAS col_sums[12]=[0, 0, 7, 1, 6, 3, 4, 5, 2, 7, 0, 0]
**SEARCH**
PRINT[[x_00000_00000],[x_00000_00001],[x_00000_00002],[x_00000_00003],[x_00000_00004],[x_00000_00005],[x_00000_00006],[x_00000_00007],[x_00000_00008],[x_00000_00009],[x_00000_00010],[x_00000_00011],[x_00001_00000],[x_00001_00001],[x_00001_00002],[x_00001_00003],[x_00001_00004],[x_00001_00005],[x_00001_00006],[x_00001_00007],[x_00001_00008],[x_00001_00009],[x_00001_00010],[x_00001_00011],[x_00002_00000],[x_00002_00001],[x_00002_00002],[x_00002_00003],[x_00002_00004],[x_00002_00005],[x_00002_00006],[x_00002_00007],[x_00002_00008],[x_00002_00009],[x_00002_00010],[x_00002_00011],[x_00003_00000],[x_00003_00001],[x_00003_00002],[x_00003_00003],[x_00003_00004],[x_00003_00005],[x_00003_00006],[x_00003_00007],[x_00003_00008],[x_00003_00009],[x_00003_00010],[x_00003_00011],[x_00004_00000],[x_00004_00001],[x_00004_00002],[x_00004_00003],[x_00004_00004],[x_00004_00005],[x_00004_00006],[x_00004_00007],[x_00004_00008],[x_00004_00009],[x_00004_00010],[x_00004_00011],[x_00005_00000],[x_00005_00001],[x_00005_00002],[x_00005_00003],[x_00005_00004],[x_00005_00005],[x_00005_00006],[x_00005_00007],[x_00005_00008],[x_00005_00009],[x_00005_00010],[x_00005_00011],[x_00006_00000],[x_00006_00001],[x_00006_00002],[x_00006_00003],[x_00006_00004],[x_00006_00005],[x_00006_00006],[x_00006_00007],[x_00006_00008],[x_00006_00009],[x_00006_00010],[x_00006_00011],[x_00007_00000],[x_00007_00001],[x_00007_00002],[x_00007_00003],[x_00007_00004],[x_00007_00005],[x_00007_00006],[x_00007_00007],[x_00007_00008],[x_00007_00009],[x_00007_00010],[x_00007_00011],[x_00008_00000],[x_00008_00001],[x_00008_00002],[x_00008_00003],[x_00008_00004],[x_00008_00005],[x_00008_00006],[x_00008_00007],[x_00008_00008],[x_00008_00009],[x_00008_00010],[x_00008_00011],[x_00009_00000],[x_00009_00001],[x_00009_00002],[x_00009_00003],[x_00009_00004],[x_00009_00005],[x_00009_00006],[x_00009_00007],[x_00009_00008],[x_00009_00009],[x_00009_00010],[x_00009_00011],[x_00010_00000],[x_00010_00001],[x_00010_00002],[x_00010_00003],[x_00010_00004],[x_00010_00005],[x_00010_00006],[x_00010_00007],[x_00010_00008],[x_00010_00009],[x_00010_00010],[x_00010_00011]]
VARORDER STATIC [x_00000_00000,x_00000_00001,x_00000_00002,x_00000_00003,x_00000_00004,x_00000_00005,x_00000_00006,x_00000_00007,x_00000_00008,x_00000_00009,x_00000_00010,x_00000_00011,x_00001_00000,x_00001_00001,x_00001_00002,x_00001_00003,x_00001_00004,x_00001_00005,x_00001_00006,x_00001_00007,x_00001_00008,x_00001_00009,x_00001_00010,x_00001_00011,x_00002_00000,x_00002_00001,x_00002_00002,x_00002_00003,x_00002_00004,x_00002_00005,x_00002_00006,x_00002_00007,x_00002_00008,x_00002_00009,x_00002_00010,x_00002_00011,x_00003_00000,x_00003_00001,x_00003_00002,x_00003_00003,x_00003_00004,x_00003_00005,x_00003_00006,x_00003_00007,x_00003_00008,x_00003_00009,x_00003_00010,x_00003_00011,x_00004_00000,x_00004_00001,x_00004_00002,x_00004_00003,x_00004_00004,x_00004_00005,x_00004_00006,x_00004_00007,x_00004_00008,x_00004_00009,x_00004_00010,x_00004_00011,x_00005_00000,x_00005_00001,x_00005_00002,x_00005_00003,x_00005_00004,x_00005_00005,x_00005_00006,x_00005_00007,x_00005_00008,x_00005_00009,x_00005_00010,x_00005_00011,x_00006_00000,x_00006_00001,x_00006_00002,x_00006_00003,x_00006_00004,x_00006_00005,x_00006_00006,x_00006_00007,x_00006_00008,x_00006_00009,x_00006_00010,x_00006_00011,x_00007_00000,x_00007_00001,x_00007_00002,x_00007_00003,x_00007_00004,x_00007_00005,x_00007_00006,x_00007_00007,x_00007_00008,x_00007_00009,x_00007_00010,x_00007_00011,x_00008_00000,x_00008_00001,x_00008_00002,x_00008_00003,x_00008_00004,x_00008_00005,x_00008_00006,x_00008_00007,x_00008_00008,x_00008_00009,x_00008_00010,x_00008_00011,x_00009_00000,x_00009_00001,x_00009_00002,x_00009_00003,x_00009_00004,x_00009_00005,x_00009_00006,x_00009_00007,x_00009_00008,x_00009_00009,x_00009_00010,x_00009_00011,x_00010_00000,x_00010_00001,x_00010_00002,x_00010_00003,x_00010_00004,x_00010_00005,x_00010_00006,x_00010_00007,x_00010_00008,x_00010_00009,x_00010_00010,x_00010_00011]
VARORDER AUX []
**CONSTRAINTS**
sumleq([x_00000_00000,x_00000_00001,x_00000_00002,x_00000_00003,x_00000_00004,x_00000_00005,x_00000_00006,x_00000_00007,x_00000_00008,x_00000_00009,x_00000_00010,x_00000_00011],0)
sumleq([x_00001_00000,x_00001_00001,x_00001_00002,x_00001_00003,x_00001_00004,x_00001_00005,x_00001_00006,x_00001_00007,x_00001_00008,x_00001_00009,x_00001_00010,x_00001_00011],0)
sumleq([x_00009_00000,x_00009_00001,x_00009_00002,x_00009_00003,x_00009_00004,x_00009_00005,x_00009_00006,x_00009_00007,x_00009_00008,x_00009_00009,x_00009_00010,x_00009_00011],0)
sumleq([x_00010_00000,x_00010_00001,x_00010_00002,x_00010_00003,x_00010_00004,x_00010_00005,x_00010_00006,x_00010_00007,x_00010_00008,x_00010_00009,x_00010_00010,x_00010_00011],0)
sumleq([x_00010_00000,x_00002_00000,x_00007_00000,x_00003_00000,x_00008_00000,x_00004_00000,x_00009_00000,x_00000_00000,x_00005_00000,x_00001_00000,x_00006_00000],0)
sumleq([x_00010_00001,x_00002_00001,x_00007_00001,x_00003_00001,x_00008_00001,x_00004_00001,x_00009_00001,x_00000_00001,x_00005_00001,x_00001_00001,x_00006_00001],0)
sumleq([x_00010_00010,x_00002_00010,x_00007_00010,x_00003_00010,x_00008_00010,x_00004_00010,x_00009_00010,x_00000_00010,x_00005_00010,x_00001_00010,x_00006_00010],0)
sumleq([x_00010_00011,x_00002_00011,x_00007_00011,x_00003_00011,x_00008_00011,x_00004_00011,x_00009_00011,x_00000_00011,x_00005_00011,x_00001_00011,x_00006_00011],0)
sumleq([x_00002_00000,x_00002_00001,x_00002_00002,x_00002_00003,x_00002_00004,x_00002_00005,x_00002_00006,x_00002_00007,x_00002_00008,x_00002_00009,x_00002_00010,x_00002_00011],8)
sumgeq([x_00002_00000,x_00002_00001,x_00002_00002,x_00002_00003,x_00002_00004,x_00002_00005,x_00002_00006,x_00002_00007,x_00002_00008,x_00002_00009,x_00002_00010,x_00002_00011],8)
sumleq([x_00003_00000,x_00003_00001,x_00003_00002,x_00003_00003,x_00003_00004,x_00003_00005,x_00003_00006,x_00003_00007,x_00003_00008,x_00003_00009,x_00003_00010,x_00003_00011],2)
sumgeq([x_00003_00000,x_00003_00001,x_00003_00002,x_00003_00003,x_00003_00004,x_00003_00005,x_00003_00006,x_00003_00007,x_00003_00008,x_00003_00009,x_00003_00010,x_00003_00011],2)
sumleq([x_00004_00000,x_00004_00001,x_00004_00002,x_00004_00003,x_00004_00004,x_00004_00005,x_00004_00006,x_00004_00007,x_00004_00008,x_00004_00009,x_00004_00010,x_00004_00011],6)
sumgeq([x_00004_00000,x_00004_00001,x_00004_00002,x_00004_00003,x_00004_00004,x_00004_00005,x_00004_00006,x_00004_00007,x_00004_00008,x_00004_00009,x_00004_00010,x_00004_00011],6)
sumleq([x_00005_00000,x_00005_00001,x_00005_00002,x_00005_00003,x_00005_00004,x_00005_00005,x_00005_00006,x_00005_00007,x_00005_00008,x_00005_00009,x_00005_00010,x_00005_00011],4)
sumgeq([x_00005_00000,x_00005_00001,x_00005_00002,x_00005_00003,x_00005_00004,x_00005_00005,x_00005_00006,x_00005_00007,x_00005_00008,x_00005_00009,x_00005_00010,x_00005_00011],4)
sumleq([x_00006_00000,x_00006_00001,x_00006_00002,x_00006_00003,x_00006_00004,x_00006_00005,x_00006_00006,x_00006_00007,x_00006_00008,x_00006_00009,x_00006_00010,x_00006_00011],5)
sumgeq([x_00006_00000,x_00006_00001,x_00006_00002,x_00006_00003,x_00006_00004,x_00006_00005,x_00006_00006,x_00006_00007,x_00006_00008,x_00006_00009,x_00006_00010,x_00006_00011],5)
sumleq([x_00007_00000,x_00007_00001,x_00007_00002,x_00007_00003,x_00007_00004,x_00007_00005,x_00007_00006,x_00007_00007,x_00007_00008,x_00007_00009,x_00007_00010,x_00007_00011],3)
sumgeq([x_00007_00000,x_00007_00001,x_00007_00002,x_00007_00003,x_00007_00004,x_00007_00005,x_00007_00006,x_00007_00007,x_00007_00008,x_00007_00009,x_00007_00010,x_00007_00011],3)
sumleq([x_00008_00000,x_00008_00001,x_00008_00002,x_00008_00003,x_00008_00004,x_00008_00005,x_00008_00006,x_00008_00007,x_00008_00008,x_00008_00009,x_00008_00010,x_00008_00011],7)
sumgeq([x_00008_00000,x_00008_00001,x_00008_00002,x_00008_00003,x_00008_00004,x_00008_00005,x_00008_00006,x_00008_00007,x_00008_00008,x_00008_00009,x_00008_00010,x_00008_00011],7)
sumleq([x_00010_00002,x_00002_00002,x_00007_00002,x_00003_00002,x_00008_00002,x_00004_00002,x_00009_00002,x_00000_00002,x_00005_00002,x_00001_00002,x_00006_00002],7)
sumgeq([x_00010_00002,x_00002_00002,x_00007_00002,x_00003_00002,x_00008_00002,x_00004_00002,x_00009_00002,x_00000_00002,x_00005_00002,x_00001_00002,x_00006_00002],7)
sumleq([x_00010_00003,x_00002_00003,x_00007_00003,x_00003_00003,x_00008_00003,x_00004_00003,x_00009_00003,x_00000_00003,x_00005_00003,x_00001_00003,x_00006_00003],1)
sumgeq([x_00010_00003,x_00002_00003,x_00007_00003,x_00003_00003,x_00008_00003,x_00004_00003,x_00009_00003,x_00000_00003,x_00005_00003,x_00001_00003,x_00006_00003],1)
sumleq([x_00010_00004,x_00002_00004,x_00007_00004,x_00003_00004,x_00008_00004,x_00004_00004,x_00009_00004,x_00000_00004,x_00005_00004,x_00001_00004,x_00006_00004],6)
sumgeq([x_00010_00004,x_00002_00004,x_00007_00004,x_00003_00004,x_00008_00004,x_00004_00004,x_00009_00004,x_00000_00004,x_00005_00004,x_00001_00004,x_00006_00004],6)
sumleq([x_00010_00005,x_00002_00005,x_00007_00005,x_00003_00005,x_00008_00005,x_00004_00005,x_00009_00005,x_00000_00005,x_00005_00005,x_00001_00005,x_00006_00005],3)
sumgeq([x_00010_00005,x_00002_00005,x_00007_00005,x_00003_00005,x_00008_00005,x_00004_00005,x_00009_00005,x_00000_00005,x_00005_00005,x_00001_00005,x_00006_00005],3)
sumleq([x_00010_00006,x_00002_00006,x_00007_00006,x_00003_00006,x_00008_00006,x_00004_00006,x_00009_00006,x_00000_00006,x_00005_00006,x_00001_00006,x_00006_00006],4)
sumgeq([x_00010_00006,x_00002_00006,x_00007_00006,x_00003_00006,x_00008_00006,x_00004_00006,x_00009_00006,x_00000_00006,x_00005_00006,x_00001_00006,x_00006_00006],4)
sumleq([x_00010_00007,x_00002_00007,x_00007_00007,x_00003_00007,x_00008_00007,x_00004_00007,x_00009_00007,x_00000_00007,x_00005_00007,x_00001_00007,x_00006_00007],5)
sumgeq([x_00010_00007,x_00002_00007,x_00007_00007,x_00003_00007,x_00008_00007,x_00004_00007,x_00009_00007,x_00000_00007,x_00005_00007,x_00001_00007,x_00006_00007],5)
sumleq([x_00010_00008,x_00002_00008,x_00007_00008,x_00003_00008,x_00008_00008,x_00004_00008,x_00009_00008,x_00000_00008,x_00005_00008,x_00001_00008,x_00006_00008],2)
sumgeq([x_00010_00008,x_00002_00008,x_00007_00008,x_00003_00008,x_00008_00008,x_00004_00008,x_00009_00008,x_00000_00008,x_00005_00008,x_00001_00008,x_00006_00008],2)
sumleq([x_00010_00009,x_00002_00009,x_00007_00009,x_00003_00009,x_00008_00009,x_00004_00009,x_00009_00009,x_00000_00009,x_00005_00009,x_00001_00009,x_00006_00009],7)
sumgeq([x_00010_00009,x_00002_00009,x_00007_00009,x_00003_00009,x_00008_00009,x_00004_00009,x_00009_00009,x_00000_00009,x_00005_00009,x_00001_00009,x_00006_00009],7)
**EOF**
