MINION 3
**VARIABLES**
DISCRETE x #
{-1..15}
**CONSTRAINTS**
w-inset(x,[-1, 15])
**VARIABLES**
**SEARCH**
PRINT[[x]]
VARORDER STATIC [x]
VARORDER AUX []
**CONSTRAINTS**
w-literal(x,15)
ineq(15, x, 0)
**EOF**
