MINION 3

#This file has been automatically generated by TAILOR v0.3.3
#bug-reports: andrea@cs.st-and.ac.uk

**VARIABLES**
DISCRETE magicSquare[4,4] {1..16}

# aliases

**SEARCH**

PRINT [
magicSquare]

VARORDER [
magicSquare]


**CONSTRAINTS**

sumleq([magicSquare[0, 0],magicSquare[1, 1],magicSquare[2, 2],magicSquare[3, 3]], 34)
sumgeq([magicSquare[0, 0],magicSquare[1, 1],magicSquare[2, 2],magicSquare[3, 3]], 34)
sumleq([magicSquare[0, 3],magicSquare[1, 3],magicSquare[2, 3],magicSquare[3, 3]], 34)
sumgeq([magicSquare[0, 3],magicSquare[1, 3],magicSquare[2, 3],magicSquare[3, 3]], 34)
sumleq([magicSquare[0, 2],magicSquare[1, 2],magicSquare[2, 2],magicSquare[3, 2]], 34)
sumgeq([magicSquare[0, 2],magicSquare[1, 2],magicSquare[2, 2],magicSquare[3, 2]], 34)
sumleq([magicSquare[0, 1],magicSquare[1, 1],magicSquare[2, 1],magicSquare[3, 1]], 34)
sumgeq([magicSquare[0, 1],magicSquare[1, 1],magicSquare[2, 1],magicSquare[3, 1]], 34)
sumleq([magicSquare[0, 0],magicSquare[1, 0],magicSquare[2, 0],magicSquare[3, 0]], 34)
sumgeq([magicSquare[0, 0],magicSquare[1, 0],magicSquare[2, 0],magicSquare[3, 0]], 34)
sumleq([magicSquare[3, 0],magicSquare[3, 1],magicSquare[3, 2],magicSquare[3, 3]], 34)
sumgeq([magicSquare[3, 0],magicSquare[3, 1],magicSquare[3, 2],magicSquare[3, 3]], 34)
sumleq([magicSquare[2, 0],magicSquare[2, 1],magicSquare[2, 2],magicSquare[2, 3]], 34)
sumgeq([magicSquare[2, 0],magicSquare[2, 1],magicSquare[2, 2],magicSquare[2, 3]], 34)
sumleq([magicSquare[1, 0],magicSquare[1, 1],magicSquare[1, 2],magicSquare[1, 3]], 34)
sumgeq([magicSquare[1, 0],magicSquare[1, 1],magicSquare[1, 2],magicSquare[1, 3]], 34)
sumleq([magicSquare[0, 0],magicSquare[0, 1],magicSquare[0, 2],magicSquare[0, 3]], 34)
sumgeq([magicSquare[0, 0],magicSquare[0, 1],magicSquare[0, 2],magicSquare[0, 3]], 34)
gacalldiff([magicSquare])

**EOF**
