MINION 3
**VARIABLES**
DISCRETE x_00000 #
{0..199}
DISCRETE x_00001 #
{0..199}
DISCRETE x_00002 #
{0..199}
DISCRETE x_00003 #
{0..199}
DISCRETE x_00004 #
{0..199}
DISCRETE x_00005 #
{0..199}
DISCRETE x_00006 #
{0..199}
DISCRETE x_00007 #
{0..199}
DISCRETE x_00008 #
{0..199}
DISCRETE x_00009 #
{0..199}
DISCRETE x_00010 #
{0..199}
DISCRETE x_00011 #
{0..199}
DISCRETE x_00012 #
{0..199}
DISCRETE x_00013 #
{0..199}
DISCRETE x_00014 #
{0..199}
DISCRETE x_00015 #
{0..199}
DISCRETE x_00016 #
{0..199}
DISCRETE x_00017 #
{0..199}
DISCRETE x_00018 #
{0..199}
DISCRETE x_00019 #
{0..199}
DISCRETE x_00020 #
{0..199}
DISCRETE x_00021 #
{0..199}
DISCRETE x_00022 #
{0..199}
DISCRETE x_00023 #
{0..199}
DISCRETE x_00024 #
{0..199}
DISCRETE x_00025 #
{0..199}
DISCRETE x_00026 #
{0..199}
DISCRETE x_00027 #
{0..199}
DISCRETE x_00028 #
{0..199}
DISCRETE x_00029 #
{0..199}
DISCRETE x_00030 #
{0..199}
DISCRETE x_00031 #
{0..199}
DISCRETE x_00032 #
{0..199}
DISCRETE x_00033 #
{0..199}
DISCRETE x_00034 #
{0..199}
DISCRETE x_00035 #
{0..199}
DISCRETE x_00036 #
{0..199}
DISCRETE x_00037 #
{0..199}
DISCRETE x_00038 #
{0..199}
DISCRETE x_00039 #
{0..199}
DISCRETE x_00040 #
{0..199}
DISCRETE x_00041 #
{0..199}
DISCRETE x_00042 #
{0..199}
DISCRETE x_00043 #
{0..199}
DISCRETE x_00044 #
{0..199}
DISCRETE x_00045 #
{0..199}
DISCRETE x_00046 #
{0..199}
DISCRETE x_00047 #
{0..199}
DISCRETE x_00048 #
{0..199}
DISCRETE x_00049 #
{0..199}
DISCRETE x_00050 #
{0..199}
DISCRETE x_00051 #
{0..199}
DISCRETE x_00052 #
{0..199}
DISCRETE x_00053 #
{0..199}
DISCRETE x_00054 #
{0..199}
DISCRETE x_00055 #
{0..199}
DISCRETE x_00056 #
{0..199}
DISCRETE x_00057 #
{0..199}
DISCRETE x_00058 #
{0..199}
DISCRETE x_00059 #
{0..199}
DISCRETE x_00060 #
{0..199}
DISCRETE x_00061 #
{0..199}
DISCRETE x_00062 #
{0..199}
DISCRETE x_00063 #
{0..199}
DISCRETE x_00064 #
{0..199}
DISCRETE x_00065 #
{0..199}
DISCRETE x_00066 #
{0..199}
DISCRETE x_00067 #
{0..199}
DISCRETE x_00068 #
{0..199}
DISCRETE x_00069 #
{0..199}
DISCRETE x_00070 #
{0..199}
DISCRETE x_00071 #
{0..199}
DISCRETE x_00072 #
{0..199}
DISCRETE x_00073 #
{0..199}
DISCRETE x_00074 #
{0..199}
DISCRETE x_00075 #
{0..199}
DISCRETE x_00076 #
{0..199}
DISCRETE x_00077 #
{0..199}
DISCRETE x_00078 #
{0..199}
DISCRETE x_00079 #
{0..199}
DISCRETE x_00080 #
{0..199}
DISCRETE x_00081 #
{0..199}
DISCRETE x_00082 #
{0..199}
DISCRETE x_00083 #
{0..199}
DISCRETE x_00084 #
{0..199}
DISCRETE x_00085 #
{0..199}
DISCRETE x_00086 #
{0..199}
DISCRETE x_00087 #
{0..199}
DISCRETE x_00088 #
{0..199}
DISCRETE x_00089 #
{0..199}
DISCRETE x_00090 #
{0..199}
DISCRETE x_00091 #
{0..199}
DISCRETE x_00092 #
{0..199}
DISCRETE x_00093 #
{0..199}
DISCRETE x_00094 #
{0..199}
DISCRETE x_00095 #
{0..199}
DISCRETE x_00096 #
{0..199}
DISCRETE x_00097 #
{0..199}
DISCRETE x_00098 #
{0..199}
DISCRETE x_00099 #
{0..199}
DISCRETE x_00100 #
{0..199}
DISCRETE x_00101 #
{0..199}
DISCRETE x_00102 #
{0..199}
DISCRETE x_00103 #
{0..199}
DISCRETE x_00104 #
{0..199}
DISCRETE x_00105 #
{0..199}
DISCRETE x_00106 #
{0..199}
DISCRETE x_00107 #
{0..199}
DISCRETE x_00108 #
{0..199}
DISCRETE x_00109 #
{0..199}
DISCRETE x_00110 #
{0..199}
DISCRETE x_00111 #
{0..199}
DISCRETE x_00112 #
{0..199}
DISCRETE x_00113 #
{0..199}
DISCRETE x_00114 #
{0..199}
DISCRETE x_00115 #
{0..199}
DISCRETE x_00116 #
{0..199}
DISCRETE x_00117 #
{0..199}
DISCRETE x_00118 #
{0..199}
DISCRETE x_00119 #
{0..199}
DISCRETE x_00120 #
{0..199}
DISCRETE x_00121 #
{0..199}
DISCRETE x_00122 #
{0..199}
DISCRETE x_00123 #
{0..199}
DISCRETE x_00124 #
{0..199}
DISCRETE x_00125 #
{0..199}
DISCRETE x_00126 #
{0..199}
DISCRETE x_00127 #
{0..199}
DISCRETE x_00128 #
{0..199}
DISCRETE x_00129 #
{0..199}
DISCRETE x_00130 #
{0..199}
DISCRETE x_00131 #
{0..199}
DISCRETE x_00132 #
{0..199}
DISCRETE x_00133 #
{0..199}
DISCRETE x_00134 #
{0..199}
DISCRETE x_00135 #
{0..199}
DISCRETE x_00136 #
{0..199}
DISCRETE x_00137 #
{0..199}
DISCRETE x_00138 #
{0..199}
DISCRETE x_00139 #
{0..199}
DISCRETE x_00140 #
{0..199}
DISCRETE x_00141 #
{0..199}
DISCRETE x_00142 #
{0..199}
DISCRETE x_00143 #
{0..199}
DISCRETE x_00144 #
{0..199}
DISCRETE x_00145 #
{0..199}
DISCRETE x_00146 #
{0..199}
DISCRETE x_00147 #
{0..199}
DISCRETE x_00148 #
{0..199}
DISCRETE x_00149 #
{0..199}
DISCRETE x_00150 #
{0..199}
DISCRETE x_00151 #
{0..199}
DISCRETE x_00152 #
{0..199}
DISCRETE x_00153 #
{0..199}
DISCRETE x_00154 #
{0..199}
DISCRETE x_00155 #
{0..199}
DISCRETE x_00156 #
{0..199}
DISCRETE x_00157 #
{0..199}
DISCRETE x_00158 #
{0..199}
DISCRETE x_00159 #
{0..199}
DISCRETE x_00160 #
{0..199}
DISCRETE x_00161 #
{0..199}
DISCRETE x_00162 #
{0..199}
DISCRETE x_00163 #
{0..199}
DISCRETE x_00164 #
{0..199}
DISCRETE x_00165 #
{0..199}
DISCRETE x_00166 #
{0..199}
DISCRETE x_00167 #
{0..199}
DISCRETE x_00168 #
{0..199}
DISCRETE x_00169 #
{0..199}
DISCRETE x_00170 #
{0..199}
DISCRETE x_00171 #
{0..199}
DISCRETE x_00172 #
{0..199}
DISCRETE x_00173 #
{0..199}
DISCRETE x_00174 #
{0..199}
DISCRETE x_00175 #
{0..199}
DISCRETE x_00176 #
{0..199}
DISCRETE x_00177 #
{0..199}
DISCRETE x_00178 #
{0..199}
DISCRETE x_00179 #
{0..199}
DISCRETE x_00180 #
{0..199}
DISCRETE x_00181 #
{0..199}
DISCRETE x_00182 #
{0..199}
DISCRETE x_00183 #
{0..199}
DISCRETE x_00184 #
{0..199}
DISCRETE x_00185 #
{0..199}
DISCRETE x_00186 #
{0..199}
DISCRETE x_00187 #
{0..199}
DISCRETE x_00188 #
{0..199}
DISCRETE x_00189 #
{0..199}
DISCRETE x_00190 #
{0..199}
DISCRETE x_00191 #
{0..199}
DISCRETE x_00192 #
{0..199}
DISCRETE x_00193 #
{0..199}
DISCRETE x_00194 #
{0..199}
DISCRETE x_00195 #
{0..199}
DISCRETE x_00196 #
{0..199}
DISCRETE x_00197 #
{0..199}
DISCRETE x_00198 #
{0..199}
DISCRETE x_00199 #
{0..199}
BOUND aux0 #(x_00000 + x_00001 + x_00002 + x_00003 + x_00004 + x_00005 + x_00006 + x_00007 + x_00008 + x_00009 + x_00010 + x_00011 + x_00012 + x_00013 + x_00014 + x_00015 + x_00016 + x_00017 + x_00018 + x_00019 + x_00020 + x_00021 + x_00022 + x_00023 + x_00024 + x_00025 + x_00026 + x_00027 + x_00028 + x_00029 + x_00030 + x_00031 + x_00032 + x_00033 + x_00034 + x_00035 + x_00036 + x_00037 + x_00038 + x_00039 + x_00040 + x_00041 + x_00042 + x_00043 + x_00044 + x_00045 + x_00046 + x_00047 + x_00048 + x_00049 + x_00050 + x_00051 + x_00052 + x_00053 + x_00054 + x_00055 + x_00056 + x_00057 + x_00058 + x_00059 + x_00060 + x_00061 + x_00062 + x_00063 + x_00064 + x_00065 + x_00066 + x_00067 + x_00068 + x_00069 + x_00070 + x_00071 + x_00072 + x_00073 + x_00074 + x_00075 + x_00076 + x_00077 + x_00078 + x_00079 + x_00080 + x_00081 + x_00082 + x_00083 + x_00084 + x_00085 + x_00086 + x_00087 + x_00088 + x_00089 + x_00090 + x_00091 + x_00092 + x_00093 + x_00094 + x_00095 + x_00096 + x_00097 + x_00098 + x_00099 + x_00100 + x_00101 + x_00102 + x_00103 + x_00104 + x_00105 + x_00106 + x_00107 + x_00108 + x_00109 + x_00110 + x_00111 + x_00112 + x_00113 + x_00114 + x_00115 + x_00116 + x_00117 + x_00118 + x_00119 + x_00120 + x_00121 + x_00122 + x_00123 + x_00124 + x_00125 + x_00126 + x_00127 + x_00128 + x_00129 + x_00130 + x_00131 + x_00132 + x_00133 + x_00134 + x_00135 + x_00136 + x_00137 + x_00138 + x_00139 + x_00140 + x_00141 + x_00142 + x_00143 + x_00144 + x_00145 + x_00146 + x_00147 + x_00148 + x_00149 + x_00150 + x_00151 + x_00152 + x_00153 + x_00154 + x_00155 + x_00156 + x_00157 + x_00158 + x_00159 + x_00160 + x_00161 + x_00162 + x_00163 + x_00164 + x_00165 + x_00166 + x_00167 + x_00168 + x_00169 + x_00170 + x_00171 + x_00172 + x_00173 + x_00174 + x_00175 + x_00176 + x_00177 + x_00178 + x_00179 + x_00180 + x_00181 + x_00182 + x_00183 + x_00184 + x_00185 + x_00186 + x_00187 + x_00188 + x_00189 + x_00190 + x_00191 + x_00192 + x_00193 + x_00194 + x_00195 + x_00196 + x_00197 + x_00198 + x_00199)
{0..39800}
**SEARCH**
PRINT[[x_00000],[x_00001],[x_00002],[x_00003],[x_00004],[x_00005],[x_00006],[x_00007],[x_00008],[x_00009],[x_00010],[x_00011],[x_00012],[x_00013],[x_00014],[x_00015],[x_00016],[x_00017],[x_00018],[x_00019],[x_00020],[x_00021],[x_00022],[x_00023],[x_00024],[x_00025],[x_00026],[x_00027],[x_00028],[x_00029],[x_00030],[x_00031],[x_00032],[x_00033],[x_00034],[x_00035],[x_00036],[x_00037],[x_00038],[x_00039],[x_00040],[x_00041],[x_00042],[x_00043],[x_00044],[x_00045],[x_00046],[x_00047],[x_00048],[x_00049],[x_00050],[x_00051],[x_00052],[x_00053],[x_00054],[x_00055],[x_00056],[x_00057],[x_00058],[x_00059],[x_00060],[x_00061],[x_00062],[x_00063],[x_00064],[x_00065],[x_00066],[x_00067],[x_00068],[x_00069],[x_00070],[x_00071],[x_00072],[x_00073],[x_00074],[x_00075],[x_00076],[x_00077],[x_00078],[x_00079],[x_00080],[x_00081],[x_00082],[x_00083],[x_00084],[x_00085],[x_00086],[x_00087],[x_00088],[x_00089],[x_00090],[x_00091],[x_00092],[x_00093],[x_00094],[x_00095],[x_00096],[x_00097],[x_00098],[x_00099],[x_00100],[x_00101],[x_00102],[x_00103],[x_00104],[x_00105],[x_00106],[x_00107],[x_00108],[x_00109],[x_00110],[x_00111],[x_00112],[x_00113],[x_00114],[x_00115],[x_00116],[x_00117],[x_00118],[x_00119],[x_00120],[x_00121],[x_00122],[x_00123],[x_00124],[x_00125],[x_00126],[x_00127],[x_00128],[x_00129],[x_00130],[x_00131],[x_00132],[x_00133],[x_00134],[x_00135],[x_00136],[x_00137],[x_00138],[x_00139],[x_00140],[x_00141],[x_00142],[x_00143],[x_00144],[x_00145],[x_00146],[x_00147],[x_00148],[x_00149],[x_00150],[x_00151],[x_00152],[x_00153],[x_00154],[x_00155],[x_00156],[x_00157],[x_00158],[x_00159],[x_00160],[x_00161],[x_00162],[x_00163],[x_00164],[x_00165],[x_00166],[x_00167],[x_00168],[x_00169],[x_00170],[x_00171],[x_00172],[x_00173],[x_00174],[x_00175],[x_00176],[x_00177],[x_00178],[x_00179],[x_00180],[x_00181],[x_00182],[x_00183],[x_00184],[x_00185],[x_00186],[x_00187],[x_00188],[x_00189],[x_00190],[x_00191],[x_00192],[x_00193],[x_00194],[x_00195],[x_00196],[x_00197],[x_00198],[x_00199]]
VARORDER STATIC [x_00000, x_00001, x_00002, x_00003, x_00004, x_00005, x_00006, x_00007, x_00008, x_00009, x_00010, x_00011, x_00012, x_00013, x_00014, x_00015, x_00016, x_00017, x_00018, x_00019, x_00020, x_00021, x_00022, x_00023, x_00024, x_00025, x_00026, x_00027, x_00028, x_00029, x_00030, x_00031, x_00032, x_00033, x_00034, x_00035, x_00036, x_00037, x_00038, x_00039, x_00040, x_00041, x_00042, x_00043, x_00044, x_00045, x_00046, x_00047, x_00048, x_00049, x_00050, x_00051, x_00052, x_00053, x_00054, x_00055, x_00056, x_00057, x_00058, x_00059, x_00060, x_00061, x_00062, x_00063, x_00064, x_00065, x_00066, x_00067, x_00068, x_00069, x_00070, x_00071, x_00072, x_00073, x_00074, x_00075, x_00076, x_00077, x_00078, x_00079, x_00080, x_00081, x_00082, x_00083, x_00084, x_00085, x_00086, x_00087, x_00088, x_00089, x_00090, x_00091, x_00092, x_00093, x_00094, x_00095, x_00096, x_00097, x_00098, x_00099, x_00100, x_00101, x_00102, x_00103, x_00104, x_00105, x_00106, x_00107, x_00108, x_00109, x_00110, x_00111, x_00112, x_00113, x_00114, x_00115, x_00116, x_00117, x_00118, x_00119, x_00120, x_00121, x_00122, x_00123, x_00124, x_00125, x_00126, x_00127, x_00128, x_00129, x_00130, x_00131, x_00132, x_00133, x_00134, x_00135, x_00136, x_00137, x_00138, x_00139, x_00140, x_00141, x_00142, x_00143, x_00144, x_00145, x_00146, x_00147, x_00148, x_00149, x_00150, x_00151, x_00152, x_00153, x_00154, x_00155, x_00156, x_00157, x_00158, x_00159, x_00160, x_00161, x_00162, x_00163, x_00164, x_00165, x_00166, x_00167, x_00168, x_00169, x_00170, x_00171, x_00172, x_00173, x_00174, x_00175, x_00176, x_00177, x_00178, x_00179, x_00180, x_00181, x_00182, x_00183, x_00184, x_00185, x_00186, x_00187, x_00188, x_00189, x_00190, x_00191, x_00192, x_00193, x_00194, x_00195, x_00196, x_00197, x_00198, x_00199]
VARORDER AUX [x_00000,x_00001,x_00002,x_00003,x_00004,x_00005,x_00006,x_00007,x_00008,x_00009,x_00010,x_00011,x_00012,x_00013,x_00014,x_00015,x_00016,x_00017,x_00018,x_00019,x_00020,x_00021,x_00022,x_00023,x_00024,x_00025,x_00026,x_00027,x_00028,x_00029,x_00030,x_00031,x_00032,x_00033,x_00034,x_00035,x_00036,x_00037,x_00038,x_00039,x_00040,x_00041,x_00042,x_00043,x_00044,x_00045,x_00046,x_00047,x_00048,x_00049,x_00050,x_00051,x_00052,x_00053,x_00054,x_00055,x_00056,x_00057,x_00058,x_00059,x_00060,x_00061,x_00062,x_00063,x_00064,x_00065,x_00066,x_00067,x_00068,x_00069,x_00070,x_00071,x_00072,x_00073,x_00074,x_00075,x_00076,x_00077,x_00078,x_00079,x_00080,x_00081,x_00082,x_00083,x_00084,x_00085,x_00086,x_00087,x_00088,x_00089,x_00090,x_00091,x_00092,x_00093,x_00094,x_00095,x_00096,x_00097,x_00098,x_00099,x_00100,x_00101,x_00102,x_00103,x_00104,x_00105,x_00106,x_00107,x_00108,x_00109,x_00110,x_00111,x_00112,x_00113,x_00114,x_00115,x_00116,x_00117,x_00118,x_00119,x_00120,x_00121,x_00122,x_00123,x_00124,x_00125,x_00126,x_00127,x_00128,x_00129,x_00130,x_00131,x_00132,x_00133,x_00134,x_00135,x_00136,x_00137,x_00138,x_00139,x_00140,x_00141,x_00142,x_00143,x_00144,x_00145,x_00146,x_00147,x_00148,x_00149,x_00150,x_00151,x_00152,x_00153,x_00154,x_00155,x_00156,x_00157,x_00158,x_00159,x_00160,x_00161,x_00162,x_00163,x_00164,x_00165,x_00166,x_00167,x_00168,x_00169,x_00170,x_00171,x_00172,x_00173,x_00174,x_00175,x_00176,x_00177,x_00178,x_00179,x_00180,x_00181,x_00182,x_00183,x_00184,x_00185,x_00186,x_00187,x_00188,x_00189,x_00190,x_00191,x_00192,x_00193,x_00194,x_00195,x_00196,x_00197,x_00198,x_00199,aux0]
**CONSTRAINTS**
gccweak([x_00000, x_00001, x_00002, x_00003, x_00004, x_00005, x_00006, x_00007, x_00008, x_00009, x_00010, x_00011, x_00012, x_00013, x_00014, x_00015, x_00016, x_00017, x_00018, x_00019, x_00020, x_00021, x_00022, x_00023, x_00024, x_00025, x_00026, x_00027, x_00028, x_00029, x_00030, x_00031, x_00032, x_00033, x_00034, x_00035, x_00036, x_00037, x_00038, x_00039, x_00040, x_00041, x_00042, x_00043, x_00044, x_00045, x_00046, x_00047, x_00048, x_00049, x_00050, x_00051, x_00052, x_00053, x_00054, x_00055, x_00056, x_00057, x_00058, x_00059, x_00060, x_00061, x_00062, x_00063, x_00064, x_00065, x_00066, x_00067, x_00068, x_00069, x_00070, x_00071, x_00072, x_00073, x_00074, x_00075, x_00076, x_00077, x_00078, x_00079, x_00080, x_00081, x_00082, x_00083, x_00084, x_00085, x_00086, x_00087, x_00088, x_00089, x_00090, x_00091, x_00092, x_00093, x_00094, x_00095, x_00096, x_00097, x_00098, x_00099, x_00100, x_00101, x_00102, x_00103, x_00104, x_00105, x_00106, x_00107, x_00108, x_00109, x_00110, x_00111, x_00112, x_00113, x_00114, x_00115, x_00116, x_00117, x_00118, x_00119, x_00120, x_00121, x_00122, x_00123, x_00124, x_00125, x_00126, x_00127, x_00128, x_00129, x_00130, x_00131, x_00132, x_00133, x_00134, x_00135, x_00136, x_00137, x_00138, x_00139, x_00140, x_00141, x_00142, x_00143, x_00144, x_00145, x_00146, x_00147, x_00148, x_00149, x_00150, x_00151, x_00152, x_00153, x_00154, x_00155, x_00156, x_00157, x_00158, x_00159, x_00160, x_00161, x_00162, x_00163, x_00164, x_00165, x_00166, x_00167, x_00168, x_00169, x_00170, x_00171, x_00172, x_00173, x_00174, x_00175, x_00176, x_00177, x_00178, x_00179, x_00180, x_00181, x_00182, x_00183, x_00184, x_00185, x_00186, x_00187, x_00188, x_00189, x_00190, x_00191, x_00192, x_00193, x_00194, x_00195, x_00196, x_00197, x_00198, x_00199],[0, 1, 2, 3, 4, 5, 6, 7, 8, 9, 10, 11, 12, 13, 14, 15, 16, 17, 18, 19, 20, 21, 22, 23, 24, 25, 26, 27, 28, 29, 30, 31, 32, 33, 34, 35, 36, 37, 38, 39, 40, 41, 42, 43, 44, 45, 46, 47, 48, 49, 50, 51, 52, 53, 54, 55, 56, 57, 58, 59, 60, 61, 62, 63, 64, 65, 66, 67, 68, 69, 70, 71, 72, 73, 74, 75, 76, 77, 78, 79, 80, 81, 82, 83, 84, 85, 86, 87, 88, 89, 90, 91, 92, 93, 94, 95, 96, 97, 98, 99, 100, 101, 102, 103, 104, 105, 106, 107, 108, 109, 110, 111, 112, 113, 114, 115, 116, 117, 118, 119, 120, 121, 122, 123, 124, 125, 126, 127, 128, 129, 130, 131, 132, 133, 134, 135, 136, 137, 138, 139, 140, 141, 142, 143, 144, 145, 146, 147, 148, 149, 150, 151, 152, 153, 154, 155, 156, 157, 158, 159, 160, 161, 162, 163, 164, 165, 166, 167, 168, 169, 170, 171, 172, 173, 174, 175, 176, 177, 178, 179, 180, 181, 182, 183, 184, 185, 186, 187, 188, 189, 190, 191, 192, 193, 194, 195, 196, 197, 198, 199],[x_00000, x_00001, x_00002, x_00003, x_00004, x_00005, x_00006, x_00007, x_00008, x_00009, x_00010, x_00011, x_00012, x_00013, x_00014, x_00015, x_00016, x_00017, x_00018, x_00019, x_00020, x_00021, x_00022, x_00023, x_00024, x_00025, x_00026, x_00027, x_00028, x_00029, x_00030, x_00031, x_00032, x_00033, x_00034, x_00035, x_00036, x_00037, x_00038, x_00039, x_00040, x_00041, x_00042, x_00043, x_00044, x_00045, x_00046, x_00047, x_00048, x_00049, x_00050, x_00051, x_00052, x_00053, x_00054, x_00055, x_00056, x_00057, x_00058, x_00059, x_00060, x_00061, x_00062, x_00063, x_00064, x_00065, x_00066, x_00067, x_00068, x_00069, x_00070, x_00071, x_00072, x_00073, x_00074, x_00075, x_00076, x_00077, x_00078, x_00079, x_00080, x_00081, x_00082, x_00083, x_00084, x_00085, x_00086, x_00087, x_00088, x_00089, x_00090, x_00091, x_00092, x_00093, x_00094, x_00095, x_00096, x_00097, x_00098, x_00099, x_00100, x_00101, x_00102, x_00103, x_00104, x_00105, x_00106, x_00107, x_00108, x_00109, x_00110, x_00111, x_00112, x_00113, x_00114, x_00115, x_00116, x_00117, x_00118, x_00119, x_00120, x_00121, x_00122, x_00123, x_00124, x_00125, x_00126, x_00127, x_00128, x_00129, x_00130, x_00131, x_00132, x_00133, x_00134, x_00135, x_00136, x_00137, x_00138, x_00139, x_00140, x_00141, x_00142, x_00143, x_00144, x_00145, x_00146, x_00147, x_00148, x_00149, x_00150, x_00151, x_00152, x_00153, x_00154, x_00155, x_00156, x_00157, x_00158, x_00159, x_00160, x_00161, x_00162, x_00163, x_00164, x_00165, x_00166, x_00167, x_00168, x_00169, x_00170, x_00171, x_00172, x_00173, x_00174, x_00175, x_00176, x_00177, x_00178, x_00179, x_00180, x_00181, x_00182, x_00183, x_00184, x_00185, x_00186, x_00187, x_00188, x_00189, x_00190, x_00191, x_00192, x_00193, x_00194, x_00195, x_00196, x_00197, x_00198, x_00199])
eq(aux0,200)
sumleq([x_00000,x_00001,x_00002,x_00003,x_00004,x_00005,x_00006,x_00007,x_00008,x_00009,x_00010,x_00011,x_00012,x_00013,x_00014,x_00015,x_00016,x_00017,x_00018,x_00019,x_00020,x_00021,x_00022,x_00023,x_00024,x_00025,x_00026,x_00027,x_00028,x_00029,x_00030,x_00031,x_00032,x_00033,x_00034,x_00035,x_00036,x_00037,x_00038,x_00039,x_00040,x_00041,x_00042,x_00043,x_00044,x_00045,x_00046,x_00047,x_00048,x_00049,x_00050,x_00051,x_00052,x_00053,x_00054,x_00055,x_00056,x_00057,x_00058,x_00059,x_00060,x_00061,x_00062,x_00063,x_00064,x_00065,x_00066,x_00067,x_00068,x_00069,x_00070,x_00071,x_00072,x_00073,x_00074,x_00075,x_00076,x_00077,x_00078,x_00079,x_00080,x_00081,x_00082,x_00083,x_00084,x_00085,x_00086,x_00087,x_00088,x_00089,x_00090,x_00091,x_00092,x_00093,x_00094,x_00095,x_00096,x_00097,x_00098,x_00099,x_00100,x_00101,x_00102,x_00103,x_00104,x_00105,x_00106,x_00107,x_00108,x_00109,x_00110,x_00111,x_00112,x_00113,x_00114,x_00115,x_00116,x_00117,x_00118,x_00119,x_00120,x_00121,x_00122,x_00123,x_00124,x_00125,x_00126,x_00127,x_00128,x_00129,x_00130,x_00131,x_00132,x_00133,x_00134,x_00135,x_00136,x_00137,x_00138,x_00139,x_00140,x_00141,x_00142,x_00143,x_00144,x_00145,x_00146,x_00147,x_00148,x_00149,x_00150,x_00151,x_00152,x_00153,x_00154,x_00155,x_00156,x_00157,x_00158,x_00159,x_00160,x_00161,x_00162,x_00163,x_00164,x_00165,x_00166,x_00167,x_00168,x_00169,x_00170,x_00171,x_00172,x_00173,x_00174,x_00175,x_00176,x_00177,x_00178,x_00179,x_00180,x_00181,x_00182,x_00183,x_00184,x_00185,x_00186,x_00187,x_00188,x_00189,x_00190,x_00191,x_00192,x_00193,x_00194,x_00195,x_00196,x_00197,x_00198,x_00199],aux0)
sumgeq([x_00000,x_00001,x_00002,x_00003,x_00004,x_00005,x_00006,x_00007,x_00008,x_00009,x_00010,x_00011,x_00012,x_00013,x_00014,x_00015,x_00016,x_00017,x_00018,x_00019,x_00020,x_00021,x_00022,x_00023,x_00024,x_00025,x_00026,x_00027,x_00028,x_00029,x_00030,x_00031,x_00032,x_00033,x_00034,x_00035,x_00036,x_00037,x_00038,x_00039,x_00040,x_00041,x_00042,x_00043,x_00044,x_00045,x_00046,x_00047,x_00048,x_00049,x_00050,x_00051,x_00052,x_00053,x_00054,x_00055,x_00056,x_00057,x_00058,x_00059,x_00060,x_00061,x_00062,x_00063,x_00064,x_00065,x_00066,x_00067,x_00068,x_00069,x_00070,x_00071,x_00072,x_00073,x_00074,x_00075,x_00076,x_00077,x_00078,x_00079,x_00080,x_00081,x_00082,x_00083,x_00084,x_00085,x_00086,x_00087,x_00088,x_00089,x_00090,x_00091,x_00092,x_00093,x_00094,x_00095,x_00096,x_00097,x_00098,x_00099,x_00100,x_00101,x_00102,x_00103,x_00104,x_00105,x_00106,x_00107,x_00108,x_00109,x_00110,x_00111,x_00112,x_00113,x_00114,x_00115,x_00116,x_00117,x_00118,x_00119,x_00120,x_00121,x_00122,x_00123,x_00124,x_00125,x_00126,x_00127,x_00128,x_00129,x_00130,x_00131,x_00132,x_00133,x_00134,x_00135,x_00136,x_00137,x_00138,x_00139,x_00140,x_00141,x_00142,x_00143,x_00144,x_00145,x_00146,x_00147,x_00148,x_00149,x_00150,x_00151,x_00152,x_00153,x_00154,x_00155,x_00156,x_00157,x_00158,x_00159,x_00160,x_00161,x_00162,x_00163,x_00164,x_00165,x_00166,x_00167,x_00168,x_00169,x_00170,x_00171,x_00172,x_00173,x_00174,x_00175,x_00176,x_00177,x_00178,x_00179,x_00180,x_00181,x_00182,x_00183,x_00184,x_00185,x_00186,x_00187,x_00188,x_00189,x_00190,x_00191,x_00192,x_00193,x_00194,x_00195,x_00196,x_00197,x_00198,x_00199],aux0)
**EOF**
