MINION 3
**VARIABLES**
DISCRETE x #
{0..9}
**SEARCH**
PRINT[[x]]
VARORDER STATIC [x]
VARORDER AUX []
**CONSTRAINTS**
w-literal(x,1)**EOF**
