MINION 3
**VARIABLES**
DISCRETE Roster_00000_00000 #
{0..3}
DISCRETE Roster_00000_00001 #
{0..3}
DISCRETE Roster_00000_00002 #
{0..3}
DISCRETE Roster_00000_00003 #
{0..3}
DISCRETE Roster_00001_00000 #
{0..3}
DISCRETE Roster_00001_00001 #
{0..3}
DISCRETE Roster_00001_00002 #
{0..3}
DISCRETE Roster_00001_00003 #
{0..3}
DISCRETE Roster_00002_00000 #
{0..3}
DISCRETE Roster_00002_00001 #
{0..3}
DISCRETE Roster_00002_00002 #
{0..3}
DISCRETE Roster_00002_00003 #
{0..3}
DISCRETE Roster_00003_00000 #
{0..3}
DISCRETE Roster_00003_00001 #
{0..3}
DISCRETE Roster_00003_00002 #
{0..3}
DISCRETE Roster_00003_00003 #
{0..3}
DISCRETE Roster_00004_00000 #
{0..3}
DISCRETE Roster_00004_00001 #
{0..3}
DISCRETE Roster_00004_00002 #
{0..3}
DISCRETE Roster_00004_00003 #
{0..3}
DISCRETE Roster_00005_00000 #
{0..3}
DISCRETE Roster_00005_00001 #
{0..3}
DISCRETE Roster_00005_00002 #
{0..3}
DISCRETE Roster_00005_00003 #
{0..3}
DISCRETE Roster_00006_00000 #
{0..3}
DISCRETE Roster_00006_00001 #
{0..3}
DISCRETE Roster_00006_00002 #
{0..3}
DISCRETE Roster_00006_00003 #
{0..3}
BOOL aux0 #CSE: 3 occurrences of: (Roster[1, 3]=3)
BOOL aux1 #CSE: 2 occurrences of: (Roster[1, 3]=1)
BOOL aux2 #CSE: 6 occurrences of: (Roster[0, 0]=2)
BOOL aux3 #CSE: 4 occurrences of: (Roster[4, 1]=0)
BOOL aux4 #CSE: 6 occurrences of: (Roster[5, 3]=2)
BOOL aux5 #CSE: 3 occurrences of: (Roster[6, 2]=3)
BOOL aux6 #CSE: 3 occurrences of: (Roster[1, 1]=3)
BOOL aux7 #CSE: 4 occurrences of: (Roster[0, 3]=0)
BOOL aux8 #CSE: 3 occurrences of: (Roster[2, 1]=3)
BOOL aux9 #CSE: 4 occurrences of: (Roster[2, 3]=0)
BOOL aux10 #CSE: 3 occurrences of: (Roster[6, 3]=0)
BOOL aux11 #CSE: 6 occurrences of: (Roster[1, 3]=2)
BOOL aux12 #CSE: 3 occurrences of: (Roster[1, 3]=0)
BOOL aux13 #CSE: 4 occurrences of: (Roster[4, 3]=0)
BOOL aux14 #CSE: 6 occurrences of: (Roster[1, 1]=2)
BOOL aux15 #CSE: 3 occurrences of: (Roster[5, 3]=3)
BOOL aux16 #CSE: 3 occurrences of: (Roster[6, 1]=3)
BOOL aux17 #CSE: 2 occurrences of: (Roster[6, 3]=1)
BOOL aux18 #CSE: 6 occurrences of: (Roster[5, 0]=2)
BOOL aux19 #CSE: 2 occurrences of: (Roster[2, 3]=1)
BOOL aux20 #CSE: 3 occurrences of: (Roster[1, 0]=0)
BOOL aux21 #CSE: 3 occurrences of: (Roster[1, 2]=0)
BOOL aux22 #CSE: 6 occurrences of: (Roster[2, 3]=2)
BOOL aux23 #CSE: 3 occurrences of: (Roster[0, 0]=3)
BOOL aux24 #CSE: 5 occurrences of: (Roster[6, 3]=2)
BOOL aux25 #CSE: 3 occurrences of: (Roster[5, 0]=3)
BOOL aux26 #CSE: 4 occurrences of: (Roster[0, 2]=0)
BOOL aux27 #CSE: 2 occurrences of: (Roster[1, 0]=1)
BOOL aux28 #CSE: 2 occurrences of: (Roster[1, 2]=1)
BOOL aux29 #CSE: 3 occurrences of: (Roster[3, 3]=3)
BOOL aux30 #CSE: 3 occurrences of: (Roster[6, 3]=3)
BOOL aux31 #CSE: 3 occurrences of: (Roster[4, 3]=3)
BOOL aux32 #CSE: 2 occurrences of: (Roster[6, 1]=1)
BOOL aux33 #CSE: 6 occurrences of: (Roster[1, 2]=2)
BOOL aux34 #CSE: 6 occurrences of: (Roster[1, 0]=2)
BOOL aux35 #CSE: 5 occurrences of: (Roster[3, 0]=2)
BOOL aux36 #CSE: 3 occurrences of: (Roster[4, 2]=3)
BOOL aux37 #CSE: 3 occurrences of: (Roster[4, 1]=3)
BOOL aux38 #CSE: 5 occurrences of: (Roster[3, 3]=2)
BOOL aux39 #CSE: 5 occurrences of: (Roster[6, 1]=2)
BOOL aux40 #CSE: 3 occurrences of: (Roster[3, 0]=3)
BOOL aux41 #CSE: 3 occurrences of: (Roster[1, 2]=3)
BOOL aux42 #CSE: 3 occurrences of: (Roster[1, 0]=3)
BOOL aux43 #CSE: 6 occurrences of: (Roster[0, 2]=2)
BOOL aux44 #CSE: 3 occurrences of: (Roster[6, 0]=3)
BOOL aux45 #CSE: 4 occurrences of: (Roster[5, 3]=0)
BOOL aux46 #CSE: 6 occurrences of: (Roster[4, 2]=2)
BOOL aux47 #CSE: 2 occurrences of: (Roster[3, 3]=1)
BOOL aux48 #CSE: 4 occurrences of: (Roster[0, 0]=0)
BOOL aux49 #CSE: 6 occurrences of: (Roster[4, 1]=2)
BOOL aux50 #CSE: 2 occurrences of: (Roster[5, 2]=1)
BOOL aux51 #CSE: 3 occurrences of: (Roster[0, 2]=3)
BOOL aux52 #CSE: 4 occurrences of: (Roster[0, 1]=0)
BOOL aux53 #CSE: 4 occurrences of: (Roster[3, 0]=0)
BOOL aux54 #CSE: 2 occurrences of: (Roster[5, 3]=1)
BOOL aux55 #CSE: 4 occurrences of: (Roster[3, 3]=0)
BOOL aux56 #CSE: 3 occurrences of: (Roster[6, 1]=0)
BOOL aux57 #CSE: 6 occurrences of: (Roster[4, 3]=2)
BOOL aux58 #CSE: 4 occurrences of: (Roster[5, 2]=0)
BOOL aux59 #CSE: 2 occurrences of: (Roster[3, 0]=1)
BOOL aux60 #CSE: 6 occurrences of: (Roster[4, 0]=2)
BOOL aux61 #CSE: 6 occurrences of: (Roster[5, 1]=2)
BOOL aux62 #CSE: 4 occurrences of: (Roster[4, 0]=0)
BOOL aux63 #CSE: 2 occurrences of: (Roster[2, 0]=1)
BOOL aux64 #CSE: 3 occurrences of: (Roster[0, 1]=3)
BOOL aux65 #CSE: 4 occurrences of: (Roster[4, 2]=0)
BOOL aux66 #CSE: 3 occurrences of: (Roster[6, 0]=0)
BOOL aux67 #CSE: 3 occurrences of: (Roster[5, 1]=3)
BOOL aux68 #CSE: 6 occurrences of: (Roster[2, 0]=2)
BOOL aux69 #CSE: 4 occurrences of: (Roster[2, 2]=0)
BOOL aux70 #CSE: 6 occurrences of: (Roster[5, 2]=2)
BOOL aux71 #CSE: 2 occurrences of: (Roster[6, 0]=1)
BOOL aux72 #CSE: 2 occurrences of: (Roster[2, 2]=1)
BOOL aux73 #CSE: 3 occurrences of: (Roster[4, 0]=3)
BOOL aux74 #CSE: 5 occurrences of: (Roster[6, 0]=2)
BOOL aux75 #CSE: 4 occurrences of: (Roster[2, 0]=0)
BOOL aux76 #CSE: 3 occurrences of: (Roster[5, 2]=3)
BOOL aux77 #CSE: 6 occurrences of: (Roster[0, 1]=2)
BOOL aux78 #CSE: 6 occurrences of: (Roster[2, 2]=2)
BOOL aux79 #CSE: 2 occurrences of: (Roster[3, 1]=1)
BOOL aux80 #CSE: 4 occurrences of: (Roster[2, 1]=0)
BOOL aux81 #CSE: 3 occurrences of: (Roster[2, 2]=3)
BOOL aux82 #CSE: 4 occurrences of: (Roster[5, 0]=0)
BOOL aux83 #CSE: 4 occurrences of: (Roster[3, 2]=0)
BOOL aux84 #CSE: 3 occurrences of: (Roster[2, 3]=3)
BOOL aux85 #CSE: 4 occurrences of: (Roster[3, 1]=0)
BOOL aux86 #CSE: 3 occurrences of: (Roster[0, 3]=3)
BOOL aux87 #CSE: 3 occurrences of: (Roster[6, 2]=0)
BOOL aux88 #CSE: 2 occurrences of: (Roster[5, 0]=1)
BOOL aux89 #CSE: 2 occurrences of: (Roster[3, 2]=1)
BOOL aux90 #CSE: 3 occurrences of: (Roster[2, 0]=3)
BOOL aux91 #CSE: 4 occurrences of: (Roster[5, 1]=0)
BOOL aux92 #CSE: 3 occurrences of: (Roster[3, 1]=3)
BOOL aux93 #CSE: 6 occurrences of: (Roster[2, 1]=2)
BOOL aux94 #CSE: 6 occurrences of: (Roster[0, 3]=2)
BOOL aux95 #CSE: 2 occurrences of: (Roster[1, 1]=1)
BOOL aux96 #CSE: 5 occurrences of: (Roster[3, 2]=2)
BOOL aux97 #CSE: 2 occurrences of: (Roster[6, 2]=1)
BOOL aux98 #CSE: 2 occurrences of: (Roster[5, 1]=1)
BOOL aux99 #CSE: 5 occurrences of: (Roster[3, 1]=2)
BOOL aux100 #CSE: 2 occurrences of: (Roster[2, 1]=1)
BOOL aux101 #CSE: 5 occurrences of: (Roster[6, 2]=2)
BOOL aux102 #CSE: 3 occurrences of: (Roster[1, 1]=0)
BOOL aux103 #CSE: 3 occurrences of: (Roster[3, 2]=3)
BOOL aux104 #(aux34 \/ aux42)
BOOL aux105 #(aux68 \/ aux90)
BOOL aux106 #(aux35 \/ aux40)
BOOL aux107 #(aux73 \/ aux60)
BOOL aux108 #(aux18 \/ aux25)
BOOL aux109 #(aux74 \/ aux44)
BOOL aux110 #(aux23 \/ aux2)
BOOL aux111 #(aux6 \/ aux14)
BOOL aux112 #(aux8 \/ aux93)
BOOL aux113 #(aux99 \/ aux92)
BOOL aux114 #(aux49 \/ aux37)
BOOL aux115 #(aux67 \/ aux61)
BOOL aux116 #(aux16 \/ aux39)
BOOL aux117 #(aux77 \/ aux64)
BOOL aux118 #(aux33 \/ aux41)
BOOL aux119 #(aux78 \/ aux81)
BOOL aux120 #(aux96 \/ aux103)
BOOL aux121 #(aux36 \/ aux46)
BOOL aux122 #(aux76 \/ aux70)
BOOL aux123 #(aux5 \/ aux101)
BOOL aux124 #(aux43 \/ aux51)
BOOL aux125 #(aux11 \/ aux0)
BOOL aux126 #(aux84 \/ aux22)
BOOL aux127 #(aux29 \/ aux38)
BOOL aux128 #(aux57 \/ aux31)
BOOL aux129 #(aux4 \/ aux15)
BOOL aux130 #(aux24 \/ aux30)
BOOL aux131 #(aux86 \/ aux94)
BOOL aux132 #(Roster[0, 0]=1)
BOOL aux133 #(Roster[0, 1]=1)
BOOL aux134 #(Roster[0, 2]=1)
BOOL aux135 #(Roster[0, 3]=1)
BOOL aux136 #(Roster[4, 0]=1)
BOOL aux137 #(Roster[4, 1]=1)
BOOL aux138 #(Roster[4, 2]=1)
BOOL aux139 #(Roster[4, 3]=1)
**TUPLELIST**
Demand 7 4
1 0 1 0 
0 2 1 0 
1 2 1 0 
1 1 0 0 
2 0 1 0 
1 1 1 0 
0 2 0 0 
**VARIABLES**
ALIAS Demand[7,4]=[[1, 0, 1, 0], [0, 2, 1, 0], [1, 2, 1, 0], [1, 1, 0, 0], [2, 0, 1, 0], [1, 1, 1, 0], [0, 2, 0, 0]]
**SEARCH**
PRINT[[Roster_00000_00000],[Roster_00000_00001],[Roster_00000_00002],[Roster_00000_00003],[Roster_00001_00000],[Roster_00001_00001],[Roster_00001_00002],[Roster_00001_00003],[Roster_00002_00000],[Roster_00002_00001],[Roster_00002_00002],[Roster_00002_00003],[Roster_00003_00000],[Roster_00003_00001],[Roster_00003_00002],[Roster_00003_00003],[Roster_00004_00000],[Roster_00004_00001],[Roster_00004_00002],[Roster_00004_00003],[Roster_00005_00000],[Roster_00005_00001],[Roster_00005_00002],[Roster_00005_00003],[Roster_00006_00000],[Roster_00006_00001],[Roster_00006_00002],[Roster_00006_00003]]
VARORDER STATIC [Roster_00000_00000,Roster_00000_00001,Roster_00000_00002,Roster_00000_00003,Roster_00001_00000,Roster_00001_00001,Roster_00001_00002,Roster_00001_00003,Roster_00002_00000,Roster_00002_00001,Roster_00002_00002,Roster_00002_00003,Roster_00003_00000,Roster_00003_00001,Roster_00003_00002,Roster_00003_00003,Roster_00004_00000,Roster_00004_00001,Roster_00004_00002,Roster_00004_00003,Roster_00005_00000,Roster_00005_00001,Roster_00005_00002,Roster_00005_00003,Roster_00006_00000,Roster_00006_00001,Roster_00006_00002,Roster_00006_00003]
VARORDER AUX [aux0,aux1,aux2,aux3,aux4,aux5,aux6,aux7,aux8,aux9,aux10,aux11,aux12,aux13,aux14,aux15,aux16,aux17,aux18,aux19,aux20,aux21,aux22,aux23,aux24,aux25,aux26,aux27,aux28,aux29,aux30,aux31,aux32,aux33,aux34,aux35,aux36,aux37,aux38,aux39,aux40,aux41,aux42,aux43,aux44,aux45,aux46,aux47,aux48,aux49,aux50,aux51,aux52,aux53,aux54,aux55,aux56,aux57,aux58,aux59,aux60,aux61,aux62,aux63,aux64,aux65,aux66,aux67,aux68,aux69,aux70,aux71,aux72,aux73,aux74,aux75,aux76,aux77,aux78,aux79,aux80,aux81,aux82,aux83,aux84,aux85,aux86,aux87,aux88,aux89,aux90,aux91,aux92,aux93,aux94,aux95,aux96,aux97,aux98,aux99,aux100,aux101,aux102,aux103,aux104,aux105,aux106,aux107,aux108,aux109,aux110,aux111,aux112,aux113,aux114,aux115,aux116,aux117,aux118,aux119,aux120,aux121,aux122,aux123,aux124,aux125,aux126,aux127,aux128,aux129,aux130,aux131,aux132,aux133,aux134,aux135,aux136,aux137,aux138,aux139]
**CONSTRAINTS**
reify(watched-or({w-literal(aux34,1),w-literal(aux42,1)}), aux104)
reify(watched-or({w-literal(aux68,1),w-literal(aux90,1)}), aux105)
reify(watched-or({w-literal(aux35,1),w-literal(aux40,1)}), aux106)
reify(watched-or({w-literal(aux73,1),w-literal(aux60,1)}), aux107)
reify(watched-or({w-literal(aux18,1),w-literal(aux25,1)}), aux108)
reify(watched-or({w-literal(aux74,1),w-literal(aux44,1)}), aux109)
reify(watched-or({w-literal(aux23,1),w-literal(aux2,1)}), aux110)
reify(watched-or({w-literal(aux6,1),w-literal(aux14,1)}), aux111)
reify(watched-or({w-literal(aux8,1),w-literal(aux93,1)}), aux112)
reify(watched-or({w-literal(aux99,1),w-literal(aux92,1)}), aux113)
reify(watched-or({w-literal(aux49,1),w-literal(aux37,1)}), aux114)
reify(watched-or({w-literal(aux67,1),w-literal(aux61,1)}), aux115)
reify(watched-or({w-literal(aux16,1),w-literal(aux39,1)}), aux116)
reify(watched-or({w-literal(aux77,1),w-literal(aux64,1)}), aux117)
reify(watched-or({w-literal(aux33,1),w-literal(aux41,1)}), aux118)
reify(watched-or({w-literal(aux78,1),w-literal(aux81,1)}), aux119)
reify(watched-or({w-literal(aux96,1),w-literal(aux103,1)}), aux120)
reify(watched-or({w-literal(aux36,1),w-literal(aux46,1)}), aux121)
reify(watched-or({w-literal(aux76,1),w-literal(aux70,1)}), aux122)
reify(watched-or({w-literal(aux5,1),w-literal(aux101,1)}), aux123)
reify(watched-or({w-literal(aux43,1),w-literal(aux51,1)}), aux124)
reify(watched-or({w-literal(aux11,1),w-literal(aux0,1)}), aux125)
reify(watched-or({w-literal(aux84,1),w-literal(aux22,1)}), aux126)
reify(watched-or({w-literal(aux29,1),w-literal(aux38,1)}), aux127)
reify(watched-or({w-literal(aux57,1),w-literal(aux31,1)}), aux128)
reify(watched-or({w-literal(aux4,1),w-literal(aux15,1)}), aux129)
reify(watched-or({w-literal(aux24,1),w-literal(aux30,1)}), aux130)
reify(watched-or({w-literal(aux86,1),w-literal(aux94,1)}), aux131)
reify(w-literal(Roster_00000_00000,1), aux132)
reify(w-literal(Roster_00000_00001,1), aux133)
reify(w-literal(Roster_00000_00002,1), aux134)
reify(w-literal(Roster_00000_00003,1), aux135)
reify(w-literal(Roster_00004_00000,1), aux136)
reify(w-literal(Roster_00004_00001,1), aux137)
reify(w-literal(Roster_00004_00002,1), aux138)
reify(w-literal(Roster_00004_00003,1), aux139)
reify(w-literal(Roster_00001_00003,3), aux0)
reify(w-literal(Roster_00001_00003,1), aux1)
reify(w-literal(Roster_00000_00000,2), aux2)
reify(w-literal(Roster_00004_00001,0), aux3)
reify(w-literal(Roster_00005_00003,2), aux4)
reify(w-literal(Roster_00006_00002,3), aux5)
reify(w-literal(Roster_00001_00001,3), aux6)
reify(w-literal(Roster_00000_00003,0), aux7)
reify(w-literal(Roster_00002_00001,3), aux8)
reify(w-literal(Roster_00002_00003,0), aux9)
reify(w-literal(Roster_00006_00003,0), aux10)
reify(w-literal(Roster_00001_00003,2), aux11)
reify(w-literal(Roster_00001_00003,0), aux12)
reify(w-literal(Roster_00004_00003,0), aux13)
reify(w-literal(Roster_00001_00001,2), aux14)
reify(w-literal(Roster_00005_00003,3), aux15)
reify(w-literal(Roster_00006_00001,3), aux16)
reify(w-literal(Roster_00006_00003,1), aux17)
reify(w-literal(Roster_00005_00000,2), aux18)
reify(w-literal(Roster_00002_00003,1), aux19)
reify(w-literal(Roster_00001_00000,0), aux20)
reify(w-literal(Roster_00001_00002,0), aux21)
reify(w-literal(Roster_00002_00003,2), aux22)
reify(w-literal(Roster_00000_00000,3), aux23)
reify(w-literal(Roster_00006_00003,2), aux24)
reify(w-literal(Roster_00005_00000,3), aux25)
reify(w-literal(Roster_00000_00002,0), aux26)
reify(w-literal(Roster_00001_00000,1), aux27)
reify(w-literal(Roster_00001_00002,1), aux28)
reify(w-literal(Roster_00003_00003,3), aux29)
reify(w-literal(Roster_00006_00003,3), aux30)
reify(w-literal(Roster_00004_00003,3), aux31)
reify(w-literal(Roster_00006_00001,1), aux32)
reify(w-literal(Roster_00001_00002,2), aux33)
reify(w-literal(Roster_00001_00000,2), aux34)
reify(w-literal(Roster_00003_00000,2), aux35)
reify(w-literal(Roster_00004_00002,3), aux36)
reify(w-literal(Roster_00004_00001,3), aux37)
reify(w-literal(Roster_00003_00003,2), aux38)
reify(w-literal(Roster_00006_00001,2), aux39)
reify(w-literal(Roster_00003_00000,3), aux40)
reify(w-literal(Roster_00001_00002,3), aux41)
reify(w-literal(Roster_00001_00000,3), aux42)
reify(w-literal(Roster_00000_00002,2), aux43)
reify(w-literal(Roster_00006_00000,3), aux44)
reify(w-literal(Roster_00005_00003,0), aux45)
reify(w-literal(Roster_00004_00002,2), aux46)
reify(w-literal(Roster_00003_00003,1), aux47)
reify(w-literal(Roster_00000_00000,0), aux48)
reify(w-literal(Roster_00004_00001,2), aux49)
reify(w-literal(Roster_00005_00002,1), aux50)
reify(w-literal(Roster_00000_00002,3), aux51)
reify(w-literal(Roster_00000_00001,0), aux52)
reify(w-literal(Roster_00003_00000,0), aux53)
reify(w-literal(Roster_00005_00003,1), aux54)
reify(w-literal(Roster_00003_00003,0), aux55)
reify(w-literal(Roster_00006_00001,0), aux56)
reify(w-literal(Roster_00004_00003,2), aux57)
reify(w-literal(Roster_00005_00002,0), aux58)
reify(w-literal(Roster_00003_00000,1), aux59)
reify(w-literal(Roster_00004_00000,2), aux60)
reify(w-literal(Roster_00005_00001,2), aux61)
reify(w-literal(Roster_00004_00000,0), aux62)
reify(w-literal(Roster_00002_00000,1), aux63)
reify(w-literal(Roster_00000_00001,3), aux64)
reify(w-literal(Roster_00004_00002,0), aux65)
reify(w-literal(Roster_00006_00000,0), aux66)
reify(w-literal(Roster_00005_00001,3), aux67)
reify(w-literal(Roster_00002_00000,2), aux68)
reify(w-literal(Roster_00002_00002,0), aux69)
reify(w-literal(Roster_00005_00002,2), aux70)
reify(w-literal(Roster_00006_00000,1), aux71)
reify(w-literal(Roster_00002_00002,1), aux72)
reify(w-literal(Roster_00004_00000,3), aux73)
reify(w-literal(Roster_00006_00000,2), aux74)
reify(w-literal(Roster_00002_00000,0), aux75)
reify(w-literal(Roster_00005_00002,3), aux76)
reify(w-literal(Roster_00000_00001,2), aux77)
reify(w-literal(Roster_00002_00002,2), aux78)
reify(w-literal(Roster_00003_00001,1), aux79)
reify(w-literal(Roster_00002_00001,0), aux80)
reify(w-literal(Roster_00002_00002,3), aux81)
reify(w-literal(Roster_00005_00000,0), aux82)
reify(w-literal(Roster_00003_00002,0), aux83)
reify(w-literal(Roster_00002_00003,3), aux84)
reify(w-literal(Roster_00003_00001,0), aux85)
reify(w-literal(Roster_00000_00003,3), aux86)
reify(w-literal(Roster_00006_00002,0), aux87)
reify(w-literal(Roster_00005_00000,1), aux88)
reify(w-literal(Roster_00003_00002,1), aux89)
reify(w-literal(Roster_00002_00000,3), aux90)
reify(w-literal(Roster_00005_00001,0), aux91)
reify(w-literal(Roster_00003_00001,3), aux92)
reify(w-literal(Roster_00002_00001,2), aux93)
reify(w-literal(Roster_00000_00003,2), aux94)
reify(w-literal(Roster_00001_00001,1), aux95)
reify(w-literal(Roster_00003_00002,2), aux96)
reify(w-literal(Roster_00006_00002,1), aux97)
reify(w-literal(Roster_00005_00001,1), aux98)
reify(w-literal(Roster_00003_00001,2), aux99)
reify(w-literal(Roster_00002_00001,1), aux100)
reify(w-literal(Roster_00006_00002,2), aux101)
reify(w-literal(Roster_00001_00001,0), aux102)
reify(w-literal(Roster_00003_00002,3), aux103)
weightedsumleq([1,1,-1,1,1,-1,-1,1,-1,-1,1,1,-1,-1],[aux2,aux18,aux20,aux34,aux35,aux48,aux53,aux60,aux62,aux66,aux68,aux74,aux75,aux82],0)
weightedsumleq([-1,-1,1,1,1,-1,-1,1,1,-1,-1,-1,1,1],[aux102,aux3,aux14,aux39,aux49,aux52,aux56,aux61,aux77,aux80,aux85,aux91,aux93,aux99],0)
weightedsumleq([1,-1,-1,1,1,1,-1,-1,-1,1,1,-1,-1,1],[aux101,aux21,aux26,aux33,aux43,aux46,aux58,aux65,aux69,aux70,aux78,aux83,aux87,aux96],0)
weightedsumleq([1,-1,-1,-1,1,-1,-1,1,1,1,-1,-1,1,1],[aux4,aux7,aux9,aux10,aux11,aux12,aux13,aux22,aux24,aux38,aux45,aux55,aux57,aux94],0)
ineq(aux2, aux104, 0)
ineq(aux34, aux105, 0)
ineq(aux68, aux106, 0)
ineq(aux35, aux107, 0)
ineq(aux60, aux108, 0)
ineq(aux18, aux109, 0)
ineq(aux74, aux110, 0)
ineq(aux77, aux111, 0)
ineq(aux14, aux112, 0)
ineq(aux93, aux113, 0)
ineq(aux99, aux114, 0)
ineq(aux49, aux115, 0)
ineq(aux61, aux116, 0)
ineq(aux39, aux117, 0)
ineq(aux43, aux118, 0)
ineq(aux33, aux119, 0)
ineq(aux78, aux120, 0)
ineq(aux96, aux121, 0)
ineq(aux46, aux122, 0)
ineq(aux70, aux123, 0)
ineq(aux101, aux124, 0)
ineq(aux94, aux125, 0)
ineq(aux11, aux126, 0)
ineq(aux22, aux127, 0)
ineq(aux38, aux128, 0)
ineq(aux57, aux129, 0)
ineq(aux4, aux130, 0)
ineq(aux24, aux131, 0)
sumleq([1,aux7,aux26,aux48,aux52],2)
sumleq([aux132,aux133,aux134,aux135,1],2)
sumleq([1,aux2,aux43,aux77,aux94],2)
sumleq([1,aux23,aux51,aux64,aux86],2)
sumleq([aux102,1,aux12,aux20,aux21],2)
sumleq([1,aux1,aux27,aux28,aux95],2)
sumleq([1,aux11,aux14,aux33,aux34],2)
sumleq([1,aux0,aux6,aux41,aux42],2)
sumleq([1,aux9,aux69,aux75,aux80],2)
sumleq([aux100,1,aux19,aux63,aux72],2)
sumleq([1,aux22,aux68,aux78,aux93],2)
sumleq([1,aux8,aux81,aux84,aux90],2)
sumleq([1,aux53,aux55,aux83,aux85],2)
sumleq([1,aux47,aux59,aux79,aux89],2)
sumleq([1,aux35,aux38,aux96,aux99],2)
sumleq([aux103,1,aux29,aux40,aux92],2)
sumleq([1,aux3,aux13,aux62,aux65],2)
sumleq([aux136,aux137,aux138,aux139,1],2)
sumleq([1,aux46,aux49,aux57,aux60],2)
sumleq([1,aux31,aux36,aux37,aux73],2)
sumleq([1,aux45,aux58,aux82,aux91],2)
sumleq([1,aux50,aux54,aux88,aux98],2)
sumleq([1,aux4,aux18,aux61,aux70],2)
sumleq([1,aux15,aux25,aux67,aux76],2)
sumleq([1,aux10,aux56,aux66,aux87],2)
sumleq([1,aux17,aux32,aux71,aux97],2)
sumleq([aux101,1,aux24,aux39,aux74],2)
sumleq([1,aux5,aux16,aux30,aux44],2)
sumleq([aux20,aux48,aux53,aux62,aux66,aux75,aux82],4)
sumleq([aux102,aux3,aux52,aux56,aux80,aux85,aux91],4)
sumleq([aux21,aux26,aux58,aux65,aux69,aux83,aux87],4)
sumleq([aux7,aux9,aux10,aux12,aux13,aux45,aux55],4)
watched-or({w-literal(aux68,1),w-literal(aux74,1),w-literal(aux60,1),w-literal(aux18,1),w-literal(aux34,1),w-literal(aux35,1),w-literal(aux2,1)})
watched-or({w-literal(aux77,1),w-literal(aux49,1),w-literal(aux99,1),w-literal(aux39,1),w-literal(aux61,1),w-literal(aux14,1),w-literal(aux93,1)})
watched-or({w-literal(aux78,1),w-literal(aux96,1),w-literal(aux43,1),w-literal(aux33,1),w-literal(aux70,1),w-literal(aux101,1),w-literal(aux46,1)})
watched-or({w-literal(aux4,1),w-literal(aux38,1),w-literal(aux24,1),w-literal(aux11,1),w-literal(aux22,1),w-literal(aux94,1),w-literal(aux57,1)})
sumgeq([aux17,aux32,aux71,aux97],2)
sumgeq([aux7,aux26,aux48,aux52],1)
sumgeq([aux2,aux43,aux77,aux94],1)
sumgeq([aux1,aux27,aux28,aux95],2)
sumgeq([aux11,aux14,aux33,aux34],1)
sumgeq([aux9,aux69,aux75,aux80],1)
sumgeq([aux100,aux19,aux63,aux72],2)
sumgeq([aux22,aux68,aux78,aux93],1)
sumgeq([aux53,aux55,aux83,aux85],1)
sumgeq([aux47,aux59,aux79,aux89],1)
sumgeq([aux3,aux13,aux62,aux65],2)
sumgeq([aux46,aux49,aux57,aux60],1)
sumgeq([aux45,aux58,aux82,aux91],1)
sumgeq([aux50,aux54,aux88,aux98],1)
sumgeq([aux4,aux18,aux61,aux70],1)
watched-or({w-literal(aux73,1),w-literal(aux90,1),w-literal(aux25,1),w-literal(aux42,1),w-literal(aux23,1),w-literal(aux40,1),w-literal(aux44,1)})
watched-or({w-literal(aux6,1),w-literal(aux67,1),w-literal(aux16,1),w-literal(aux64,1),w-literal(aux37,1),w-literal(aux8,1),w-literal(aux92,1)})
watched-or({w-literal(aux5,1),w-literal(aux103,1),w-literal(aux76,1),w-literal(aux81,1),w-literal(aux51,1),w-literal(aux41,1),w-literal(aux36,1)})
watched-or({w-literal(aux86,1),w-literal(aux84,1),w-literal(aux29,1),w-literal(aux15,1),w-literal(aux30,1),w-literal(aux0,1),w-literal(aux31,1)})
**EOF**
