MINION 3

#This file has been automatically generated by TAILOR v0.3.2
#bug-reports: andrea@cs.st-and.ac.uk

**VARIABLES**
BOOL x 
BOOL y 
BOOL z 
BOOL t 

# auxiliary variables
BOOL aux0 

# aliases

**SEARCH**

PRINT [
[x],[y],[z],[t]]

VARORDER [
x,y,z,t,
aux0]


**CONSTRAINTS**

reify(sumgeq([t,z], 1), aux0)
reify(sumgeq([x,y], 1), aux0)

**EOF**
