MINION 3
# CSETopLevel_number = 0
# CSETopLevel_eliminated_expressions = 0
# CSETopLevel_total_size = 0
# CSE_active_number = 21
# CSE_active_eliminated_expressions = 42
# CSE_active_total_size = 1472
**VARIABLES**
BOOL var2_Occurrence_00000 #
BOOL var2_Occurrence_00001 #
BOOL var2_Occurrence_00002 #
BOOL var2_Occurrence_00003 #
BOOL var2_Occurrence_00004 #
BOOL var2_Occurrence_00005 #
BOOL var2_Occurrence_00006 #
BOOL var2_Occurrence_00007 #
BOOL var2_Occurrence_00008 #
BOOL var2_Occurrence_00009 #
BOOL var2_ExplicitVarSizeWithFlags_Flags_00000 #
BOOL var2_ExplicitVarSizeWithFlags_Flags_00001 #
BOOL var2_ExplicitVarSizeWithFlags_Flags_00002 #
BOOL var2_ExplicitVarSizeWithFlags_Flags_00003 #
BOOL var2_ExplicitVarSizeWithFlags_Flags_00004 #
BOOL var2_ExplicitVarSizeWithFlags_Flags_00005 #
BOOL var2_ExplicitVarSizeWithFlags_Flags_00006 #
BOOL var2_ExplicitVarSizeWithFlags_Flags_00007 #
BOOL var2_ExplicitVarSizeWithFlags_Flags_00008 #
BOOL var2_ExplicitVarSizeWithFlags_Flags_00009 #
BOOL var2_ExplicitVarSizeWithFlags_Flags_00010 #
DISCRETE var2_ExplicitVarSizeWithFlags_Values_00000 #
{-4..5}
DISCRETE var2_ExplicitVarSizeWithFlags_Values_00001 #
{-4..5}
DISCRETE var2_ExplicitVarSizeWithFlags_Values_00002 #
{-4..5}
DISCRETE var2_ExplicitVarSizeWithFlags_Values_00003 #
{-4..5}
DISCRETE var2_ExplicitVarSizeWithFlags_Values_00004 #
{-4..5}
DISCRETE var2_ExplicitVarSizeWithFlags_Values_00005 #
{-4..5}
DISCRETE var2_ExplicitVarSizeWithFlags_Values_00006 #
{-4..5}
DISCRETE var2_ExplicitVarSizeWithFlags_Values_00007 #
{-4..5}
DISCRETE var2_ExplicitVarSizeWithFlags_Values_00008 #
{-4..5}
DISCRETE var2_ExplicitVarSizeWithFlags_Values_00009 #
{-4..5}
DISCRETE var2_ExplicitVarSizeWithFlags_Values_00010 #
{-4..5}
**SEARCH**
PRINT[[var2_Occurrence_00000],[var2_Occurrence_00001],[var2_Occurrence_00002],[var2_Occurrence_00003],[var2_Occurrence_00004],[var2_Occurrence_00005],[var2_Occurrence_00006],[var2_Occurrence_00007],[var2_Occurrence_00008],[var2_Occurrence_00009],[var2_ExplicitVarSizeWithFlags_Flags_00000],[var2_ExplicitVarSizeWithFlags_Flags_00001],[var2_ExplicitVarSizeWithFlags_Flags_00002],[var2_ExplicitVarSizeWithFlags_Flags_00003],[var2_ExplicitVarSizeWithFlags_Flags_00004],[var2_ExplicitVarSizeWithFlags_Flags_00005],[var2_ExplicitVarSizeWithFlags_Flags_00006],[var2_ExplicitVarSizeWithFlags_Flags_00007],[var2_ExplicitVarSizeWithFlags_Flags_00008],[var2_ExplicitVarSizeWithFlags_Flags_00009],[var2_ExplicitVarSizeWithFlags_Flags_00010],[var2_ExplicitVarSizeWithFlags_Values_00000],[var2_ExplicitVarSizeWithFlags_Values_00001],[var2_ExplicitVarSizeWithFlags_Values_00002],[var2_ExplicitVarSizeWithFlags_Values_00003],[var2_ExplicitVarSizeWithFlags_Values_00004],[var2_ExplicitVarSizeWithFlags_Values_00005],[var2_ExplicitVarSizeWithFlags_Values_00006],[var2_ExplicitVarSizeWithFlags_Values_00007],[var2_ExplicitVarSizeWithFlags_Values_00008],[var2_ExplicitVarSizeWithFlags_Values_00009],[var2_ExplicitVarSizeWithFlags_Values_00010]]
VARORDER STATIC [var2_Occurrence_00000, var2_Occurrence_00001, var2_Occurrence_00002, var2_Occurrence_00003, var2_Occurrence_00004, var2_Occurrence_00005, var2_Occurrence_00006, var2_Occurrence_00007, var2_Occurrence_00008, var2_Occurrence_00009, var2_ExplicitVarSizeWithFlags_Flags_00000, var2_ExplicitVarSizeWithFlags_Flags_00001, var2_ExplicitVarSizeWithFlags_Flags_00002, var2_ExplicitVarSizeWithFlags_Flags_00003, var2_ExplicitVarSizeWithFlags_Flags_00004, var2_ExplicitVarSizeWithFlags_Flags_00005, var2_ExplicitVarSizeWithFlags_Flags_00006, var2_ExplicitVarSizeWithFlags_Flags_00007, var2_ExplicitVarSizeWithFlags_Flags_00008, var2_ExplicitVarSizeWithFlags_Flags_00009, var2_ExplicitVarSizeWithFlags_Flags_00010, var2_ExplicitVarSizeWithFlags_Values_00000, var2_ExplicitVarSizeWithFlags_Values_00001, var2_ExplicitVarSizeWithFlags_Values_00002, var2_ExplicitVarSizeWithFlags_Values_00003, var2_ExplicitVarSizeWithFlags_Values_00004, var2_ExplicitVarSizeWithFlags_Values_00005, var2_ExplicitVarSizeWithFlags_Values_00006, var2_ExplicitVarSizeWithFlags_Values_00007, var2_ExplicitVarSizeWithFlags_Values_00008, var2_ExplicitVarSizeWithFlags_Values_00009, var2_ExplicitVarSizeWithFlags_Values_00010]
VARORDER AUX [var2_Occurrence_00000,var2_Occurrence_00001,var2_Occurrence_00002,var2_Occurrence_00003,var2_Occurrence_00004,var2_Occurrence_00005,var2_Occurrence_00006,var2_Occurrence_00007,var2_Occurrence_00008,var2_Occurrence_00009,var2_ExplicitVarSizeWithFlags_Flags_00000,var2_ExplicitVarSizeWithFlags_Flags_00001,var2_ExplicitVarSizeWithFlags_Flags_00002,var2_ExplicitVarSizeWithFlags_Flags_00003,var2_ExplicitVarSizeWithFlags_Flags_00004,var2_ExplicitVarSizeWithFlags_Flags_00005,var2_ExplicitVarSizeWithFlags_Flags_00006,var2_ExplicitVarSizeWithFlags_Flags_00007,var2_ExplicitVarSizeWithFlags_Flags_00008,var2_ExplicitVarSizeWithFlags_Flags_00009,var2_ExplicitVarSizeWithFlags_Flags_00010,var2_ExplicitVarSizeWithFlags_Values_00000,var2_ExplicitVarSizeWithFlags_Values_00001,var2_ExplicitVarSizeWithFlags_Values_00002,var2_ExplicitVarSizeWithFlags_Values_00003,var2_ExplicitVarSizeWithFlags_Values_00004,var2_ExplicitVarSizeWithFlags_Values_00005,var2_ExplicitVarSizeWithFlags_Values_00006,var2_ExplicitVarSizeWithFlags_Values_00007,var2_ExplicitVarSizeWithFlags_Values_00008,var2_ExplicitVarSizeWithFlags_Values_00009,var2_ExplicitVarSizeWithFlags_Values_00010]
**CONSTRAINTS**
false()**EOF**
