MINION 3

#This file has been automatically generated by TAILOR v0.3.3
#bug-reports: andrea@cs.st-and.ac.uk

**VARIABLES**
DISCRETE quasiGroup_ORIG[42] {0..6}
DISCRETE qgDiagonal[7] {0..6}

# auxiliary variables
DISCRETE aux0 {0..48}
DISCRETE aux1 {0..48}
DISCRETE aux2 {0..48}
DISCRETE aux3 {0..48}
DISCRETE aux4 {0..48}
DISCRETE aux5 {0..48}
DISCRETE aux6 {0..48}
DISCRETE aux7 {0..48}
DISCRETE aux8 {0..48}
DISCRETE aux9 {0..48}
DISCRETE aux10 {0..48}
DISCRETE aux11 {0..48}
DISCRETE aux12 {0..48}
DISCRETE aux13 {0..48}
DISCRETE aux14 {0..48}
DISCRETE aux15 {0..48}
DISCRETE aux16 {0..48}
DISCRETE aux17 {0..48}
DISCRETE aux18 {0..48}
DISCRETE aux19 {0..48}
DISCRETE aux20 {0..48}
DISCRETE aux21 {0..48}
DISCRETE aux22 {0..48}
DISCRETE aux23 {0..48}
DISCRETE aux24 {0..48}
DISCRETE aux25 {0..48}
DISCRETE aux26 {0..48}
DISCRETE aux27 {0..48}
DISCRETE aux28 {0..48}
DISCRETE aux29 {0..48}
DISCRETE aux30 {0..48}
DISCRETE aux31 {0..48}
DISCRETE aux32 {0..48}
DISCRETE aux33 {0..48}
DISCRETE aux34 {0..48}
DISCRETE aux35 {0..48}
DISCRETE aux36 {0..48}
DISCRETE aux37 {0..48}
DISCRETE aux38 {0..48}
DISCRETE aux39 {0..48}
DISCRETE aux40 {0..48}
DISCRETE aux41 {0..48}
DISCRETE aux42 {0..48}
DISCRETE aux43 {0..48}
DISCRETE aux44 {0..48}
DISCRETE aux45 {0..48}
DISCRETE aux46 {0..48}
DISCRETE aux47 {0..48}
DISCRETE aux48 {0..48}
BOOL aux49 
BOOL aux50 
BOOL aux51 
BOOL aux52 
BOOL aux53 
BOOL aux54 
BOOL aux55 
BOOL aux56 
BOOL aux57 
BOOL aux58 
BOOL aux59 
BOOL aux60 
BOOL aux61 
BOOL aux62 
BOOL aux63 
BOOL aux64 
BOOL aux65 
BOOL aux66 
BOOL aux67 
BOOL aux68 
BOOL aux69 
BOOL aux70 
BOOL aux71 
BOOL aux72 
BOOL aux73 
BOOL aux74 
BOOL aux75 
BOOL aux76 
BOOL aux77 
BOOL aux78 
BOOL aux79 
BOOL aux80 
BOOL aux81 
BOOL aux82 
BOOL aux83 
BOOL aux84 
BOOL aux85 
BOOL aux86 
BOOL aux87 
BOOL aux88 
BOOL aux89 
BOOL aux90 
BOOL aux91 
BOOL aux92 
BOOL aux93 
BOOL aux94 
BOOL aux95 
BOOL aux96 
BOOL aux97 

# aliases
ALIAS quasiGroup[7,7] = [[qgDiagonal[0],quasiGroup_ORIG[0],quasiGroup_ORIG[1],quasiGroup_ORIG[2],quasiGroup_ORIG[3],quasiGroup_ORIG[4],quasiGroup_ORIG[5]],
[quasiGroup_ORIG[6],qgDiagonal[1],quasiGroup_ORIG[7],quasiGroup_ORIG[8],quasiGroup_ORIG[9],quasiGroup_ORIG[10],quasiGroup_ORIG[11]],
[quasiGroup_ORIG[12],quasiGroup_ORIG[13],qgDiagonal[2],quasiGroup_ORIG[14],quasiGroup_ORIG[15],quasiGroup_ORIG[16],quasiGroup_ORIG[17]],
[quasiGroup_ORIG[18],quasiGroup_ORIG[19],quasiGroup_ORIG[20],qgDiagonal[3],quasiGroup_ORIG[21],quasiGroup_ORIG[22],quasiGroup_ORIG[23]],
[quasiGroup_ORIG[24],quasiGroup_ORIG[25],quasiGroup_ORIG[26],quasiGroup_ORIG[27],qgDiagonal[4],quasiGroup_ORIG[28],quasiGroup_ORIG[29]],
[quasiGroup_ORIG[30],quasiGroup_ORIG[31],quasiGroup_ORIG[32],quasiGroup_ORIG[33],quasiGroup_ORIG[34],qgDiagonal[5],quasiGroup_ORIG[35]],
[quasiGroup_ORIG[36],quasiGroup_ORIG[37],quasiGroup_ORIG[38],quasiGroup_ORIG[39],quasiGroup_ORIG[40],quasiGroup_ORIG[41],qgDiagonal[6]]]
ALIAS quasiGroup_flattened2Vector[49] = [quasiGroup[0,0],quasiGroup[0,1],quasiGroup[0,2],quasiGroup[0,3],quasiGroup[0,4],quasiGroup[0,5],quasiGroup[0,6],
		quasiGroup[1,0],quasiGroup[1,1],quasiGroup[1,2],quasiGroup[1,3],quasiGroup[1,4],quasiGroup[1,5],quasiGroup[1,6],
		quasiGroup[2,0],quasiGroup[2,1],quasiGroup[2,2],quasiGroup[2,3],quasiGroup[2,4],quasiGroup[2,5],quasiGroup[2,6],
		quasiGroup[3,0],quasiGroup[3,1],quasiGroup[3,2],quasiGroup[3,3],quasiGroup[3,4],quasiGroup[3,5],quasiGroup[3,6],
		quasiGroup[4,0],quasiGroup[4,1],quasiGroup[4,2],quasiGroup[4,3],quasiGroup[4,4],quasiGroup[4,5],quasiGroup[4,6],
		quasiGroup[5,0],quasiGroup[5,1],quasiGroup[5,2],quasiGroup[5,3],quasiGroup[5,4],quasiGroup[5,5],quasiGroup[5,6],
		quasiGroup[6,0],quasiGroup[6,1],quasiGroup[6,2],quasiGroup[6,3],quasiGroup[6,4],quasiGroup[6,5],quasiGroup[6,6]
		]


**SEARCH**

PRINT [
quasiGroup,qgDiagonal]

VARORDER [
quasiGroup_ORIG,qgDiagonal,
aux0,aux1,aux2,aux3,aux4,aux5,aux6,aux7,
aux8,aux9,aux10,aux11,aux12,aux13,aux14,aux15,
aux16,aux17,aux18,aux19,aux20,aux21,aux22,aux23,
aux24,aux25,aux26,aux27,aux28,aux29,aux30,aux31,
aux32,aux33,aux34,aux35,aux36,aux37,aux38,aux39,
aux40,aux41,aux42,aux43,aux44,aux45,aux46,aux47,
aux48,aux49,aux50,aux51,aux52,aux53,aux54,aux55,
aux56,aux57,aux58,aux59,aux60,aux61,aux62,aux63,
aux64,aux65,aux66,aux67,aux68,aux69,aux70,aux71,
aux72,aux73,aux74,aux75,aux76,aux77,aux78,aux79,
aux80,aux81,aux82,aux83,aux84,aux85,aux86,aux87,
aux88,aux89,aux90,aux91,aux92,aux93,aux94,aux95,
aux96,aux97]


**CONSTRAINTS**

sumgeq([2,quasiGroup[6, 6]], 6)
sumgeq([2,quasiGroup[5, 6]], 5)
sumgeq([2,quasiGroup[4, 6]], 4)
sumgeq([2,quasiGroup[3, 6]], 3)
sumgeq([2,quasiGroup[2, 6]], 2)
sumgeq([2,quasiGroup[1, 6]], 1)
sumgeq([2,quasiGroup[0, 6]], 0)
reify(eq(0, quasiGroup[0, 0]), aux49)
reify(eq(1, quasiGroup[0, 0]), aux50)
reify(eq(0, quasiGroup[1, 1]), aux51)
reify(eq(2, quasiGroup[0, 0]), aux52)
reify(eq(0, quasiGroup[2, 2]), aux53)
reify(eq(3, quasiGroup[0, 0]), aux54)
reify(eq(0, quasiGroup[3, 3]), aux55)
reify(eq(4, quasiGroup[0, 0]), aux56)
reify(eq(0, quasiGroup[4, 4]), aux57)
reify(eq(5, quasiGroup[0, 0]), aux58)
reify(eq(0, quasiGroup[5, 5]), aux59)
reify(eq(6, quasiGroup[0, 0]), aux60)
reify(eq(0, quasiGroup[6, 6]), aux61)
ineq(aux60,aux61,0)
ineq(aux58,aux59,0)
ineq(aux56,aux57,0)
ineq(aux54,aux55,0)
ineq(aux52,aux53,0)
ineq(aux50,aux51,0)
reify(eq(1, quasiGroup[1, 1]), aux62)
reify(eq(2, quasiGroup[1, 1]), aux63)
reify(eq(1, quasiGroup[2, 2]), aux64)
reify(eq(3, quasiGroup[1, 1]), aux65)
reify(eq(1, quasiGroup[3, 3]), aux66)
reify(eq(4, quasiGroup[1, 1]), aux67)
reify(eq(1, quasiGroup[4, 4]), aux68)
reify(eq(5, quasiGroup[1, 1]), aux69)
reify(eq(1, quasiGroup[5, 5]), aux70)
reify(eq(6, quasiGroup[1, 1]), aux71)
reify(eq(1, quasiGroup[6, 6]), aux72)
ineq(aux71,aux72,0)
ineq(aux69,aux70,0)
ineq(aux67,aux68,0)
ineq(aux65,aux66,0)
ineq(aux63,aux64,0)
ineq(aux62,aux62,0)
reify(eq(2, quasiGroup[2, 2]), aux73)
reify(eq(3, quasiGroup[2, 2]), aux74)
reify(eq(2, quasiGroup[3, 3]), aux75)
reify(eq(4, quasiGroup[2, 2]), aux76)
reify(eq(2, quasiGroup[4, 4]), aux77)
reify(eq(5, quasiGroup[2, 2]), aux78)
reify(eq(2, quasiGroup[5, 5]), aux79)
reify(eq(6, quasiGroup[2, 2]), aux80)
reify(eq(2, quasiGroup[6, 6]), aux81)
ineq(aux80,aux81,0)
ineq(aux78,aux79,0)
ineq(aux76,aux77,0)
ineq(aux74,aux75,0)
ineq(aux73,aux73,0)
ineq(aux64,aux63,0)
reify(eq(3, quasiGroup[3, 3]), aux82)
reify(eq(4, quasiGroup[3, 3]), aux83)
reify(eq(3, quasiGroup[4, 4]), aux84)
reify(eq(5, quasiGroup[3, 3]), aux85)
reify(eq(3, quasiGroup[5, 5]), aux86)
reify(eq(6, quasiGroup[3, 3]), aux87)
reify(eq(3, quasiGroup[6, 6]), aux88)
ineq(aux87,aux88,0)
ineq(aux85,aux86,0)
ineq(aux83,aux84,0)
ineq(aux82,aux82,0)
ineq(aux75,aux74,0)
ineq(aux66,aux65,0)
reify(eq(4, quasiGroup[4, 4]), aux89)
reify(eq(5, quasiGroup[4, 4]), aux90)
reify(eq(4, quasiGroup[5, 5]), aux91)
reify(eq(6, quasiGroup[4, 4]), aux92)
reify(eq(4, quasiGroup[6, 6]), aux93)
ineq(aux92,aux93,0)
ineq(aux90,aux91,0)
ineq(aux89,aux89,0)
ineq(aux84,aux83,0)
ineq(aux77,aux76,0)
ineq(aux68,aux67,0)
reify(eq(5, quasiGroup[5, 5]), aux94)
reify(eq(6, quasiGroup[5, 5]), aux95)
reify(eq(5, quasiGroup[6, 6]), aux96)
ineq(aux95,aux96,0)
ineq(aux94,aux94,0)
ineq(aux91,aux90,0)
ineq(aux86,aux85,0)
ineq(aux79,aux78,0)
ineq(aux70,aux69,0)
reify(eq(6, quasiGroup[6, 6]), aux97)
ineq(aux97,aux97,0)
ineq(aux96,aux95,0)
ineq(aux93,aux92,0)
ineq(aux88,aux87,0)
ineq(aux81,aux80,0)
ineq(aux72,aux71,0)
ineq(aux61,aux60,0)
ineq(aux59,aux58,0)
ineq(aux57,aux56,0)
ineq(aux55,aux54,0)
ineq(aux53,aux52,0)
ineq(aux51,aux50,0)
ineq(aux49,aux49,0)
diseq(quasiGroup[0, 6], quasiGroup[6, 0])
diseq(quasiGroup[0, 5], quasiGroup[5, 0])
diseq(quasiGroup[0, 4], quasiGroup[4, 0])
diseq(quasiGroup[0, 3], quasiGroup[3, 0])
diseq(quasiGroup[0, 2], quasiGroup[2, 0])
diseq(quasiGroup[1, 6], quasiGroup[6, 1])
diseq(quasiGroup[1, 5], quasiGroup[5, 1])
diseq(quasiGroup[1, 4], quasiGroup[4, 1])
diseq(quasiGroup[1, 3], quasiGroup[3, 1])
diseq(quasiGroup[1, 2], quasiGroup[2, 1])
diseq(quasiGroup[2, 6], quasiGroup[6, 2])
diseq(quasiGroup[2, 5], quasiGroup[5, 2])
diseq(quasiGroup[2, 4], quasiGroup[4, 2])
diseq(quasiGroup[2, 3], quasiGroup[3, 2])
diseq(quasiGroup[1, 2], quasiGroup[2, 1])
diseq(quasiGroup[3, 6], quasiGroup[6, 3])
diseq(quasiGroup[3, 5], quasiGroup[5, 3])
diseq(quasiGroup[3, 4], quasiGroup[4, 3])
diseq(quasiGroup[2, 3], quasiGroup[3, 2])
diseq(quasiGroup[1, 3], quasiGroup[3, 1])
diseq(quasiGroup[4, 6], quasiGroup[6, 4])
diseq(quasiGroup[4, 5], quasiGroup[5, 4])
diseq(quasiGroup[3, 4], quasiGroup[4, 3])
diseq(quasiGroup[2, 4], quasiGroup[4, 2])
diseq(quasiGroup[1, 4], quasiGroup[4, 1])
diseq(quasiGroup[5, 6], quasiGroup[6, 5])
diseq(quasiGroup[4, 5], quasiGroup[5, 4])
diseq(quasiGroup[3, 5], quasiGroup[5, 3])
diseq(quasiGroup[2, 5], quasiGroup[5, 2])
diseq(quasiGroup[1, 5], quasiGroup[5, 1])
diseq(quasiGroup[5, 6], quasiGroup[6, 5])
diseq(quasiGroup[4, 6], quasiGroup[6, 4])
diseq(quasiGroup[3, 6], quasiGroup[6, 3])
diseq(quasiGroup[2, 6], quasiGroup[6, 2])
diseq(quasiGroup[1, 6], quasiGroup[6, 1])
diseq(quasiGroup[0, 6], quasiGroup[6, 0])
diseq(quasiGroup[0, 5], quasiGroup[5, 0])
diseq(quasiGroup[0, 4], quasiGroup[4, 0])
diseq(quasiGroup[0, 3], quasiGroup[3, 0])
diseq(quasiGroup[0, 2], quasiGroup[2, 0])
diseq(quasiGroup[0, 1], quasiGroup[1, 0])
gacalldiff([qgDiagonal])
eq(6, quasiGroup[6, 6])
eq(5, quasiGroup[5, 5])
eq(4, quasiGroup[4, 4])
eq(3, quasiGroup[3, 3])
eq(2, quasiGroup[2, 2])
eq(1, quasiGroup[1, 1])
eq(0, quasiGroup[0, 0])
weightedsumgeq([7,1], [quasiGroup[0, 0],quasiGroup[0, 0]], aux0)
weightedsumleq([7,1], [quasiGroup[0, 0],quasiGroup[0, 0]], aux0)
weightedsumgeq([7,1], [quasiGroup[1, 0],quasiGroup[0, 1]], aux1)
weightedsumleq([7,1], [quasiGroup[1, 0],quasiGroup[0, 1]], aux1)
weightedsumgeq([7,1], [quasiGroup[2, 0],quasiGroup[0, 2]], aux2)
weightedsumleq([7,1], [quasiGroup[2, 0],quasiGroup[0, 2]], aux2)
weightedsumgeq([7,1], [quasiGroup[3, 0],quasiGroup[0, 3]], aux3)
weightedsumleq([7,1], [quasiGroup[3, 0],quasiGroup[0, 3]], aux3)
weightedsumgeq([7,1], [quasiGroup[4, 0],quasiGroup[0, 4]], aux4)
weightedsumleq([7,1], [quasiGroup[4, 0],quasiGroup[0, 4]], aux4)
weightedsumgeq([7,1], [quasiGroup[5, 0],quasiGroup[0, 5]], aux5)
weightedsumleq([7,1], [quasiGroup[5, 0],quasiGroup[0, 5]], aux5)
weightedsumgeq([7,1], [quasiGroup[6, 0],quasiGroup[0, 6]], aux6)
weightedsumleq([7,1], [quasiGroup[6, 0],quasiGroup[0, 6]], aux6)
watchelement([quasiGroup_flattened2Vector], aux6, 0)
watchelement([quasiGroup_flattened2Vector], aux5, 0)
watchelement([quasiGroup_flattened2Vector], aux4, 0)
watchelement([quasiGroup_flattened2Vector], aux3, 0)
watchelement([quasiGroup_flattened2Vector], aux2, 0)
watchelement([quasiGroup_flattened2Vector], aux1, 0)
weightedsumgeq([7,1], [quasiGroup[0, 1],quasiGroup[1, 0]], aux7)
weightedsumleq([7,1], [quasiGroup[0, 1],quasiGroup[1, 0]], aux7)
weightedsumgeq([7,1], [quasiGroup[1, 1],quasiGroup[1, 1]], aux8)
weightedsumleq([7,1], [quasiGroup[1, 1],quasiGroup[1, 1]], aux8)
weightedsumgeq([7,1], [quasiGroup[2, 1],quasiGroup[1, 2]], aux9)
weightedsumleq([7,1], [quasiGroup[2, 1],quasiGroup[1, 2]], aux9)
weightedsumgeq([7,1], [quasiGroup[3, 1],quasiGroup[1, 3]], aux10)
weightedsumleq([7,1], [quasiGroup[3, 1],quasiGroup[1, 3]], aux10)
weightedsumgeq([7,1], [quasiGroup[4, 1],quasiGroup[1, 4]], aux11)
weightedsumleq([7,1], [quasiGroup[4, 1],quasiGroup[1, 4]], aux11)
weightedsumgeq([7,1], [quasiGroup[5, 1],quasiGroup[1, 5]], aux12)
weightedsumleq([7,1], [quasiGroup[5, 1],quasiGroup[1, 5]], aux12)
weightedsumgeq([7,1], [quasiGroup[6, 1],quasiGroup[1, 6]], aux13)
weightedsumleq([7,1], [quasiGroup[6, 1],quasiGroup[1, 6]], aux13)
watchelement([quasiGroup_flattened2Vector], aux13, 1)
watchelement([quasiGroup_flattened2Vector], aux12, 1)
watchelement([quasiGroup_flattened2Vector], aux11, 1)
watchelement([quasiGroup_flattened2Vector], aux10, 1)
watchelement([quasiGroup_flattened2Vector], aux9, 1)
watchelement([quasiGroup_flattened2Vector], aux8, 1)
weightedsumgeq([7,1], [quasiGroup[0, 2],quasiGroup[2, 0]], aux14)
weightedsumleq([7,1], [quasiGroup[0, 2],quasiGroup[2, 0]], aux14)
weightedsumgeq([7,1], [quasiGroup[1, 2],quasiGroup[2, 1]], aux15)
weightedsumleq([7,1], [quasiGroup[1, 2],quasiGroup[2, 1]], aux15)
weightedsumgeq([7,1], [quasiGroup[2, 2],quasiGroup[2, 2]], aux16)
weightedsumleq([7,1], [quasiGroup[2, 2],quasiGroup[2, 2]], aux16)
weightedsumgeq([7,1], [quasiGroup[3, 2],quasiGroup[2, 3]], aux17)
weightedsumleq([7,1], [quasiGroup[3, 2],quasiGroup[2, 3]], aux17)
weightedsumgeq([7,1], [quasiGroup[4, 2],quasiGroup[2, 4]], aux18)
weightedsumleq([7,1], [quasiGroup[4, 2],quasiGroup[2, 4]], aux18)
weightedsumgeq([7,1], [quasiGroup[5, 2],quasiGroup[2, 5]], aux19)
weightedsumleq([7,1], [quasiGroup[5, 2],quasiGroup[2, 5]], aux19)
weightedsumgeq([7,1], [quasiGroup[6, 2],quasiGroup[2, 6]], aux20)
weightedsumleq([7,1], [quasiGroup[6, 2],quasiGroup[2, 6]], aux20)
watchelement([quasiGroup_flattened2Vector], aux20, 2)
watchelement([quasiGroup_flattened2Vector], aux19, 2)
watchelement([quasiGroup_flattened2Vector], aux18, 2)
watchelement([quasiGroup_flattened2Vector], aux17, 2)
watchelement([quasiGroup_flattened2Vector], aux16, 2)
watchelement([quasiGroup_flattened2Vector], aux15, 2)
weightedsumgeq([7,1], [quasiGroup[0, 3],quasiGroup[3, 0]], aux21)
weightedsumleq([7,1], [quasiGroup[0, 3],quasiGroup[3, 0]], aux21)
weightedsumgeq([7,1], [quasiGroup[1, 3],quasiGroup[3, 1]], aux22)
weightedsumleq([7,1], [quasiGroup[1, 3],quasiGroup[3, 1]], aux22)
weightedsumgeq([7,1], [quasiGroup[2, 3],quasiGroup[3, 2]], aux23)
weightedsumleq([7,1], [quasiGroup[2, 3],quasiGroup[3, 2]], aux23)
weightedsumgeq([7,1], [quasiGroup[3, 3],quasiGroup[3, 3]], aux24)
weightedsumleq([7,1], [quasiGroup[3, 3],quasiGroup[3, 3]], aux24)
weightedsumgeq([7,1], [quasiGroup[4, 3],quasiGroup[3, 4]], aux25)
weightedsumleq([7,1], [quasiGroup[4, 3],quasiGroup[3, 4]], aux25)
weightedsumgeq([7,1], [quasiGroup[5, 3],quasiGroup[3, 5]], aux26)
weightedsumleq([7,1], [quasiGroup[5, 3],quasiGroup[3, 5]], aux26)
weightedsumgeq([7,1], [quasiGroup[6, 3],quasiGroup[3, 6]], aux27)
weightedsumleq([7,1], [quasiGroup[6, 3],quasiGroup[3, 6]], aux27)
watchelement([quasiGroup_flattened2Vector], aux27, 3)
watchelement([quasiGroup_flattened2Vector], aux26, 3)
watchelement([quasiGroup_flattened2Vector], aux25, 3)
watchelement([quasiGroup_flattened2Vector], aux24, 3)
watchelement([quasiGroup_flattened2Vector], aux23, 3)
watchelement([quasiGroup_flattened2Vector], aux22, 3)
weightedsumgeq([7,1], [quasiGroup[0, 4],quasiGroup[4, 0]], aux28)
weightedsumleq([7,1], [quasiGroup[0, 4],quasiGroup[4, 0]], aux28)
weightedsumgeq([7,1], [quasiGroup[1, 4],quasiGroup[4, 1]], aux29)
weightedsumleq([7,1], [quasiGroup[1, 4],quasiGroup[4, 1]], aux29)
weightedsumgeq([7,1], [quasiGroup[2, 4],quasiGroup[4, 2]], aux30)
weightedsumleq([7,1], [quasiGroup[2, 4],quasiGroup[4, 2]], aux30)
weightedsumgeq([7,1], [quasiGroup[3, 4],quasiGroup[4, 3]], aux31)
weightedsumleq([7,1], [quasiGroup[3, 4],quasiGroup[4, 3]], aux31)
weightedsumgeq([7,1], [quasiGroup[4, 4],quasiGroup[4, 4]], aux32)
weightedsumleq([7,1], [quasiGroup[4, 4],quasiGroup[4, 4]], aux32)
weightedsumgeq([7,1], [quasiGroup[5, 4],quasiGroup[4, 5]], aux33)
weightedsumleq([7,1], [quasiGroup[5, 4],quasiGroup[4, 5]], aux33)
weightedsumgeq([7,1], [quasiGroup[6, 4],quasiGroup[4, 6]], aux34)
weightedsumleq([7,1], [quasiGroup[6, 4],quasiGroup[4, 6]], aux34)
watchelement([quasiGroup_flattened2Vector], aux34, 4)
watchelement([quasiGroup_flattened2Vector], aux33, 4)
watchelement([quasiGroup_flattened2Vector], aux32, 4)
watchelement([quasiGroup_flattened2Vector], aux31, 4)
watchelement([quasiGroup_flattened2Vector], aux30, 4)
watchelement([quasiGroup_flattened2Vector], aux29, 4)
weightedsumgeq([7,1], [quasiGroup[0, 5],quasiGroup[5, 0]], aux35)
weightedsumleq([7,1], [quasiGroup[0, 5],quasiGroup[5, 0]], aux35)
weightedsumgeq([7,1], [quasiGroup[1, 5],quasiGroup[5, 1]], aux36)
weightedsumleq([7,1], [quasiGroup[1, 5],quasiGroup[5, 1]], aux36)
weightedsumgeq([7,1], [quasiGroup[2, 5],quasiGroup[5, 2]], aux37)
weightedsumleq([7,1], [quasiGroup[2, 5],quasiGroup[5, 2]], aux37)
weightedsumgeq([7,1], [quasiGroup[3, 5],quasiGroup[5, 3]], aux38)
weightedsumleq([7,1], [quasiGroup[3, 5],quasiGroup[5, 3]], aux38)
weightedsumgeq([7,1], [quasiGroup[4, 5],quasiGroup[5, 4]], aux39)
weightedsumleq([7,1], [quasiGroup[4, 5],quasiGroup[5, 4]], aux39)
weightedsumgeq([7,1], [quasiGroup[5, 5],quasiGroup[5, 5]], aux40)
weightedsumleq([7,1], [quasiGroup[5, 5],quasiGroup[5, 5]], aux40)
weightedsumgeq([7,1], [quasiGroup[6, 5],quasiGroup[5, 6]], aux41)
weightedsumleq([7,1], [quasiGroup[6, 5],quasiGroup[5, 6]], aux41)
watchelement([quasiGroup_flattened2Vector], aux41, 5)
watchelement([quasiGroup_flattened2Vector], aux40, 5)
watchelement([quasiGroup_flattened2Vector], aux39, 5)
watchelement([quasiGroup_flattened2Vector], aux38, 5)
watchelement([quasiGroup_flattened2Vector], aux37, 5)
watchelement([quasiGroup_flattened2Vector], aux36, 5)
weightedsumgeq([7,1], [quasiGroup[0, 6],quasiGroup[6, 0]], aux42)
weightedsumleq([7,1], [quasiGroup[0, 6],quasiGroup[6, 0]], aux42)
weightedsumgeq([7,1], [quasiGroup[1, 6],quasiGroup[6, 1]], aux43)
weightedsumleq([7,1], [quasiGroup[1, 6],quasiGroup[6, 1]], aux43)
weightedsumgeq([7,1], [quasiGroup[2, 6],quasiGroup[6, 2]], aux44)
weightedsumleq([7,1], [quasiGroup[2, 6],quasiGroup[6, 2]], aux44)
weightedsumgeq([7,1], [quasiGroup[3, 6],quasiGroup[6, 3]], aux45)
weightedsumleq([7,1], [quasiGroup[3, 6],quasiGroup[6, 3]], aux45)
weightedsumgeq([7,1], [quasiGroup[4, 6],quasiGroup[6, 4]], aux46)
weightedsumleq([7,1], [quasiGroup[4, 6],quasiGroup[6, 4]], aux46)
weightedsumgeq([7,1], [quasiGroup[5, 6],quasiGroup[6, 5]], aux47)
weightedsumleq([7,1], [quasiGroup[5, 6],quasiGroup[6, 5]], aux47)
weightedsumgeq([7,1], [quasiGroup[6, 6],quasiGroup[6, 6]], aux48)
weightedsumleq([7,1], [quasiGroup[6, 6],quasiGroup[6, 6]], aux48)
watchelement([quasiGroup_flattened2Vector], aux48, 6)
watchelement([quasiGroup_flattened2Vector], aux47, 6)
watchelement([quasiGroup_flattened2Vector], aux46, 6)
watchelement([quasiGroup_flattened2Vector], aux45, 6)
watchelement([quasiGroup_flattened2Vector], aux44, 6)
watchelement([quasiGroup_flattened2Vector], aux43, 6)
watchelement([quasiGroup_flattened2Vector], aux42, 6)
watchelement([quasiGroup_flattened2Vector], aux35, 5)
watchelement([quasiGroup_flattened2Vector], aux28, 4)
watchelement([quasiGroup_flattened2Vector], aux21, 3)
watchelement([quasiGroup_flattened2Vector], aux14, 2)
watchelement([quasiGroup_flattened2Vector], aux7, 1)
watchelement([quasiGroup_flattened2Vector], aux0, 0)
gacalldiff([quasiGroup[_,6]])
gacalldiff([quasiGroup[_,5]])
gacalldiff([quasiGroup[_,4]])
gacalldiff([quasiGroup[_,3]])
gacalldiff([quasiGroup[_,2]])
gacalldiff([quasiGroup[_,1]])
gacalldiff([quasiGroup[_,0]])
gacalldiff([quasiGroup[6,_]])
gacalldiff([quasiGroup[5,_]])
gacalldiff([quasiGroup[4,_]])
gacalldiff([quasiGroup[3,_]])
gacalldiff([quasiGroup[2,_]])
gacalldiff([quasiGroup[1,_]])
gacalldiff([quasiGroup[0,_]])

**EOF**
