MINION 3

#This file has been automatically generated by TAILOR v0.3.3
#bug-reports: andrea@cs.st-and.ac.uk

**VARIABLES**
DISCRETE quasiGroup_ORIG[56] {0..7}
DISCRETE qgDiagonal[8] {0..7}

# auxiliary variables
DISCRETE aux0 {0..63}
DISCRETE aux1 {0..63}
DISCRETE aux2 {0..63}
DISCRETE aux3 {0..63}
DISCRETE aux4 {0..63}
DISCRETE aux5 {0..63}
DISCRETE aux6 {0..63}
DISCRETE aux7 {0..63}
DISCRETE aux8 {0..63}
DISCRETE aux9 {0..63}
DISCRETE aux10 {0..63}
DISCRETE aux11 {0..63}
DISCRETE aux12 {0..63}
DISCRETE aux13 {0..63}
DISCRETE aux14 {0..63}
DISCRETE aux15 {0..63}
DISCRETE aux16 {0..63}
DISCRETE aux17 {0..63}
DISCRETE aux18 {0..63}
DISCRETE aux19 {0..63}
DISCRETE aux20 {0..63}
DISCRETE aux21 {0..63}
DISCRETE aux22 {0..63}
DISCRETE aux23 {0..63}
DISCRETE aux24 {0..63}
DISCRETE aux25 {0..63}
DISCRETE aux26 {0..63}
DISCRETE aux27 {0..63}
DISCRETE aux28 {0..63}
DISCRETE aux29 {0..63}
DISCRETE aux30 {0..63}
DISCRETE aux31 {0..63}
DISCRETE aux32 {0..63}
DISCRETE aux33 {0..63}
DISCRETE aux34 {0..63}
DISCRETE aux35 {0..63}
DISCRETE aux36 {0..63}
DISCRETE aux37 {0..63}
DISCRETE aux38 {0..63}
DISCRETE aux39 {0..63}
DISCRETE aux40 {0..63}
DISCRETE aux41 {0..63}
DISCRETE aux42 {0..63}
DISCRETE aux43 {0..63}
DISCRETE aux44 {0..63}
DISCRETE aux45 {0..63}
DISCRETE aux46 {0..63}
DISCRETE aux47 {0..63}
DISCRETE aux48 {0..63}
DISCRETE aux49 {0..63}
DISCRETE aux50 {0..63}
DISCRETE aux51 {0..63}
DISCRETE aux52 {0..63}
DISCRETE aux53 {0..63}
DISCRETE aux54 {0..63}
DISCRETE aux55 {0..63}
DISCRETE aux56 {0..63}
DISCRETE aux57 {0..63}
DISCRETE aux58 {0..63}
DISCRETE aux59 {0..63}
DISCRETE aux60 {0..63}
DISCRETE aux61 {0..63}
DISCRETE aux62 {0..63}
DISCRETE aux63 {0..63}
BOOL aux64 
BOOL aux65 
BOOL aux66 
BOOL aux67 
BOOL aux68 
BOOL aux69 
BOOL aux70 
BOOL aux71 
BOOL aux72 
BOOL aux73 
BOOL aux74 
BOOL aux75 
BOOL aux76 
BOOL aux77 
BOOL aux78 
BOOL aux79 
BOOL aux80 
BOOL aux81 
BOOL aux82 
BOOL aux83 
BOOL aux84 
BOOL aux85 
BOOL aux86 
BOOL aux87 
BOOL aux88 
BOOL aux89 
BOOL aux90 
BOOL aux91 
BOOL aux92 
BOOL aux93 
BOOL aux94 
BOOL aux95 
BOOL aux96 
BOOL aux97 
BOOL aux98 
BOOL aux99 
BOOL aux100 
BOOL aux101 
BOOL aux102 
BOOL aux103 
BOOL aux104 
BOOL aux105 
BOOL aux106 
BOOL aux107 
BOOL aux108 
BOOL aux109 
BOOL aux110 
BOOL aux111 
BOOL aux112 
BOOL aux113 
BOOL aux114 
BOOL aux115 
BOOL aux116 
BOOL aux117 
BOOL aux118 
BOOL aux119 
BOOL aux120 
BOOL aux121 
BOOL aux122 
BOOL aux123 
BOOL aux124 
BOOL aux125 
BOOL aux126 
BOOL aux127 

# aliases
ALIAS quasiGroup[8,8] = [[qgDiagonal[0],quasiGroup_ORIG[0],quasiGroup_ORIG[1],quasiGroup_ORIG[2],quasiGroup_ORIG[3],quasiGroup_ORIG[4],quasiGroup_ORIG[5],quasiGroup_ORIG[6]],
[quasiGroup_ORIG[7],qgDiagonal[1],quasiGroup_ORIG[8],quasiGroup_ORIG[9],quasiGroup_ORIG[10],quasiGroup_ORIG[11],quasiGroup_ORIG[12],quasiGroup_ORIG[13]],
[quasiGroup_ORIG[14],quasiGroup_ORIG[15],qgDiagonal[2],quasiGroup_ORIG[16],quasiGroup_ORIG[17],quasiGroup_ORIG[18],quasiGroup_ORIG[19],quasiGroup_ORIG[20]],
[quasiGroup_ORIG[21],quasiGroup_ORIG[22],quasiGroup_ORIG[23],qgDiagonal[3],quasiGroup_ORIG[24],quasiGroup_ORIG[25],quasiGroup_ORIG[26],quasiGroup_ORIG[27]],
[quasiGroup_ORIG[28],quasiGroup_ORIG[29],quasiGroup_ORIG[30],quasiGroup_ORIG[31],qgDiagonal[4],quasiGroup_ORIG[32],quasiGroup_ORIG[33],quasiGroup_ORIG[34]],
[quasiGroup_ORIG[35],quasiGroup_ORIG[36],quasiGroup_ORIG[37],quasiGroup_ORIG[38],quasiGroup_ORIG[39],qgDiagonal[5],quasiGroup_ORIG[40],quasiGroup_ORIG[41]],
[quasiGroup_ORIG[42],quasiGroup_ORIG[43],quasiGroup_ORIG[44],quasiGroup_ORIG[45],quasiGroup_ORIG[46],quasiGroup_ORIG[47],qgDiagonal[6],quasiGroup_ORIG[48]],
[quasiGroup_ORIG[49],quasiGroup_ORIG[50],quasiGroup_ORIG[51],quasiGroup_ORIG[52],quasiGroup_ORIG[53],quasiGroup_ORIG[54],quasiGroup_ORIG[55],qgDiagonal[7]]]
ALIAS quasiGroup_flattened2Vector[64] = [quasiGroup[0,0],quasiGroup[0,1],quasiGroup[0,2],quasiGroup[0,3],quasiGroup[0,4],quasiGroup[0,5],quasiGroup[0,6],quasiGroup[0,7],
		quasiGroup[1,0],quasiGroup[1,1],quasiGroup[1,2],quasiGroup[1,3],quasiGroup[1,4],quasiGroup[1,5],quasiGroup[1,6],quasiGroup[1,7],
		quasiGroup[2,0],quasiGroup[2,1],quasiGroup[2,2],quasiGroup[2,3],quasiGroup[2,4],quasiGroup[2,5],quasiGroup[2,6],quasiGroup[2,7],
		quasiGroup[3,0],quasiGroup[3,1],quasiGroup[3,2],quasiGroup[3,3],quasiGroup[3,4],quasiGroup[3,5],quasiGroup[3,6],quasiGroup[3,7],
		quasiGroup[4,0],quasiGroup[4,1],quasiGroup[4,2],quasiGroup[4,3],quasiGroup[4,4],quasiGroup[4,5],quasiGroup[4,6],quasiGroup[4,7],
		quasiGroup[5,0],quasiGroup[5,1],quasiGroup[5,2],quasiGroup[5,3],quasiGroup[5,4],quasiGroup[5,5],quasiGroup[5,6],quasiGroup[5,7],
		quasiGroup[6,0],quasiGroup[6,1],quasiGroup[6,2],quasiGroup[6,3],quasiGroup[6,4],quasiGroup[6,5],quasiGroup[6,6],quasiGroup[6,7],
		quasiGroup[7,0],quasiGroup[7,1],quasiGroup[7,2],quasiGroup[7,3],quasiGroup[7,4],quasiGroup[7,5],quasiGroup[7,6],quasiGroup[7,7]
		]


**SEARCH**

PRINT [
quasiGroup,qgDiagonal]

VARORDER [
quasiGroup,qgDiagonal,
aux0,aux1,aux2,aux3,aux4,aux5,aux6,aux7,
aux8,aux9,aux10,aux11,aux12,aux13,aux14,aux15,
aux16,aux17,aux18,aux19,aux20,aux21,aux22,aux23,
aux24,aux25,aux26,aux27,aux28,aux29,aux30,aux31,
aux32,aux33,aux34,aux35,aux36,aux37,aux38,aux39,
aux40,aux41,aux42,aux43,aux44,aux45,aux46,aux47,
aux48,aux49,aux50,aux51,aux52,aux53,aux54,aux55,
aux56,aux57,aux58,aux59,aux60,aux61,aux62,aux63,
aux64,aux65,aux66,aux67,aux68,aux69,aux70,aux71,
aux72,aux73,aux74,aux75,aux76,aux77,aux78,aux79,
aux80,aux81,aux82,aux83,aux84,aux85,aux86,aux87,
aux88,aux89,aux90,aux91,aux92,aux93,aux94,aux95,
aux96,aux97,aux98,aux99,aux100,aux101,aux102,aux103,
aux104,aux105,aux106,aux107,aux108,aux109,aux110,aux111,
aux112,aux113,aux114,aux115,aux116,aux117,aux118,aux119,
aux120,aux121,aux122,aux123,aux124,aux125,aux126,aux127]


**CONSTRAINTS**

sumgeq([2,quasiGroup[7, 7]], 7)
sumgeq([2,quasiGroup[6, 7]], 6)
sumgeq([2,quasiGroup[5, 7]], 5)
sumgeq([2,quasiGroup[4, 7]], 4)
sumgeq([2,quasiGroup[3, 7]], 3)
sumgeq([2,quasiGroup[2, 7]], 2)
sumgeq([2,quasiGroup[1, 7]], 1)
sumgeq([2,quasiGroup[0, 7]], 0)
reify(eq(0, quasiGroup[0, 0]), aux64)
reify(eq(1, quasiGroup[0, 0]), aux65)
reify(eq(0, quasiGroup[1, 1]), aux66)
reify(eq(2, quasiGroup[0, 0]), aux67)
reify(eq(0, quasiGroup[2, 2]), aux68)
reify(eq(3, quasiGroup[0, 0]), aux69)
reify(eq(0, quasiGroup[3, 3]), aux70)
reify(eq(4, quasiGroup[0, 0]), aux71)
reify(eq(0, quasiGroup[4, 4]), aux72)
reify(eq(5, quasiGroup[0, 0]), aux73)
reify(eq(0, quasiGroup[5, 5]), aux74)
reify(eq(6, quasiGroup[0, 0]), aux75)
reify(eq(0, quasiGroup[6, 6]), aux76)
reify(eq(7, quasiGroup[0, 0]), aux77)
reify(eq(0, quasiGroup[7, 7]), aux78)
ineq(aux77,aux78,0)
ineq(aux75,aux76,0)
ineq(aux73,aux74,0)
ineq(aux71,aux72,0)
ineq(aux69,aux70,0)
ineq(aux67,aux68,0)
ineq(aux65,aux66,0)
reify(eq(1, quasiGroup[1, 1]), aux79)
reify(eq(2, quasiGroup[1, 1]), aux80)
reify(eq(1, quasiGroup[2, 2]), aux81)
reify(eq(3, quasiGroup[1, 1]), aux82)
reify(eq(1, quasiGroup[3, 3]), aux83)
reify(eq(4, quasiGroup[1, 1]), aux84)
reify(eq(1, quasiGroup[4, 4]), aux85)
reify(eq(5, quasiGroup[1, 1]), aux86)
reify(eq(1, quasiGroup[5, 5]), aux87)
reify(eq(6, quasiGroup[1, 1]), aux88)
reify(eq(1, quasiGroup[6, 6]), aux89)
reify(eq(7, quasiGroup[1, 1]), aux90)
reify(eq(1, quasiGroup[7, 7]), aux91)
ineq(aux90,aux91,0)
ineq(aux88,aux89,0)
ineq(aux86,aux87,0)
ineq(aux84,aux85,0)
ineq(aux82,aux83,0)
ineq(aux80,aux81,0)
ineq(aux79,aux79,0)
reify(eq(2, quasiGroup[2, 2]), aux92)
reify(eq(3, quasiGroup[2, 2]), aux93)
reify(eq(2, quasiGroup[3, 3]), aux94)
reify(eq(4, quasiGroup[2, 2]), aux95)
reify(eq(2, quasiGroup[4, 4]), aux96)
reify(eq(5, quasiGroup[2, 2]), aux97)
reify(eq(2, quasiGroup[5, 5]), aux98)
reify(eq(6, quasiGroup[2, 2]), aux99)
reify(eq(2, quasiGroup[6, 6]), aux100)
reify(eq(7, quasiGroup[2, 2]), aux101)
reify(eq(2, quasiGroup[7, 7]), aux102)
ineq(aux101,aux102,0)
ineq(aux99,aux100,0)
ineq(aux97,aux98,0)
ineq(aux95,aux96,0)
ineq(aux93,aux94,0)
ineq(aux92,aux92,0)
ineq(aux81,aux80,0)
reify(eq(3, quasiGroup[3, 3]), aux103)
reify(eq(4, quasiGroup[3, 3]), aux104)
reify(eq(3, quasiGroup[4, 4]), aux105)
reify(eq(5, quasiGroup[3, 3]), aux106)
reify(eq(3, quasiGroup[5, 5]), aux107)
reify(eq(6, quasiGroup[3, 3]), aux108)
reify(eq(3, quasiGroup[6, 6]), aux109)
reify(eq(7, quasiGroup[3, 3]), aux110)
reify(eq(3, quasiGroup[7, 7]), aux111)
ineq(aux110,aux111,0)
ineq(aux108,aux109,0)
ineq(aux106,aux107,0)
ineq(aux104,aux105,0)
ineq(aux103,aux103,0)
ineq(aux94,aux93,0)
ineq(aux83,aux82,0)
reify(eq(4, quasiGroup[4, 4]), aux112)
reify(eq(5, quasiGroup[4, 4]), aux113)
reify(eq(4, quasiGroup[5, 5]), aux114)
reify(eq(6, quasiGroup[4, 4]), aux115)
reify(eq(4, quasiGroup[6, 6]), aux116)
reify(eq(7, quasiGroup[4, 4]), aux117)
reify(eq(4, quasiGroup[7, 7]), aux118)
ineq(aux117,aux118,0)
ineq(aux115,aux116,0)
ineq(aux113,aux114,0)
ineq(aux112,aux112,0)
ineq(aux105,aux104,0)
ineq(aux96,aux95,0)
ineq(aux85,aux84,0)
reify(eq(5, quasiGroup[5, 5]), aux119)
reify(eq(6, quasiGroup[5, 5]), aux120)
reify(eq(5, quasiGroup[6, 6]), aux121)
reify(eq(7, quasiGroup[5, 5]), aux122)
reify(eq(5, quasiGroup[7, 7]), aux123)
ineq(aux122,aux123,0)
ineq(aux120,aux121,0)
ineq(aux119,aux119,0)
ineq(aux114,aux113,0)
ineq(aux107,aux106,0)
ineq(aux98,aux97,0)
ineq(aux87,aux86,0)
reify(eq(6, quasiGroup[6, 6]), aux124)
reify(eq(7, quasiGroup[6, 6]), aux125)
reify(eq(6, quasiGroup[7, 7]), aux126)
ineq(aux125,aux126,0)
ineq(aux124,aux124,0)
ineq(aux121,aux120,0)
ineq(aux116,aux115,0)
ineq(aux109,aux108,0)
ineq(aux100,aux99,0)
ineq(aux89,aux88,0)
reify(eq(7, quasiGroup[7, 7]), aux127)
ineq(aux127,aux127,0)
ineq(aux126,aux125,0)
ineq(aux123,aux122,0)
ineq(aux118,aux117,0)
ineq(aux111,aux110,0)
ineq(aux102,aux101,0)
ineq(aux91,aux90,0)
ineq(aux78,aux77,0)
ineq(aux76,aux75,0)
ineq(aux74,aux73,0)
ineq(aux72,aux71,0)
ineq(aux70,aux69,0)
ineq(aux68,aux67,0)
ineq(aux66,aux65,0)
ineq(aux64,aux64,0)
diseq(quasiGroup[0, 7], quasiGroup[7, 0])
diseq(quasiGroup[0, 6], quasiGroup[6, 0])
diseq(quasiGroup[0, 5], quasiGroup[5, 0])
diseq(quasiGroup[0, 4], quasiGroup[4, 0])
diseq(quasiGroup[0, 3], quasiGroup[3, 0])
diseq(quasiGroup[0, 2], quasiGroup[2, 0])
diseq(quasiGroup[1, 7], quasiGroup[7, 1])
diseq(quasiGroup[1, 6], quasiGroup[6, 1])
diseq(quasiGroup[1, 5], quasiGroup[5, 1])
diseq(quasiGroup[1, 4], quasiGroup[4, 1])
diseq(quasiGroup[1, 3], quasiGroup[3, 1])
diseq(quasiGroup[1, 2], quasiGroup[2, 1])
diseq(quasiGroup[2, 7], quasiGroup[7, 2])
diseq(quasiGroup[2, 6], quasiGroup[6, 2])
diseq(quasiGroup[2, 5], quasiGroup[5, 2])
diseq(quasiGroup[2, 4], quasiGroup[4, 2])
diseq(quasiGroup[2, 3], quasiGroup[3, 2])
diseq(quasiGroup[1, 2], quasiGroup[2, 1])
diseq(quasiGroup[3, 7], quasiGroup[7, 3])
diseq(quasiGroup[3, 6], quasiGroup[6, 3])
diseq(quasiGroup[3, 5], quasiGroup[5, 3])
diseq(quasiGroup[3, 4], quasiGroup[4, 3])
diseq(quasiGroup[2, 3], quasiGroup[3, 2])
diseq(quasiGroup[1, 3], quasiGroup[3, 1])
diseq(quasiGroup[4, 7], quasiGroup[7, 4])
diseq(quasiGroup[4, 6], quasiGroup[6, 4])
diseq(quasiGroup[4, 5], quasiGroup[5, 4])
diseq(quasiGroup[3, 4], quasiGroup[4, 3])
diseq(quasiGroup[2, 4], quasiGroup[4, 2])
diseq(quasiGroup[1, 4], quasiGroup[4, 1])
diseq(quasiGroup[5, 7], quasiGroup[7, 5])
diseq(quasiGroup[5, 6], quasiGroup[6, 5])
diseq(quasiGroup[4, 5], quasiGroup[5, 4])
diseq(quasiGroup[3, 5], quasiGroup[5, 3])
diseq(quasiGroup[2, 5], quasiGroup[5, 2])
diseq(quasiGroup[1, 5], quasiGroup[5, 1])
diseq(quasiGroup[6, 7], quasiGroup[7, 6])
diseq(quasiGroup[5, 6], quasiGroup[6, 5])
diseq(quasiGroup[4, 6], quasiGroup[6, 4])
diseq(quasiGroup[3, 6], quasiGroup[6, 3])
diseq(quasiGroup[2, 6], quasiGroup[6, 2])
diseq(quasiGroup[1, 6], quasiGroup[6, 1])
diseq(quasiGroup[6, 7], quasiGroup[7, 6])
diseq(quasiGroup[5, 7], quasiGroup[7, 5])
diseq(quasiGroup[4, 7], quasiGroup[7, 4])
diseq(quasiGroup[3, 7], quasiGroup[7, 3])
diseq(quasiGroup[2, 7], quasiGroup[7, 2])
diseq(quasiGroup[1, 7], quasiGroup[7, 1])
diseq(quasiGroup[0, 7], quasiGroup[7, 0])
diseq(quasiGroup[0, 6], quasiGroup[6, 0])
diseq(quasiGroup[0, 5], quasiGroup[5, 0])
diseq(quasiGroup[0, 4], quasiGroup[4, 0])
diseq(quasiGroup[0, 3], quasiGroup[3, 0])
diseq(quasiGroup[0, 2], quasiGroup[2, 0])
diseq(quasiGroup[0, 1], quasiGroup[1, 0])
gacalldiff([qgDiagonal])
weightedsumgeq([8,1], [quasiGroup[0, 0],quasiGroup[0, 0]], aux0)
weightedsumleq([8,1], [quasiGroup[0, 0],quasiGroup[0, 0]], aux0)
weightedsumgeq([8,1], [quasiGroup[0, 1],quasiGroup[1, 0]], aux1)
weightedsumleq([8,1], [quasiGroup[0, 1],quasiGroup[1, 0]], aux1)
weightedsumgeq([8,1], [quasiGroup[0, 2],quasiGroup[2, 0]], aux2)
weightedsumleq([8,1], [quasiGroup[0, 2],quasiGroup[2, 0]], aux2)
weightedsumgeq([8,1], [quasiGroup[0, 3],quasiGroup[3, 0]], aux3)
weightedsumleq([8,1], [quasiGroup[0, 3],quasiGroup[3, 0]], aux3)
weightedsumgeq([8,1], [quasiGroup[0, 4],quasiGroup[4, 0]], aux4)
weightedsumleq([8,1], [quasiGroup[0, 4],quasiGroup[4, 0]], aux4)
weightedsumgeq([8,1], [quasiGroup[0, 5],quasiGroup[5, 0]], aux5)
weightedsumleq([8,1], [quasiGroup[0, 5],quasiGroup[5, 0]], aux5)
weightedsumgeq([8,1], [quasiGroup[0, 6],quasiGroup[6, 0]], aux6)
weightedsumleq([8,1], [quasiGroup[0, 6],quasiGroup[6, 0]], aux6)
weightedsumgeq([8,1], [quasiGroup[0, 7],quasiGroup[7, 0]], aux7)
weightedsumleq([8,1], [quasiGroup[0, 7],quasiGroup[7, 0]], aux7)
watchelement([quasiGroup_flattened2Vector], aux7, 0)
watchelement([quasiGroup_flattened2Vector], aux6, 0)
watchelement([quasiGroup_flattened2Vector], aux5, 0)
watchelement([quasiGroup_flattened2Vector], aux4, 0)
watchelement([quasiGroup_flattened2Vector], aux3, 0)
watchelement([quasiGroup_flattened2Vector], aux2, 0)
watchelement([quasiGroup_flattened2Vector], aux1, 0)
weightedsumgeq([8,1], [quasiGroup[1, 0],quasiGroup[0, 1]], aux8)
weightedsumleq([8,1], [quasiGroup[1, 0],quasiGroup[0, 1]], aux8)
weightedsumgeq([8,1], [quasiGroup[1, 1],quasiGroup[1, 1]], aux9)
weightedsumleq([8,1], [quasiGroup[1, 1],quasiGroup[1, 1]], aux9)
weightedsumgeq([8,1], [quasiGroup[1, 2],quasiGroup[2, 1]], aux10)
weightedsumleq([8,1], [quasiGroup[1, 2],quasiGroup[2, 1]], aux10)
weightedsumgeq([8,1], [quasiGroup[1, 3],quasiGroup[3, 1]], aux11)
weightedsumleq([8,1], [quasiGroup[1, 3],quasiGroup[3, 1]], aux11)
weightedsumgeq([8,1], [quasiGroup[1, 4],quasiGroup[4, 1]], aux12)
weightedsumleq([8,1], [quasiGroup[1, 4],quasiGroup[4, 1]], aux12)
weightedsumgeq([8,1], [quasiGroup[1, 5],quasiGroup[5, 1]], aux13)
weightedsumleq([8,1], [quasiGroup[1, 5],quasiGroup[5, 1]], aux13)
weightedsumgeq([8,1], [quasiGroup[1, 6],quasiGroup[6, 1]], aux14)
weightedsumleq([8,1], [quasiGroup[1, 6],quasiGroup[6, 1]], aux14)
weightedsumgeq([8,1], [quasiGroup[1, 7],quasiGroup[7, 1]], aux15)
weightedsumleq([8,1], [quasiGroup[1, 7],quasiGroup[7, 1]], aux15)
watchelement([quasiGroup_flattened2Vector], aux15, 1)
watchelement([quasiGroup_flattened2Vector], aux14, 1)
watchelement([quasiGroup_flattened2Vector], aux13, 1)
watchelement([quasiGroup_flattened2Vector], aux12, 1)
watchelement([quasiGroup_flattened2Vector], aux11, 1)
watchelement([quasiGroup_flattened2Vector], aux10, 1)
watchelement([quasiGroup_flattened2Vector], aux9, 1)
weightedsumgeq([8,1], [quasiGroup[2, 0],quasiGroup[0, 2]], aux16)
weightedsumleq([8,1], [quasiGroup[2, 0],quasiGroup[0, 2]], aux16)
weightedsumgeq([8,1], [quasiGroup[2, 1],quasiGroup[1, 2]], aux17)
weightedsumleq([8,1], [quasiGroup[2, 1],quasiGroup[1, 2]], aux17)
weightedsumgeq([8,1], [quasiGroup[2, 2],quasiGroup[2, 2]], aux18)
weightedsumleq([8,1], [quasiGroup[2, 2],quasiGroup[2, 2]], aux18)
weightedsumgeq([8,1], [quasiGroup[2, 3],quasiGroup[3, 2]], aux19)
weightedsumleq([8,1], [quasiGroup[2, 3],quasiGroup[3, 2]], aux19)
weightedsumgeq([8,1], [quasiGroup[2, 4],quasiGroup[4, 2]], aux20)
weightedsumleq([8,1], [quasiGroup[2, 4],quasiGroup[4, 2]], aux20)
weightedsumgeq([8,1], [quasiGroup[2, 5],quasiGroup[5, 2]], aux21)
weightedsumleq([8,1], [quasiGroup[2, 5],quasiGroup[5, 2]], aux21)
weightedsumgeq([8,1], [quasiGroup[2, 6],quasiGroup[6, 2]], aux22)
weightedsumleq([8,1], [quasiGroup[2, 6],quasiGroup[6, 2]], aux22)
weightedsumgeq([8,1], [quasiGroup[2, 7],quasiGroup[7, 2]], aux23)
weightedsumleq([8,1], [quasiGroup[2, 7],quasiGroup[7, 2]], aux23)
watchelement([quasiGroup_flattened2Vector], aux23, 2)
watchelement([quasiGroup_flattened2Vector], aux22, 2)
watchelement([quasiGroup_flattened2Vector], aux21, 2)
watchelement([quasiGroup_flattened2Vector], aux20, 2)
watchelement([quasiGroup_flattened2Vector], aux19, 2)
watchelement([quasiGroup_flattened2Vector], aux18, 2)
watchelement([quasiGroup_flattened2Vector], aux17, 2)
weightedsumgeq([8,1], [quasiGroup[3, 0],quasiGroup[0, 3]], aux24)
weightedsumleq([8,1], [quasiGroup[3, 0],quasiGroup[0, 3]], aux24)
weightedsumgeq([8,1], [quasiGroup[3, 1],quasiGroup[1, 3]], aux25)
weightedsumleq([8,1], [quasiGroup[3, 1],quasiGroup[1, 3]], aux25)
weightedsumgeq([8,1], [quasiGroup[3, 2],quasiGroup[2, 3]], aux26)
weightedsumleq([8,1], [quasiGroup[3, 2],quasiGroup[2, 3]], aux26)
weightedsumgeq([8,1], [quasiGroup[3, 3],quasiGroup[3, 3]], aux27)
weightedsumleq([8,1], [quasiGroup[3, 3],quasiGroup[3, 3]], aux27)
weightedsumgeq([8,1], [quasiGroup[3, 4],quasiGroup[4, 3]], aux28)
weightedsumleq([8,1], [quasiGroup[3, 4],quasiGroup[4, 3]], aux28)
weightedsumgeq([8,1], [quasiGroup[3, 5],quasiGroup[5, 3]], aux29)
weightedsumleq([8,1], [quasiGroup[3, 5],quasiGroup[5, 3]], aux29)
weightedsumgeq([8,1], [quasiGroup[3, 6],quasiGroup[6, 3]], aux30)
weightedsumleq([8,1], [quasiGroup[3, 6],quasiGroup[6, 3]], aux30)
weightedsumgeq([8,1], [quasiGroup[3, 7],quasiGroup[7, 3]], aux31)
weightedsumleq([8,1], [quasiGroup[3, 7],quasiGroup[7, 3]], aux31)
watchelement([quasiGroup_flattened2Vector], aux31, 3)
watchelement([quasiGroup_flattened2Vector], aux30, 3)
watchelement([quasiGroup_flattened2Vector], aux29, 3)
watchelement([quasiGroup_flattened2Vector], aux28, 3)
watchelement([quasiGroup_flattened2Vector], aux27, 3)
watchelement([quasiGroup_flattened2Vector], aux26, 3)
watchelement([quasiGroup_flattened2Vector], aux25, 3)
weightedsumgeq([8,1], [quasiGroup[4, 0],quasiGroup[0, 4]], aux32)
weightedsumleq([8,1], [quasiGroup[4, 0],quasiGroup[0, 4]], aux32)
weightedsumgeq([8,1], [quasiGroup[4, 1],quasiGroup[1, 4]], aux33)
weightedsumleq([8,1], [quasiGroup[4, 1],quasiGroup[1, 4]], aux33)
weightedsumgeq([8,1], [quasiGroup[4, 2],quasiGroup[2, 4]], aux34)
weightedsumleq([8,1], [quasiGroup[4, 2],quasiGroup[2, 4]], aux34)
weightedsumgeq([8,1], [quasiGroup[4, 3],quasiGroup[3, 4]], aux35)
weightedsumleq([8,1], [quasiGroup[4, 3],quasiGroup[3, 4]], aux35)
weightedsumgeq([8,1], [quasiGroup[4, 4],quasiGroup[4, 4]], aux36)
weightedsumleq([8,1], [quasiGroup[4, 4],quasiGroup[4, 4]], aux36)
weightedsumgeq([8,1], [quasiGroup[4, 5],quasiGroup[5, 4]], aux37)
weightedsumleq([8,1], [quasiGroup[4, 5],quasiGroup[5, 4]], aux37)
weightedsumgeq([8,1], [quasiGroup[4, 6],quasiGroup[6, 4]], aux38)
weightedsumleq([8,1], [quasiGroup[4, 6],quasiGroup[6, 4]], aux38)
weightedsumgeq([8,1], [quasiGroup[4, 7],quasiGroup[7, 4]], aux39)
weightedsumleq([8,1], [quasiGroup[4, 7],quasiGroup[7, 4]], aux39)
watchelement([quasiGroup_flattened2Vector], aux39, 4)
watchelement([quasiGroup_flattened2Vector], aux38, 4)
watchelement([quasiGroup_flattened2Vector], aux37, 4)
watchelement([quasiGroup_flattened2Vector], aux36, 4)
watchelement([quasiGroup_flattened2Vector], aux35, 4)
watchelement([quasiGroup_flattened2Vector], aux34, 4)
watchelement([quasiGroup_flattened2Vector], aux33, 4)
weightedsumgeq([8,1], [quasiGroup[5, 0],quasiGroup[0, 5]], aux40)
weightedsumleq([8,1], [quasiGroup[5, 0],quasiGroup[0, 5]], aux40)
weightedsumgeq([8,1], [quasiGroup[5, 1],quasiGroup[1, 5]], aux41)
weightedsumleq([8,1], [quasiGroup[5, 1],quasiGroup[1, 5]], aux41)
weightedsumgeq([8,1], [quasiGroup[5, 2],quasiGroup[2, 5]], aux42)
weightedsumleq([8,1], [quasiGroup[5, 2],quasiGroup[2, 5]], aux42)
weightedsumgeq([8,1], [quasiGroup[5, 3],quasiGroup[3, 5]], aux43)
weightedsumleq([8,1], [quasiGroup[5, 3],quasiGroup[3, 5]], aux43)
weightedsumgeq([8,1], [quasiGroup[5, 4],quasiGroup[4, 5]], aux44)
weightedsumleq([8,1], [quasiGroup[5, 4],quasiGroup[4, 5]], aux44)
weightedsumgeq([8,1], [quasiGroup[5, 5],quasiGroup[5, 5]], aux45)
weightedsumleq([8,1], [quasiGroup[5, 5],quasiGroup[5, 5]], aux45)
weightedsumgeq([8,1], [quasiGroup[5, 6],quasiGroup[6, 5]], aux46)
weightedsumleq([8,1], [quasiGroup[5, 6],quasiGroup[6, 5]], aux46)
weightedsumgeq([8,1], [quasiGroup[5, 7],quasiGroup[7, 5]], aux47)
weightedsumleq([8,1], [quasiGroup[5, 7],quasiGroup[7, 5]], aux47)
watchelement([quasiGroup_flattened2Vector], aux47, 5)
watchelement([quasiGroup_flattened2Vector], aux46, 5)
watchelement([quasiGroup_flattened2Vector], aux45, 5)
watchelement([quasiGroup_flattened2Vector], aux44, 5)
watchelement([quasiGroup_flattened2Vector], aux43, 5)
watchelement([quasiGroup_flattened2Vector], aux42, 5)
watchelement([quasiGroup_flattened2Vector], aux41, 5)
weightedsumgeq([8,1], [quasiGroup[6, 0],quasiGroup[0, 6]], aux48)
weightedsumleq([8,1], [quasiGroup[6, 0],quasiGroup[0, 6]], aux48)
weightedsumgeq([8,1], [quasiGroup[6, 1],quasiGroup[1, 6]], aux49)
weightedsumleq([8,1], [quasiGroup[6, 1],quasiGroup[1, 6]], aux49)
weightedsumgeq([8,1], [quasiGroup[6, 2],quasiGroup[2, 6]], aux50)
weightedsumleq([8,1], [quasiGroup[6, 2],quasiGroup[2, 6]], aux50)
weightedsumgeq([8,1], [quasiGroup[6, 3],quasiGroup[3, 6]], aux51)
weightedsumleq([8,1], [quasiGroup[6, 3],quasiGroup[3, 6]], aux51)
weightedsumgeq([8,1], [quasiGroup[6, 4],quasiGroup[4, 6]], aux52)
weightedsumleq([8,1], [quasiGroup[6, 4],quasiGroup[4, 6]], aux52)
weightedsumgeq([8,1], [quasiGroup[6, 5],quasiGroup[5, 6]], aux53)
weightedsumleq([8,1], [quasiGroup[6, 5],quasiGroup[5, 6]], aux53)
weightedsumgeq([8,1], [quasiGroup[6, 6],quasiGroup[6, 6]], aux54)
weightedsumleq([8,1], [quasiGroup[6, 6],quasiGroup[6, 6]], aux54)
weightedsumgeq([8,1], [quasiGroup[6, 7],quasiGroup[7, 6]], aux55)
weightedsumleq([8,1], [quasiGroup[6, 7],quasiGroup[7, 6]], aux55)
watchelement([quasiGroup_flattened2Vector], aux55, 6)
watchelement([quasiGroup_flattened2Vector], aux54, 6)
watchelement([quasiGroup_flattened2Vector], aux53, 6)
watchelement([quasiGroup_flattened2Vector], aux52, 6)
watchelement([quasiGroup_flattened2Vector], aux51, 6)
watchelement([quasiGroup_flattened2Vector], aux50, 6)
watchelement([quasiGroup_flattened2Vector], aux49, 6)
weightedsumgeq([8,1], [quasiGroup[7, 0],quasiGroup[0, 7]], aux56)
weightedsumleq([8,1], [quasiGroup[7, 0],quasiGroup[0, 7]], aux56)
weightedsumgeq([8,1], [quasiGroup[7, 1],quasiGroup[1, 7]], aux57)
weightedsumleq([8,1], [quasiGroup[7, 1],quasiGroup[1, 7]], aux57)
weightedsumgeq([8,1], [quasiGroup[7, 2],quasiGroup[2, 7]], aux58)
weightedsumleq([8,1], [quasiGroup[7, 2],quasiGroup[2, 7]], aux58)
weightedsumgeq([8,1], [quasiGroup[7, 3],quasiGroup[3, 7]], aux59)
weightedsumleq([8,1], [quasiGroup[7, 3],quasiGroup[3, 7]], aux59)
weightedsumgeq([8,1], [quasiGroup[7, 4],quasiGroup[4, 7]], aux60)
weightedsumleq([8,1], [quasiGroup[7, 4],quasiGroup[4, 7]], aux60)
weightedsumgeq([8,1], [quasiGroup[7, 5],quasiGroup[5, 7]], aux61)
weightedsumleq([8,1], [quasiGroup[7, 5],quasiGroup[5, 7]], aux61)
weightedsumgeq([8,1], [quasiGroup[7, 6],quasiGroup[6, 7]], aux62)
weightedsumleq([8,1], [quasiGroup[7, 6],quasiGroup[6, 7]], aux62)
weightedsumgeq([8,1], [quasiGroup[7, 7],quasiGroup[7, 7]], aux63)
weightedsumleq([8,1], [quasiGroup[7, 7],quasiGroup[7, 7]], aux63)
watchelement([quasiGroup_flattened2Vector], aux63, 7)
watchelement([quasiGroup_flattened2Vector], aux62, 7)
watchelement([quasiGroup_flattened2Vector], aux61, 7)
watchelement([quasiGroup_flattened2Vector], aux60, 7)
watchelement([quasiGroup_flattened2Vector], aux59, 7)
watchelement([quasiGroup_flattened2Vector], aux58, 7)
watchelement([quasiGroup_flattened2Vector], aux57, 7)
watchelement([quasiGroup_flattened2Vector], aux56, 7)
watchelement([quasiGroup_flattened2Vector], aux48, 6)
watchelement([quasiGroup_flattened2Vector], aux40, 5)
watchelement([quasiGroup_flattened2Vector], aux32, 4)
watchelement([quasiGroup_flattened2Vector], aux24, 3)
watchelement([quasiGroup_flattened2Vector], aux16, 2)
watchelement([quasiGroup_flattened2Vector], aux8, 1)
watchelement([quasiGroup_flattened2Vector], aux0, 0)
gacalldiff([quasiGroup[_,7]])
gacalldiff([quasiGroup[_,6]])
gacalldiff([quasiGroup[_,5]])
gacalldiff([quasiGroup[_,4]])
gacalldiff([quasiGroup[_,3]])
gacalldiff([quasiGroup[_,2]])
gacalldiff([quasiGroup[_,1]])
gacalldiff([quasiGroup[_,0]])
gacalldiff([quasiGroup[7,_]])
gacalldiff([quasiGroup[6,_]])
gacalldiff([quasiGroup[5,_]])
gacalldiff([quasiGroup[4,_]])
gacalldiff([quasiGroup[3,_]])
gacalldiff([quasiGroup[2,_]])
gacalldiff([quasiGroup[1,_]])
gacalldiff([quasiGroup[0,_]])

**EOF**
