MINION 3

#This file has been automatically generated by TAILOR v0.3.3
#bug-reports: andrea@cs.st-and.ac.uk

**VARIABLES**
DISCRETE e {0..9}
DISCRETE n {0..9}
DISCRETE d {0..9}
DISCRETE o {0..9}
DISCRETE r {0..9}
DISCRETE y {0..9}
DISCRETE s {1..9}
DISCRETE m {1..9}

# aliases

**SEARCH**

PRINT [
[e],[n],[d],[o],[r],[y],[s],[m]]

VARORDER [
e,n,d,o,r,y,s,m]


**CONSTRAINTS**

alldiff([ s, e, n, d, m, o, r, y])
weightedsumgeq([1,10,100,1000,10000,-1,-10,-10,-100,-101,-1000,-1000], [y,e,n,o,m,d,n,r,o,e,m,s], 0)
weightedsumleq([1,10,100,1000,10000,-1,-10,-10,-100,-101,-1000,-1000], [y,e,n,o,m,d,n,r,o,e,m,s], 0)

**EOF**
