MINION 3

#This file has been automatically generated by TAILOR v0.3.3
#bug-reports: andrea@cs.st-and.ac.uk

**VARIABLES**
DISCRETE schedule[7,4,2] {1..8}
DISCRETE game[7,4] {1..28}

# aliases

**SEARCH**

PRINT [
schedule,game]

VARORDER [
schedule,game]


**CONSTRAINTS**

lexleq([schedule[_,2,_]], [schedule[_,3,_]])
lexleq([schedule[_,1,_]], [schedule[_,2,_]])
lexleq([schedule[_,0,_]], [schedule[_,1,_]])
lexleq([ schedule[5,_,_]], [ schedule[6,_,_]])
lexleq([ schedule[4,_,_]], [ schedule[5,_,_]])
lexleq([ schedule[3,_,_]], [ schedule[4,_,_]])
lexleq([ schedule[2,_,_]], [ schedule[3,_,_]])
lexleq([ schedule[1,_,_]], [ schedule[2,_,_]])
lexleq([ schedule[0,_,_]], [ schedule[1,_,_]])
ineq(schedule[0, 3, 0],schedule[0, 3, 1],-1)
ineq(schedule[0, 2, 0],schedule[0, 2, 1],-1)
ineq(schedule[0, 1, 0],schedule[0, 1, 1],-1)
ineq(schedule[1, 3, 0],schedule[1, 3, 1],-1)
ineq(schedule[1, 2, 0],schedule[1, 2, 1],-1)
ineq(schedule[1, 1, 0],schedule[1, 1, 1],-1)
ineq(schedule[2, 3, 0],schedule[2, 3, 1],-1)
ineq(schedule[2, 2, 0],schedule[2, 2, 1],-1)
ineq(schedule[2, 1, 0],schedule[2, 1, 1],-1)
ineq(schedule[3, 3, 0],schedule[3, 3, 1],-1)
ineq(schedule[3, 2, 0],schedule[3, 2, 1],-1)
ineq(schedule[3, 1, 0],schedule[3, 1, 1],-1)
ineq(schedule[4, 3, 0],schedule[4, 3, 1],-1)
ineq(schedule[4, 2, 0],schedule[4, 2, 1],-1)
ineq(schedule[4, 1, 0],schedule[4, 1, 1],-1)
ineq(schedule[5, 3, 0],schedule[5, 3, 1],-1)
ineq(schedule[5, 2, 0],schedule[5, 2, 1],-1)
ineq(schedule[5, 1, 0],schedule[5, 1, 1],-1)
ineq(schedule[6, 3, 0],schedule[6, 3, 1],-1)
ineq(schedule[6, 2, 0],schedule[6, 2, 1],-1)
ineq(schedule[6, 1, 0],schedule[6, 1, 1],-1)
ineq(schedule[6, 0, 0],schedule[6, 0, 1],-1)
ineq(schedule[5, 0, 0],schedule[5, 0, 1],-1)
ineq(schedule[4, 0, 0],schedule[4, 0, 1],-1)
ineq(schedule[3, 0, 0],schedule[3, 0, 1],-1)
ineq(schedule[2, 0, 0],schedule[2, 0, 1],-1)
ineq(schedule[1, 0, 0],schedule[1, 0, 1],-1)
ineq(schedule[0, 0, 0],schedule[0, 0, 1],-1)
table([schedule[0, 3, 0],schedule[0, 3, 1],game[0, 3]],{<1,2,1>, <1,3,2>, <1,4,3>, <2,3,4>, <2,4,5>, <3,4,6>})
table([schedule[0, 2, 0],schedule[0, 2, 1],game[0, 2]],{<1,2,1>, <1,3,2>, <1,4,3>, <2,3,4>, <2,4,5>, <3,4,6>})
table([schedule[0, 1, 0],schedule[0, 1, 1],game[0, 1]],{<1,2,1>, <1,3,2>, <1,4,3>, <2,3,4>, <2,4,5>, <3,4,6>})
table([schedule[1, 3, 0],schedule[1, 3, 1],game[1, 3]],{<1,2,1>, <1,3,2>, <1,4,3>, <2,3,4>, <2,4,5>, <3,4,6>})
table([schedule[1, 2, 0],schedule[1, 2, 1],game[1, 2]],{<1,2,1>, <1,3,2>, <1,4,3>, <2,3,4>, <2,4,5>, <3,4,6>})
table([schedule[1, 1, 0],schedule[1, 1, 1],game[1, 1]],{<1,2,1>, <1,3,2>, <1,4,3>, <2,3,4>, <2,4,5>, <3,4,6>})
table([schedule[2, 3, 0],schedule[2, 3, 1],game[2, 3]],{<1,2,1>, <1,3,2>, <1,4,3>, <2,3,4>, <2,4,5>, <3,4,6>})
table([schedule[2, 2, 0],schedule[2, 2, 1],game[2, 2]],{<1,2,1>, <1,3,2>, <1,4,3>, <2,3,4>, <2,4,5>, <3,4,6>})
table([schedule[2, 1, 0],schedule[2, 1, 1],game[2, 1]],{<1,2,1>, <1,3,2>, <1,4,3>, <2,3,4>, <2,4,5>, <3,4,6>})
table([schedule[3, 3, 0],schedule[3, 3, 1],game[3, 3]],{<1,2,1>, <1,3,2>, <1,4,3>, <2,3,4>, <2,4,5>, <3,4,6>})
table([schedule[3, 2, 0],schedule[3, 2, 1],game[3, 2]],{<1,2,1>, <1,3,2>, <1,4,3>, <2,3,4>, <2,4,5>, <3,4,6>})
table([schedule[3, 1, 0],schedule[3, 1, 1],game[3, 1]],{<1,2,1>, <1,3,2>, <1,4,3>, <2,3,4>, <2,4,5>, <3,4,6>})
table([schedule[4, 3, 0],schedule[4, 3, 1],game[4, 3]],{<1,2,1>, <1,3,2>, <1,4,3>, <2,3,4>, <2,4,5>, <3,4,6>})
table([schedule[4, 2, 0],schedule[4, 2, 1],game[4, 2]],{<1,2,1>, <1,3,2>, <1,4,3>, <2,3,4>, <2,4,5>, <3,4,6>})
table([schedule[4, 1, 0],schedule[4, 1, 1],game[4, 1]],{<1,2,1>, <1,3,2>, <1,4,3>, <2,3,4>, <2,4,5>, <3,4,6>})
table([schedule[5, 3, 0],schedule[5, 3, 1],game[5, 3]],{<1,2,1>, <1,3,2>, <1,4,3>, <2,3,4>, <2,4,5>, <3,4,6>})
table([schedule[5, 2, 0],schedule[5, 2, 1],game[5, 2]],{<1,2,1>, <1,3,2>, <1,4,3>, <2,3,4>, <2,4,5>, <3,4,6>})
table([schedule[5, 1, 0],schedule[5, 1, 1],game[5, 1]],{<1,2,1>, <1,3,2>, <1,4,3>, <2,3,4>, <2,4,5>, <3,4,6>})
table([schedule[6, 3, 0],schedule[6, 3, 1],game[6, 3]],{<1,2,1>, <1,3,2>, <1,4,3>, <2,3,4>, <2,4,5>, <3,4,6>})
table([schedule[6, 2, 0],schedule[6, 2, 1],game[6, 2]],{<1,2,1>, <1,3,2>, <1,4,3>, <2,3,4>, <2,4,5>, <3,4,6>})
table([schedule[6, 1, 0],schedule[6, 1, 1],game[6, 1]],{<1,2,1>, <1,3,2>, <1,4,3>, <2,3,4>, <2,4,5>, <3,4,6>})
table([schedule[6, 0, 0],schedule[6, 0, 1],game[6, 0]],{<1,2,1>, <1,3,2>, <1,4,3>, <2,3,4>, <2,4,5>, <3,4,6>})
table([schedule[5, 0, 0],schedule[5, 0, 1],game[5, 0]],{<1,2,1>, <1,3,2>, <1,4,3>, <2,3,4>, <2,4,5>, <3,4,6>})
table([schedule[4, 0, 0],schedule[4, 0, 1],game[4, 0]],{<1,2,1>, <1,3,2>, <1,4,3>, <2,3,4>, <2,4,5>, <3,4,6>})
table([schedule[3, 0, 0],schedule[3, 0, 1],game[3, 0]],{<1,2,1>, <1,3,2>, <1,4,3>, <2,3,4>, <2,4,5>, <3,4,6>})
table([schedule[2, 0, 0],schedule[2, 0, 1],game[2, 0]],{<1,2,1>, <1,3,2>, <1,4,3>, <2,3,4>, <2,4,5>, <3,4,6>})
table([schedule[1, 0, 0],schedule[1, 0, 1],game[1, 0]],{<1,2,1>, <1,3,2>, <1,4,3>, <2,3,4>, <2,4,5>, <3,4,6>})
table([schedule[0, 0, 0],schedule[0, 0, 1],game[0, 0]],{<1,2,1>, <1,3,2>, <1,4,3>, <2,3,4>, <2,4,5>, <3,4,6>})
gacalldiff([game])
occurrenceleq([schedule[_,3,_]], 1, 2)
occurrenceleq([schedule[_,3,_]], 2, 2)
occurrenceleq([schedule[_,3,_]], 3, 2)
occurrenceleq([schedule[_,3,_]], 4, 2)
occurrenceleq([schedule[_,2,_]], 1, 2)
occurrenceleq([schedule[_,2,_]], 2, 2)
occurrenceleq([schedule[_,2,_]], 3, 2)
occurrenceleq([schedule[_,2,_]], 4, 2)
occurrenceleq([schedule[_,1,_]], 1, 2)
occurrenceleq([schedule[_,1,_]], 2, 2)
occurrenceleq([schedule[_,1,_]], 3, 2)
occurrenceleq([schedule[_,1,_]], 4, 2)
occurrenceleq([schedule[_,0,_]], 1, 2)
occurrenceleq([schedule[_,0,_]], 2, 2)
occurrenceleq([schedule[_,0,_]], 3, 2)
occurrenceleq([schedule[_,0,_]], 4, 2)
gacalldiff([ schedule[6,_,_]])
gacalldiff([ schedule[5,_,_]])
gacalldiff([ schedule[4,_,_]])
gacalldiff([ schedule[3,_,_]])
gacalldiff([ schedule[2,_,_]])
gacalldiff([ schedule[1,_,_]])
gacalldiff([ schedule[0,_,_]])

**EOF**
