MINION 3
**VARIABLES**
DISCRETE x #
{3..6}
DISCRETE y #
{2..9}
**CONSTRAINTS**
w-inset(y,[2, 7, 8, 9])
**VARIABLES**
**SEARCH**
PRINT[[x],[y]]
VARORDER STATIC [x,y]
VARORDER AUX []
**CONSTRAINTS**
sumgeq([3,y],x)
sumgeq([2,y],x)
ineq(x, y, -1)
**EOF**
