MINION 3
# CSETopLevel_number = 0
# CSETopLevel_eliminated_expressions = 0
# CSETopLevel_total_size = 0
# CSE_number = 0
# CSE_eliminated_expressions = 0
# CSE_total_size = 0
**VARIABLES**
DISCRETE x_00000 #
{1..10}
DISCRETE x_00001 #
{1..10}
DISCRETE x_00002 #
{1..10}
DISCRETE x_00003 #
{1..10}
DISCRETE x_00004 #
{1..10}
DISCRETE x_00005 #
{1..10}
**SEARCH**
PRINT[[x_00000],[x_00001],[x_00002],[x_00003],[x_00004],[x_00005]]
VARORDER STATIC [x_00000,x_00001,x_00002,x_00003,x_00004,x_00005]
VARORDER AUX []
**CONSTRAINTS**
true()**EOF**
