MINION 3

#This file has been automatically generated by TAILOR v0.3.3
#bug-reports: andrea@cs.st-and.ac.uk

**VARIABLES**
BOUND a {16..394}
BOUND b {16..792}

# auxiliary variables
BOUND aux0 {-776..378}
BOUND aux1 {0..776}

# aliases

**SEARCH**

PRINT [
[a],[b]]

VARORDER [
a,b,
aux0,aux1]


**CONSTRAINTS**

weightedsumgeq([1,-1], [a,b], aux0)
weightedsumleq([1,-1], [a,b], aux0)
abs(aux1,aux0)
ineq(424,aux1,-1)

**EOF**
