MINION 3

#This file has been automatically generated by TAILOR v0.3.3
#bug-reports: andrea@cs.st-and.ac.uk

**VARIABLES**
DISCRETE sudoku[9,9] {1..9}

# aliases

**SEARCH**

PRINT [
sudoku]

VARORDER [
sudoku]


**CONSTRAINTS**

gacalldiff([ sudoku[0, 0], sudoku[0, 1], sudoku[0, 2], sudoku[0, 3], sudoku[0, 4], sudoku[0, 5], sudoku[0, 6], sudoku[0, 7], sudoku[0, 8]])

**EOF**
