MINION 3

#This file has been automatically generated by TAILOR v0.3.3
#bug-reports: andrea@cs.st-and.ac.uk

**VARIABLES**
DISCRETE animal1 {2..4}
DISCRETE animal2 {2..4}
DISCRETE animal3 {2..4}
DISCRETE animal4 {2..4}
DISCRETE animal5 {2..4}
DISCRETE animal6 {2..4}
DISCRETE animal7 {2..4}

# aliases

**SEARCH**

PRINT [
[animal1],[animal2],[animal3],[animal4],[animal5],[animal6],[animal7]]

VARORDER [
animal1,animal2,animal3,animal4,animal5,animal6,animal7]


**CONSTRAINTS**

sumleq([animal1,animal2,animal3,animal4,animal5,animal6,animal7], 22)
sumgeq([animal1,animal2,animal3,animal4,animal5,animal6,animal7], 22)
diseq(animal1, 3)
diseq(animal2, 3)
diseq(animal3, 3)
diseq(animal4, 3)
diseq(animal5, 3)
diseq(animal6, 3)
diseq(animal7, 3)

**EOF**
