MINION 3

#This file has been automatically generated by TAILOR v0.3.3
#bug-reports: andrea@cs.st-and.ac.uk

**VARIABLES**
DISCRETE field[5,5] {1..5}

# aliases

**SEARCH**

PRINT [
field]

VARORDER [
field]


**CONSTRAINTS**

eq(3, field[0, 2])
eq(2, field[0, 3])
ineq(field[4, 3],field[4, 2],-1)
ineq(field[4, 1],field[4, 0],-1)
ineq(field[4, 4],field[3, 4],-1)
ineq(field[3, 3],field[3, 2],-1)
ineq(field[2, 3],field[1, 3],-1)
ineq(field[2, 2],field[1, 2],-1)
ineq(field[1, 2],field[0, 2],-1)
ineq(field[0, 1],field[0, 0],-1)
ineq(field[2, 1],field[3, 1],-1)
ineq(field[1, 4],field[2, 4],-1)
ineq(field[0, 3],field[0, 4],-1)
gacalldiff([field[_,4]])
gacalldiff([field[_,3]])
gacalldiff([field[_,2]])
gacalldiff([field[_,1]])
gacalldiff([field[_,0]])
gacalldiff([field[4,_]])
gacalldiff([field[3,_]])
gacalldiff([field[2,_]])
gacalldiff([field[1,_]])
gacalldiff([field[0,_]])

**EOF**
