MINION 3

#This file has been automatically generated by TAILOR v0.3.3
#bug-reports: andrea@cs.st-and.ac.uk

**VARIABLES**
DISCRETE position[22] {1..22}

# aliases

**SEARCH**

PRINT [
position]

VARORDER [
position]


**CONSTRAINTS**

gacalldiff([position])
sumleq([12,position[10]], position[21])
sumgeq([12,position[10]], position[21])
sumleq([11,position[9]], position[20])
sumgeq([11,position[9]], position[20])
sumleq([10,position[8]], position[19])
sumgeq([10,position[8]], position[19])
sumleq([9,position[7]], position[18])
sumgeq([9,position[7]], position[18])
sumleq([8,position[6]], position[17])
sumgeq([8,position[6]], position[17])
sumleq([7,position[5]], position[16])
sumgeq([7,position[5]], position[16])
sumleq([6,position[4]], position[15])
sumgeq([6,position[4]], position[15])
sumleq([5,position[3]], position[14])
sumgeq([5,position[3]], position[14])
sumleq([4,position[2]], position[13])
sumgeq([4,position[2]], position[13])
sumleq([3,position[1]], position[12])
sumgeq([3,position[1]], position[12])
sumleq([2,position[0]], position[11])
sumgeq([2,position[0]], position[11])

**EOF**
