MINION 3
**VARIABLES**
DISCRETE position_00000 #
{1..27}
DISCRETE position_00001 #
{1..27}
DISCRETE position_00002 #
{1..27}
DISCRETE position_00003 #
{1..27}
DISCRETE position_00004 #
{1..27}
DISCRETE position_00005 #
{1..27}
DISCRETE position_00006 #
{1..27}
DISCRETE position_00007 #
{1..27}
DISCRETE position_00008 #
{1..27}
DISCRETE position_00009 #
{1..27}
DISCRETE position_00010 #
{1..27}
DISCRETE position_00011 #
{1..27}
DISCRETE position_00012 #
{1..27}
DISCRETE position_00013 #
{1..27}
DISCRETE position_00014 #
{1..27}
DISCRETE position_00015 #
{1..27}
DISCRETE position_00016 #
{1..27}
DISCRETE position_00017 #
{1..27}
DISCRETE position_00018 #
{1..27}
DISCRETE position_00019 #
{1..27}
DISCRETE position_00020 #
{1..27}
DISCRETE position_00021 #
{1..27}
DISCRETE position_00022 #
{1..27}
DISCRETE position_00023 #
{1..27}
DISCRETE position_00024 #
{1..27}
DISCRETE position_00025 #
{1..27}
DISCRETE position_00026 #
{1..27}
**SEARCH**
PRINT[[position_00000],[position_00001],[position_00002],[position_00003],[position_00004],[position_00005],[position_00006],[position_00007],[position_00008],[position_00009],[position_00010],[position_00011],[position_00012],[position_00013],[position_00014],[position_00015],[position_00016],[position_00017],[position_00018],[position_00019],[position_00020],[position_00021],[position_00022],[position_00023],[position_00024],[position_00025],[position_00026]]
VARORDER STATIC [position_00000,position_00001,position_00002,position_00003,position_00004,position_00005,position_00006,position_00007,position_00008,position_00009,position_00010,position_00011,position_00012,position_00013,position_00014,position_00015,position_00016,position_00017,position_00018,position_00019,position_00020,position_00021,position_00022,position_00023,position_00024,position_00025,position_00026]
VARORDER AUX []
**CONSTRAINTS**
gacalldiff([position_00000, position_00001, position_00002, position_00003, position_00004, position_00005, position_00006, position_00007, position_00008, position_00009, position_00010, position_00011, position_00012, position_00013, position_00014, position_00015, position_00016, position_00017, position_00018, position_00019, position_00020, position_00021, position_00022, position_00023, position_00024, position_00025, position_00026])
sumleq([position_00000,2],position_00009)
sumgeq([position_00000,2],position_00009)
sumleq([position_00009,2],position_00018)
sumgeq([position_00009,2],position_00018)
sumleq([position_00001,3],position_00010)
sumgeq([position_00001,3],position_00010)
sumleq([position_00010,3],position_00019)
sumgeq([position_00010,3],position_00019)
sumleq([position_00002,4],position_00011)
sumgeq([position_00002,4],position_00011)
sumleq([position_00011,4],position_00020)
sumgeq([position_00011,4],position_00020)
sumleq([position_00003,5],position_00012)
sumgeq([position_00003,5],position_00012)
sumleq([position_00012,5],position_00021)
sumgeq([position_00012,5],position_00021)
sumleq([position_00004,6],position_00013)
sumgeq([position_00004,6],position_00013)
sumleq([position_00013,6],position_00022)
sumgeq([position_00013,6],position_00022)
sumleq([position_00005,7],position_00014)
sumgeq([position_00005,7],position_00014)
sumleq([position_00014,7],position_00023)
sumgeq([position_00014,7],position_00023)
sumleq([position_00006,8],position_00015)
sumgeq([position_00006,8],position_00015)
sumleq([position_00015,8],position_00024)
sumgeq([position_00015,8],position_00024)
sumleq([position_00007,9],position_00016)
sumgeq([position_00007,9],position_00016)
sumleq([position_00016,9],position_00025)
sumgeq([position_00016,9],position_00025)
sumleq([position_00008,10],position_00017)
sumgeq([position_00008,10],position_00017)
sumleq([position_00017,10],position_00026)
sumgeq([position_00017,10],position_00026)
**EOF**
