MINION 3

#This file has been automatically generated by TAILOR v0.3.3
#bug-reports: andrea@cs.st-and.ac.uk

**VARIABLES**
DISCRETE q {1..5}

# aliases

**SEARCH**

PRINT [
[q]]

VARORDER [
q]


**CONSTRAINTS**

eq(q, 1)

**EOF**
