MINION 3
**VARIABLES**
DISCRETE x #
{1..2}
**SEARCH**
PRINT[[x]]
VARORDER STATIC [x]
VARORDER AUX []
**CONSTRAINTS**
true()**EOF**
