MINION 3

#This file has been automatically generated by TAILOR v0.3.3
#bug-reports: andrea@cs.st-and.ac.uk

**VARIABLES**
DISCRETE quasiGroup[7,7] {0..6}

# auxiliary variables
DISCRETE aux0 {0..6}
DISCRETE aux1 {0..6}
DISCRETE aux2 {0..6}
DISCRETE aux3 {0..6}
DISCRETE aux4 {0..6}
DISCRETE aux5 {0..6}
DISCRETE aux6 {0..6}
DISCRETE aux7 {0..6}
DISCRETE aux8 {0..6}
DISCRETE aux9 {0..6}
DISCRETE aux10 {0..6}
DISCRETE aux11 {0..6}
DISCRETE aux12 {0..6}
DISCRETE aux13 {0..6}
DISCRETE aux14 {0..6}
DISCRETE aux15 {0..6}
DISCRETE aux16 {0..6}
DISCRETE aux17 {0..6}
DISCRETE aux18 {0..6}
DISCRETE aux19 {0..6}
DISCRETE aux20 {0..6}
DISCRETE aux21 {0..6}
DISCRETE aux22 {0..6}
DISCRETE aux23 {0..6}
DISCRETE aux24 {0..6}
DISCRETE aux25 {0..6}
DISCRETE aux26 {0..6}
DISCRETE aux27 {0..6}
DISCRETE aux28 {0..6}
DISCRETE aux29 {0..6}
DISCRETE aux30 {0..6}
DISCRETE aux31 {0..6}
DISCRETE aux32 {0..6}
DISCRETE aux33 {0..6}
DISCRETE aux34 {0..6}
DISCRETE aux35 {0..6}
DISCRETE aux36 {0..6}
DISCRETE aux37 {0..6}
DISCRETE aux38 {0..6}
DISCRETE aux39 {0..6}
DISCRETE aux40 {0..6}
DISCRETE aux41 {0..6}
DISCRETE aux42 {0..6}
DISCRETE aux43 {0..6}
DISCRETE aux44 {0..6}
DISCRETE aux45 {0..6}
DISCRETE aux46 {0..6}
DISCRETE aux47 {0..6}
DISCRETE aux48 {0..6}
BOOL aux49 
BOOL aux50 
BOOL aux51 
BOOL aux52 
BOOL aux53 
BOOL aux54 
BOOL aux55 
BOOL aux56 
BOOL aux57 
BOOL aux58 
BOOL aux59 
BOOL aux60 
BOOL aux61 
BOOL aux62 
BOOL aux63 
BOOL aux64 
BOOL aux65 
BOOL aux66 
BOOL aux67 
BOOL aux68 
BOOL aux69 
BOOL aux70 
BOOL aux71 
BOOL aux72 
BOOL aux73 
BOOL aux74 
BOOL aux75 
BOOL aux76 
BOOL aux77 
BOOL aux78 
BOOL aux79 
BOOL aux80 
BOOL aux81 
BOOL aux82 
BOOL aux83 
BOOL aux84 
BOOL aux85 
BOOL aux86 
BOOL aux87 
BOOL aux88 
BOOL aux89 
BOOL aux90 
BOOL aux91 
BOOL aux92 
BOOL aux93 
BOOL aux94 
BOOL aux95 
BOOL aux96 
BOOL aux97 

# aliases

**SEARCH**

PRINT [
quasiGroup]

VARORDER [
quasiGroup,
aux0,aux1,aux2,aux3,aux4,aux5,aux6,aux7,
aux8,aux9,aux10,aux11,aux12,aux13,aux14,aux15,
aux16,aux17,aux18,aux19,aux20,aux21,aux22,aux23,
aux24,aux25,aux26,aux27,aux28,aux29,aux30,aux31,
aux32,aux33,aux34,aux35,aux36,aux37,aux38,aux39,
aux40,aux41,aux42,aux43,aux44,aux45,aux46,aux47,
aux48,aux49,aux50,aux51,aux52,aux53,aux54,aux55,
aux56,aux57,aux58,aux59,aux60,aux61,aux62,aux63,
aux64,aux65,aux66,aux67,aux68,aux69,aux70,aux71,
aux72,aux73,aux74,aux75,aux76,aux77,aux78,aux79,
aux80,aux81,aux82,aux83,aux84,aux85,aux86,aux87,
aux88,aux89,aux90,aux91,aux92,aux93,aux94,aux95,
aux96,aux97]


**CONSTRAINTS**

sumgeq([2,quasiGroup[6, 6]], 6)
sumgeq([2,quasiGroup[5, 6]], 5)
sumgeq([2,quasiGroup[4, 6]], 4)
sumgeq([2,quasiGroup[3, 6]], 3)
sumgeq([2,quasiGroup[2, 6]], 2)
sumgeq([2,quasiGroup[1, 6]], 1)
sumgeq([2,quasiGroup[0, 6]], 0)
reify(eq(0, quasiGroup[0, 0]), aux49)
reify(eq(0, quasiGroup[0, 1]), aux50)
reify(eq(0, quasiGroup[0, 2]), aux51)
reify(eq(0, quasiGroup[0, 3]), aux52)
reify(eq(0, quasiGroup[0, 4]), aux53)
reify(eq(0, quasiGroup[0, 5]), aux54)
reify(eq(0, quasiGroup[0, 6]), aux55)
reify(eq(0, quasiGroup[6, 0]), aux55)
reify(eq(0, quasiGroup[5, 0]), aux54)
reify(eq(0, quasiGroup[4, 0]), aux53)
reify(eq(0, quasiGroup[3, 0]), aux52)
reify(eq(0, quasiGroup[2, 0]), aux51)
reify(eq(0, quasiGroup[1, 0]), aux50)
reify(eq(1, quasiGroup[0, 1]), aux56)
reify(eq(1, quasiGroup[1, 1]), aux57)
reify(eq(1, quasiGroup[1, 2]), aux58)
reify(eq(1, quasiGroup[1, 3]), aux59)
reify(eq(1, quasiGroup[1, 4]), aux60)
reify(eq(1, quasiGroup[1, 5]), aux61)
reify(eq(1, quasiGroup[1, 6]), aux62)
reify(eq(1, quasiGroup[6, 1]), aux62)
reify(eq(1, quasiGroup[5, 1]), aux61)
reify(eq(1, quasiGroup[4, 1]), aux60)
reify(eq(1, quasiGroup[3, 1]), aux59)
reify(eq(1, quasiGroup[2, 1]), aux58)
reify(eq(1, quasiGroup[1, 1]), aux57)
reify(eq(2, quasiGroup[0, 2]), aux63)
reify(eq(2, quasiGroup[1, 2]), aux64)
reify(eq(2, quasiGroup[2, 2]), aux65)
reify(eq(2, quasiGroup[2, 3]), aux66)
reify(eq(2, quasiGroup[2, 4]), aux67)
reify(eq(2, quasiGroup[2, 5]), aux68)
reify(eq(2, quasiGroup[2, 6]), aux69)
reify(eq(2, quasiGroup[6, 2]), aux69)
reify(eq(2, quasiGroup[5, 2]), aux68)
reify(eq(2, quasiGroup[4, 2]), aux67)
reify(eq(2, quasiGroup[3, 2]), aux66)
reify(eq(2, quasiGroup[2, 2]), aux65)
reify(eq(2, quasiGroup[2, 1]), aux64)
reify(eq(3, quasiGroup[0, 3]), aux70)
reify(eq(3, quasiGroup[1, 3]), aux71)
reify(eq(3, quasiGroup[2, 3]), aux72)
reify(eq(3, quasiGroup[3, 3]), aux73)
reify(eq(3, quasiGroup[3, 4]), aux74)
reify(eq(3, quasiGroup[3, 5]), aux75)
reify(eq(3, quasiGroup[3, 6]), aux76)
reify(eq(3, quasiGroup[6, 3]), aux76)
reify(eq(3, quasiGroup[5, 3]), aux75)
reify(eq(3, quasiGroup[4, 3]), aux74)
reify(eq(3, quasiGroup[3, 3]), aux73)
reify(eq(3, quasiGroup[3, 2]), aux72)
reify(eq(3, quasiGroup[3, 1]), aux71)
reify(eq(4, quasiGroup[0, 4]), aux77)
reify(eq(4, quasiGroup[1, 4]), aux78)
reify(eq(4, quasiGroup[2, 4]), aux79)
reify(eq(4, quasiGroup[3, 4]), aux80)
reify(eq(4, quasiGroup[4, 4]), aux81)
reify(eq(4, quasiGroup[4, 5]), aux82)
reify(eq(4, quasiGroup[4, 6]), aux83)
reify(eq(4, quasiGroup[6, 4]), aux83)
reify(eq(4, quasiGroup[5, 4]), aux82)
reify(eq(4, quasiGroup[4, 4]), aux81)
reify(eq(4, quasiGroup[4, 3]), aux80)
reify(eq(4, quasiGroup[4, 2]), aux79)
reify(eq(4, quasiGroup[4, 1]), aux78)
reify(eq(5, quasiGroup[0, 5]), aux84)
reify(eq(5, quasiGroup[1, 5]), aux85)
reify(eq(5, quasiGroup[2, 5]), aux86)
reify(eq(5, quasiGroup[3, 5]), aux87)
reify(eq(5, quasiGroup[4, 5]), aux88)
reify(eq(5, quasiGroup[5, 5]), aux89)
reify(eq(5, quasiGroup[5, 6]), aux90)
reify(eq(5, quasiGroup[6, 5]), aux90)
reify(eq(5, quasiGroup[5, 5]), aux89)
reify(eq(5, quasiGroup[5, 4]), aux88)
reify(eq(5, quasiGroup[5, 3]), aux87)
reify(eq(5, quasiGroup[5, 2]), aux86)
reify(eq(5, quasiGroup[5, 1]), aux85)
reify(eq(6, quasiGroup[0, 6]), aux91)
reify(eq(6, quasiGroup[1, 6]), aux92)
reify(eq(6, quasiGroup[2, 6]), aux93)
reify(eq(6, quasiGroup[3, 6]), aux94)
reify(eq(6, quasiGroup[4, 6]), aux95)
reify(eq(6, quasiGroup[5, 6]), aux96)
reify(eq(6, quasiGroup[6, 6]), aux97)
reify(eq(6, quasiGroup[6, 5]), aux96)
reify(eq(6, quasiGroup[6, 4]), aux95)
reify(eq(6, quasiGroup[6, 3]), aux94)
reify(eq(6, quasiGroup[6, 2]), aux93)
reify(eq(6, quasiGroup[6, 1]), aux92)
reify(eq(6, quasiGroup[6, 0]), aux91)
reify(eq(5, quasiGroup[5, 0]), aux84)
reify(eq(4, quasiGroup[4, 0]), aux77)
reify(eq(3, quasiGroup[3, 0]), aux70)
reify(eq(2, quasiGroup[2, 0]), aux63)
reify(eq(1, quasiGroup[1, 0]), aux56)
reify(eq(0, quasiGroup[0, 0]), aux49)
watchelement([quasiGroup[_,0]], quasiGroup[0, 0], aux0)
watchelement([quasiGroup[_,1]], quasiGroup[0, 1], aux1)
watchelement([quasiGroup[_,2]], quasiGroup[0, 2], aux2)
watchelement([quasiGroup[_,3]], quasiGroup[0, 3], aux3)
watchelement([quasiGroup[_,4]], quasiGroup[0, 4], aux4)
watchelement([quasiGroup[_,5]], quasiGroup[0, 5], aux5)
watchelement([quasiGroup[_,6]], quasiGroup[0, 6], aux6)
watchelement([quasiGroup[_,6]], aux6, 0)
watchelement([quasiGroup[_,5]], aux5, 0)
watchelement([quasiGroup[_,4]], aux4, 0)
watchelement([quasiGroup[_,3]], aux3, 0)
watchelement([quasiGroup[_,2]], aux2, 0)
watchelement([quasiGroup[_,1]], aux1, 0)
watchelement([quasiGroup[_,0]], quasiGroup[1, 0], aux7)
watchelement([quasiGroup[_,1]], quasiGroup[1, 1], aux8)
watchelement([quasiGroup[_,2]], quasiGroup[1, 2], aux9)
watchelement([quasiGroup[_,3]], quasiGroup[1, 3], aux10)
watchelement([quasiGroup[_,4]], quasiGroup[1, 4], aux11)
watchelement([quasiGroup[_,5]], quasiGroup[1, 5], aux12)
watchelement([quasiGroup[_,6]], quasiGroup[1, 6], aux13)
watchelement([quasiGroup[_,6]], aux13, 1)
watchelement([quasiGroup[_,5]], aux12, 1)
watchelement([quasiGroup[_,4]], aux11, 1)
watchelement([quasiGroup[_,3]], aux10, 1)
watchelement([quasiGroup[_,2]], aux9, 1)
watchelement([quasiGroup[_,1]], aux8, 1)
watchelement([quasiGroup[_,0]], quasiGroup[2, 0], aux14)
watchelement([quasiGroup[_,1]], quasiGroup[2, 1], aux15)
watchelement([quasiGroup[_,2]], quasiGroup[2, 2], aux16)
watchelement([quasiGroup[_,3]], quasiGroup[2, 3], aux17)
watchelement([quasiGroup[_,4]], quasiGroup[2, 4], aux18)
watchelement([quasiGroup[_,5]], quasiGroup[2, 5], aux19)
watchelement([quasiGroup[_,6]], quasiGroup[2, 6], aux20)
watchelement([quasiGroup[_,6]], aux20, 2)
watchelement([quasiGroup[_,5]], aux19, 2)
watchelement([quasiGroup[_,4]], aux18, 2)
watchelement([quasiGroup[_,3]], aux17, 2)
watchelement([quasiGroup[_,2]], aux16, 2)
watchelement([quasiGroup[_,1]], aux15, 2)
watchelement([quasiGroup[_,0]], quasiGroup[3, 0], aux21)
watchelement([quasiGroup[_,1]], quasiGroup[3, 1], aux22)
watchelement([quasiGroup[_,2]], quasiGroup[3, 2], aux23)
watchelement([quasiGroup[_,3]], quasiGroup[3, 3], aux24)
watchelement([quasiGroup[_,4]], quasiGroup[3, 4], aux25)
watchelement([quasiGroup[_,5]], quasiGroup[3, 5], aux26)
watchelement([quasiGroup[_,6]], quasiGroup[3, 6], aux27)
watchelement([quasiGroup[_,6]], aux27, 3)
watchelement([quasiGroup[_,5]], aux26, 3)
watchelement([quasiGroup[_,4]], aux25, 3)
watchelement([quasiGroup[_,3]], aux24, 3)
watchelement([quasiGroup[_,2]], aux23, 3)
watchelement([quasiGroup[_,1]], aux22, 3)
watchelement([quasiGroup[_,0]], quasiGroup[4, 0], aux28)
watchelement([quasiGroup[_,1]], quasiGroup[4, 1], aux29)
watchelement([quasiGroup[_,2]], quasiGroup[4, 2], aux30)
watchelement([quasiGroup[_,3]], quasiGroup[4, 3], aux31)
watchelement([quasiGroup[_,4]], quasiGroup[4, 4], aux32)
watchelement([quasiGroup[_,5]], quasiGroup[4, 5], aux33)
watchelement([quasiGroup[_,6]], quasiGroup[4, 6], aux34)
watchelement([quasiGroup[_,6]], aux34, 4)
watchelement([quasiGroup[_,5]], aux33, 4)
watchelement([quasiGroup[_,4]], aux32, 4)
watchelement([quasiGroup[_,3]], aux31, 4)
watchelement([quasiGroup[_,2]], aux30, 4)
watchelement([quasiGroup[_,1]], aux29, 4)
watchelement([quasiGroup[_,0]], quasiGroup[5, 0], aux35)
watchelement([quasiGroup[_,1]], quasiGroup[5, 1], aux36)
watchelement([quasiGroup[_,2]], quasiGroup[5, 2], aux37)
watchelement([quasiGroup[_,3]], quasiGroup[5, 3], aux38)
watchelement([quasiGroup[_,4]], quasiGroup[5, 4], aux39)
watchelement([quasiGroup[_,5]], quasiGroup[5, 5], aux40)
watchelement([quasiGroup[_,6]], quasiGroup[5, 6], aux41)
watchelement([quasiGroup[_,6]], aux41, 5)
watchelement([quasiGroup[_,5]], aux40, 5)
watchelement([quasiGroup[_,4]], aux39, 5)
watchelement([quasiGroup[_,3]], aux38, 5)
watchelement([quasiGroup[_,2]], aux37, 5)
watchelement([quasiGroup[_,1]], aux36, 5)
watchelement([quasiGroup[_,0]], quasiGroup[6, 0], aux42)
watchelement([quasiGroup[_,1]], quasiGroup[6, 1], aux43)
watchelement([quasiGroup[_,2]], quasiGroup[6, 2], aux44)
watchelement([quasiGroup[_,3]], quasiGroup[6, 3], aux45)
watchelement([quasiGroup[_,4]], quasiGroup[6, 4], aux46)
watchelement([quasiGroup[_,5]], quasiGroup[6, 5], aux47)
watchelement([quasiGroup[_,6]], quasiGroup[6, 6], aux48)
watchelement([quasiGroup[_,6]], aux48, 6)
watchelement([quasiGroup[_,5]], aux47, 6)
watchelement([quasiGroup[_,4]], aux46, 6)
watchelement([quasiGroup[_,3]], aux45, 6)
watchelement([quasiGroup[_,2]], aux44, 6)
watchelement([quasiGroup[_,1]], aux43, 6)
watchelement([quasiGroup[_,0]], aux42, 6)
watchelement([quasiGroup[_,0]], aux35, 5)
watchelement([quasiGroup[_,0]], aux28, 4)
watchelement([quasiGroup[_,0]], aux21, 3)
watchelement([quasiGroup[_,0]], aux14, 2)
watchelement([quasiGroup[_,0]], aux7, 1)
watchelement([quasiGroup[_,0]], aux0, 0)
gacalldiff([quasiGroup[_,6]])
gacalldiff([quasiGroup[_,5]])
gacalldiff([quasiGroup[_,4]])
gacalldiff([quasiGroup[_,3]])
gacalldiff([quasiGroup[_,2]])
gacalldiff([quasiGroup[_,1]])
gacalldiff([quasiGroup[_,0]])
gacalldiff([quasiGroup[6,_]])
gacalldiff([quasiGroup[5,_]])
gacalldiff([quasiGroup[4,_]])
gacalldiff([quasiGroup[3,_]])
gacalldiff([quasiGroup[2,_]])
gacalldiff([quasiGroup[1,_]])
gacalldiff([quasiGroup[0,_]])

**EOF**
