MINION 3

#This file has been automatically generated by TAILOR v0.3.3
#bug-reports: andrea@cs.st-and.ac.uk

**VARIABLES**
DISCRETE quasiGroup[10,10] {0..9}

# auxiliary variables
DISCRETE aux0 {0..9}
DISCRETE aux1 {0..9}
DISCRETE aux2 {0..9}
DISCRETE aux3 {0..9}
DISCRETE aux4 {0..9}
DISCRETE aux5 {0..9}
DISCRETE aux6 {0..9}
DISCRETE aux7 {0..9}
DISCRETE aux8 {0..9}
DISCRETE aux9 {0..9}
DISCRETE aux10 {0..9}
DISCRETE aux11 {0..9}
DISCRETE aux12 {0..9}
DISCRETE aux13 {0..9}
DISCRETE aux14 {0..9}
DISCRETE aux15 {0..9}
DISCRETE aux16 {0..9}
DISCRETE aux17 {0..9}
DISCRETE aux18 {0..9}
DISCRETE aux19 {0..9}
DISCRETE aux20 {0..9}
DISCRETE aux21 {0..9}
DISCRETE aux22 {0..9}
DISCRETE aux23 {0..9}
DISCRETE aux24 {0..9}
DISCRETE aux25 {0..9}
DISCRETE aux26 {0..9}
DISCRETE aux27 {0..9}
DISCRETE aux28 {0..9}
DISCRETE aux29 {0..9}
DISCRETE aux30 {0..9}
DISCRETE aux31 {0..9}
DISCRETE aux32 {0..9}
DISCRETE aux33 {0..9}
DISCRETE aux34 {0..9}
DISCRETE aux35 {0..9}
DISCRETE aux36 {0..9}
DISCRETE aux37 {0..9}
DISCRETE aux38 {0..9}
DISCRETE aux39 {0..9}
DISCRETE aux40 {0..9}
DISCRETE aux41 {0..9}
DISCRETE aux42 {0..9}
DISCRETE aux43 {0..9}
DISCRETE aux44 {0..9}
DISCRETE aux45 {0..9}
DISCRETE aux46 {0..9}
DISCRETE aux47 {0..9}
DISCRETE aux48 {0..9}
DISCRETE aux49 {0..9}
DISCRETE aux50 {0..9}
DISCRETE aux51 {0..9}
DISCRETE aux52 {0..9}
DISCRETE aux53 {0..9}
DISCRETE aux54 {0..9}
DISCRETE aux55 {0..9}
DISCRETE aux56 {0..9}
DISCRETE aux57 {0..9}
DISCRETE aux58 {0..9}
DISCRETE aux59 {0..9}
DISCRETE aux60 {0..9}
DISCRETE aux61 {0..9}
DISCRETE aux62 {0..9}
DISCRETE aux63 {0..9}
DISCRETE aux64 {0..9}
DISCRETE aux65 {0..9}
DISCRETE aux66 {0..9}
DISCRETE aux67 {0..9}
DISCRETE aux68 {0..9}
DISCRETE aux69 {0..9}
DISCRETE aux70 {0..9}
DISCRETE aux71 {0..9}
DISCRETE aux72 {0..9}
DISCRETE aux73 {0..9}
DISCRETE aux74 {0..9}
DISCRETE aux75 {0..9}
DISCRETE aux76 {0..9}
DISCRETE aux77 {0..9}
DISCRETE aux78 {0..9}
DISCRETE aux79 {0..9}
DISCRETE aux80 {0..9}
DISCRETE aux81 {0..9}
DISCRETE aux82 {0..9}
DISCRETE aux83 {0..9}
DISCRETE aux84 {0..9}
DISCRETE aux85 {0..9}
DISCRETE aux86 {0..9}
DISCRETE aux87 {0..9}
DISCRETE aux88 {0..9}
DISCRETE aux89 {0..9}
DISCRETE aux90 {0..9}
DISCRETE aux91 {0..9}
DISCRETE aux92 {0..9}
DISCRETE aux93 {0..9}
DISCRETE aux94 {0..9}
DISCRETE aux95 {0..9}
DISCRETE aux96 {0..9}
DISCRETE aux97 {0..9}
DISCRETE aux98 {0..9}
DISCRETE aux99 {0..9}

# aliases

**SEARCH**

PRINT [
quasiGroup]

VARORDER [
quasiGroup,
aux0,aux1,aux2,aux3,aux4,aux5,aux6,aux7,
aux8,aux9,aux10,aux11,aux12,aux13,aux14,aux15,
aux16,aux17,aux18,aux19,aux20,aux21,aux22,aux23,
aux24,aux25,aux26,aux27,aux28,aux29,aux30,aux31,
aux32,aux33,aux34,aux35,aux36,aux37,aux38,aux39,
aux40,aux41,aux42,aux43,aux44,aux45,aux46,aux47,
aux48,aux49,aux50,aux51,aux52,aux53,aux54,aux55,
aux56,aux57,aux58,aux59,aux60,aux61,aux62,aux63,
aux64,aux65,aux66,aux67,aux68,aux69,aux70,aux71,
aux72,aux73,aux74,aux75,aux76,aux77,aux78,aux79,
aux80,aux81,aux82,aux83,aux84,aux85,aux86,aux87,
aux88,aux89,aux90,aux91,aux92,aux93,aux94,aux95,
aux96,aux97,aux98,aux99]


**CONSTRAINTS**

sumgeq([2,quasiGroup[9, 9]], 9)
sumgeq([2,quasiGroup[8, 9]], 8)
sumgeq([2,quasiGroup[7, 9]], 7)
sumgeq([2,quasiGroup[6, 9]], 6)
sumgeq([2,quasiGroup[5, 9]], 5)
sumgeq([2,quasiGroup[4, 9]], 4)
sumgeq([2,quasiGroup[3, 9]], 3)
sumgeq([2,quasiGroup[2, 9]], 2)
sumgeq([2,quasiGroup[1, 9]], 1)
sumgeq([2,quasiGroup[0, 9]], 0)
eq(9, quasiGroup[9, 9])
eq(8, quasiGroup[8, 8])
eq(7, quasiGroup[7, 7])
eq(6, quasiGroup[6, 6])
eq(5, quasiGroup[5, 5])
eq(4, quasiGroup[4, 4])
eq(3, quasiGroup[3, 3])
eq(2, quasiGroup[2, 2])
eq(1, quasiGroup[1, 1])
eq(0, quasiGroup[0, 0])
watchelement([quasiGroup[0,_]], quasiGroup[0, 0], aux0)
watchelement([quasiGroup[0,_]], quasiGroup[0, 1], aux1)
watchelement([quasiGroup[0,_]], quasiGroup[0, 2], aux2)
watchelement([quasiGroup[0,_]], quasiGroup[0, 3], aux3)
watchelement([quasiGroup[0,_]], quasiGroup[0, 4], aux4)
watchelement([quasiGroup[0,_]], quasiGroup[0, 5], aux5)
watchelement([quasiGroup[0,_]], quasiGroup[0, 6], aux6)
watchelement([quasiGroup[0,_]], quasiGroup[0, 7], aux7)
watchelement([quasiGroup[0,_]], quasiGroup[0, 8], aux8)
watchelement([quasiGroup[0,_]], quasiGroup[0, 9], aux9)
watchelement([quasiGroup[_,9]], quasiGroup[0, 9], aux9)
watchelement([quasiGroup[_,8]], quasiGroup[0, 8], aux8)
watchelement([quasiGroup[_,7]], quasiGroup[0, 7], aux7)
watchelement([quasiGroup[_,6]], quasiGroup[0, 6], aux6)
watchelement([quasiGroup[_,5]], quasiGroup[0, 5], aux5)
watchelement([quasiGroup[_,4]], quasiGroup[0, 4], aux4)
watchelement([quasiGroup[_,3]], quasiGroup[0, 3], aux3)
watchelement([quasiGroup[_,2]], quasiGroup[0, 2], aux2)
watchelement([quasiGroup[_,1]], quasiGroup[0, 1], aux1)
watchelement([quasiGroup[1,_]], quasiGroup[1, 0], aux10)
watchelement([quasiGroup[1,_]], quasiGroup[1, 1], aux11)
watchelement([quasiGroup[1,_]], quasiGroup[1, 2], aux12)
watchelement([quasiGroup[1,_]], quasiGroup[1, 3], aux13)
watchelement([quasiGroup[1,_]], quasiGroup[1, 4], aux14)
watchelement([quasiGroup[1,_]], quasiGroup[1, 5], aux15)
watchelement([quasiGroup[1,_]], quasiGroup[1, 6], aux16)
watchelement([quasiGroup[1,_]], quasiGroup[1, 7], aux17)
watchelement([quasiGroup[1,_]], quasiGroup[1, 8], aux18)
watchelement([quasiGroup[1,_]], quasiGroup[1, 9], aux19)
watchelement([quasiGroup[_,9]], quasiGroup[1, 9], aux19)
watchelement([quasiGroup[_,8]], quasiGroup[1, 8], aux18)
watchelement([quasiGroup[_,7]], quasiGroup[1, 7], aux17)
watchelement([quasiGroup[_,6]], quasiGroup[1, 6], aux16)
watchelement([quasiGroup[_,5]], quasiGroup[1, 5], aux15)
watchelement([quasiGroup[_,4]], quasiGroup[1, 4], aux14)
watchelement([quasiGroup[_,3]], quasiGroup[1, 3], aux13)
watchelement([quasiGroup[_,2]], quasiGroup[1, 2], aux12)
watchelement([quasiGroup[_,1]], quasiGroup[1, 1], aux11)
watchelement([quasiGroup[2,_]], quasiGroup[2, 0], aux20)
watchelement([quasiGroup[2,_]], quasiGroup[2, 1], aux21)
watchelement([quasiGroup[2,_]], quasiGroup[2, 2], aux22)
watchelement([quasiGroup[2,_]], quasiGroup[2, 3], aux23)
watchelement([quasiGroup[2,_]], quasiGroup[2, 4], aux24)
watchelement([quasiGroup[2,_]], quasiGroup[2, 5], aux25)
watchelement([quasiGroup[2,_]], quasiGroup[2, 6], aux26)
watchelement([quasiGroup[2,_]], quasiGroup[2, 7], aux27)
watchelement([quasiGroup[2,_]], quasiGroup[2, 8], aux28)
watchelement([quasiGroup[2,_]], quasiGroup[2, 9], aux29)
watchelement([quasiGroup[_,9]], quasiGroup[2, 9], aux29)
watchelement([quasiGroup[_,8]], quasiGroup[2, 8], aux28)
watchelement([quasiGroup[_,7]], quasiGroup[2, 7], aux27)
watchelement([quasiGroup[_,6]], quasiGroup[2, 6], aux26)
watchelement([quasiGroup[_,5]], quasiGroup[2, 5], aux25)
watchelement([quasiGroup[_,4]], quasiGroup[2, 4], aux24)
watchelement([quasiGroup[_,3]], quasiGroup[2, 3], aux23)
watchelement([quasiGroup[_,2]], quasiGroup[2, 2], aux22)
watchelement([quasiGroup[_,1]], quasiGroup[2, 1], aux21)
watchelement([quasiGroup[3,_]], quasiGroup[3, 0], aux30)
watchelement([quasiGroup[3,_]], quasiGroup[3, 1], aux31)
watchelement([quasiGroup[3,_]], quasiGroup[3, 2], aux32)
watchelement([quasiGroup[3,_]], quasiGroup[3, 3], aux33)
watchelement([quasiGroup[3,_]], quasiGroup[3, 4], aux34)
watchelement([quasiGroup[3,_]], quasiGroup[3, 5], aux35)
watchelement([quasiGroup[3,_]], quasiGroup[3, 6], aux36)
watchelement([quasiGroup[3,_]], quasiGroup[3, 7], aux37)
watchelement([quasiGroup[3,_]], quasiGroup[3, 8], aux38)
watchelement([quasiGroup[3,_]], quasiGroup[3, 9], aux39)
watchelement([quasiGroup[_,9]], quasiGroup[3, 9], aux39)
watchelement([quasiGroup[_,8]], quasiGroup[3, 8], aux38)
watchelement([quasiGroup[_,7]], quasiGroup[3, 7], aux37)
watchelement([quasiGroup[_,6]], quasiGroup[3, 6], aux36)
watchelement([quasiGroup[_,5]], quasiGroup[3, 5], aux35)
watchelement([quasiGroup[_,4]], quasiGroup[3, 4], aux34)
watchelement([quasiGroup[_,3]], quasiGroup[3, 3], aux33)
watchelement([quasiGroup[_,2]], quasiGroup[3, 2], aux32)
watchelement([quasiGroup[_,1]], quasiGroup[3, 1], aux31)
watchelement([quasiGroup[4,_]], quasiGroup[4, 0], aux40)
watchelement([quasiGroup[4,_]], quasiGroup[4, 1], aux41)
watchelement([quasiGroup[4,_]], quasiGroup[4, 2], aux42)
watchelement([quasiGroup[4,_]], quasiGroup[4, 3], aux43)
watchelement([quasiGroup[4,_]], quasiGroup[4, 4], aux44)
watchelement([quasiGroup[4,_]], quasiGroup[4, 5], aux45)
watchelement([quasiGroup[4,_]], quasiGroup[4, 6], aux46)
watchelement([quasiGroup[4,_]], quasiGroup[4, 7], aux47)
watchelement([quasiGroup[4,_]], quasiGroup[4, 8], aux48)
watchelement([quasiGroup[4,_]], quasiGroup[4, 9], aux49)
watchelement([quasiGroup[_,9]], quasiGroup[4, 9], aux49)
watchelement([quasiGroup[_,8]], quasiGroup[4, 8], aux48)
watchelement([quasiGroup[_,7]], quasiGroup[4, 7], aux47)
watchelement([quasiGroup[_,6]], quasiGroup[4, 6], aux46)
watchelement([quasiGroup[_,5]], quasiGroup[4, 5], aux45)
watchelement([quasiGroup[_,4]], quasiGroup[4, 4], aux44)
watchelement([quasiGroup[_,3]], quasiGroup[4, 3], aux43)
watchelement([quasiGroup[_,2]], quasiGroup[4, 2], aux42)
watchelement([quasiGroup[_,1]], quasiGroup[4, 1], aux41)
watchelement([quasiGroup[5,_]], quasiGroup[5, 0], aux50)
watchelement([quasiGroup[5,_]], quasiGroup[5, 1], aux51)
watchelement([quasiGroup[5,_]], quasiGroup[5, 2], aux52)
watchelement([quasiGroup[5,_]], quasiGroup[5, 3], aux53)
watchelement([quasiGroup[5,_]], quasiGroup[5, 4], aux54)
watchelement([quasiGroup[5,_]], quasiGroup[5, 5], aux55)
watchelement([quasiGroup[5,_]], quasiGroup[5, 6], aux56)
watchelement([quasiGroup[5,_]], quasiGroup[5, 7], aux57)
watchelement([quasiGroup[5,_]], quasiGroup[5, 8], aux58)
watchelement([quasiGroup[5,_]], quasiGroup[5, 9], aux59)
watchelement([quasiGroup[_,9]], quasiGroup[5, 9], aux59)
watchelement([quasiGroup[_,8]], quasiGroup[5, 8], aux58)
watchelement([quasiGroup[_,7]], quasiGroup[5, 7], aux57)
watchelement([quasiGroup[_,6]], quasiGroup[5, 6], aux56)
watchelement([quasiGroup[_,5]], quasiGroup[5, 5], aux55)
watchelement([quasiGroup[_,4]], quasiGroup[5, 4], aux54)
watchelement([quasiGroup[_,3]], quasiGroup[5, 3], aux53)
watchelement([quasiGroup[_,2]], quasiGroup[5, 2], aux52)
watchelement([quasiGroup[_,1]], quasiGroup[5, 1], aux51)
watchelement([quasiGroup[6,_]], quasiGroup[6, 0], aux60)
watchelement([quasiGroup[6,_]], quasiGroup[6, 1], aux61)
watchelement([quasiGroup[6,_]], quasiGroup[6, 2], aux62)
watchelement([quasiGroup[6,_]], quasiGroup[6, 3], aux63)
watchelement([quasiGroup[6,_]], quasiGroup[6, 4], aux64)
watchelement([quasiGroup[6,_]], quasiGroup[6, 5], aux65)
watchelement([quasiGroup[6,_]], quasiGroup[6, 6], aux66)
watchelement([quasiGroup[6,_]], quasiGroup[6, 7], aux67)
watchelement([quasiGroup[6,_]], quasiGroup[6, 8], aux68)
watchelement([quasiGroup[6,_]], quasiGroup[6, 9], aux69)
watchelement([quasiGroup[_,9]], quasiGroup[6, 9], aux69)
watchelement([quasiGroup[_,8]], quasiGroup[6, 8], aux68)
watchelement([quasiGroup[_,7]], quasiGroup[6, 7], aux67)
watchelement([quasiGroup[_,6]], quasiGroup[6, 6], aux66)
watchelement([quasiGroup[_,5]], quasiGroup[6, 5], aux65)
watchelement([quasiGroup[_,4]], quasiGroup[6, 4], aux64)
watchelement([quasiGroup[_,3]], quasiGroup[6, 3], aux63)
watchelement([quasiGroup[_,2]], quasiGroup[6, 2], aux62)
watchelement([quasiGroup[_,1]], quasiGroup[6, 1], aux61)
watchelement([quasiGroup[7,_]], quasiGroup[7, 0], aux70)
watchelement([quasiGroup[7,_]], quasiGroup[7, 1], aux71)
watchelement([quasiGroup[7,_]], quasiGroup[7, 2], aux72)
watchelement([quasiGroup[7,_]], quasiGroup[7, 3], aux73)
watchelement([quasiGroup[7,_]], quasiGroup[7, 4], aux74)
watchelement([quasiGroup[7,_]], quasiGroup[7, 5], aux75)
watchelement([quasiGroup[7,_]], quasiGroup[7, 6], aux76)
watchelement([quasiGroup[7,_]], quasiGroup[7, 7], aux77)
watchelement([quasiGroup[7,_]], quasiGroup[7, 8], aux78)
watchelement([quasiGroup[7,_]], quasiGroup[7, 9], aux79)
watchelement([quasiGroup[_,9]], quasiGroup[7, 9], aux79)
watchelement([quasiGroup[_,8]], quasiGroup[7, 8], aux78)
watchelement([quasiGroup[_,7]], quasiGroup[7, 7], aux77)
watchelement([quasiGroup[_,6]], quasiGroup[7, 6], aux76)
watchelement([quasiGroup[_,5]], quasiGroup[7, 5], aux75)
watchelement([quasiGroup[_,4]], quasiGroup[7, 4], aux74)
watchelement([quasiGroup[_,3]], quasiGroup[7, 3], aux73)
watchelement([quasiGroup[_,2]], quasiGroup[7, 2], aux72)
watchelement([quasiGroup[_,1]], quasiGroup[7, 1], aux71)
watchelement([quasiGroup[8,_]], quasiGroup[8, 0], aux80)
watchelement([quasiGroup[8,_]], quasiGroup[8, 1], aux81)
watchelement([quasiGroup[8,_]], quasiGroup[8, 2], aux82)
watchelement([quasiGroup[8,_]], quasiGroup[8, 3], aux83)
watchelement([quasiGroup[8,_]], quasiGroup[8, 4], aux84)
watchelement([quasiGroup[8,_]], quasiGroup[8, 5], aux85)
watchelement([quasiGroup[8,_]], quasiGroup[8, 6], aux86)
watchelement([quasiGroup[8,_]], quasiGroup[8, 7], aux87)
watchelement([quasiGroup[8,_]], quasiGroup[8, 8], aux88)
watchelement([quasiGroup[8,_]], quasiGroup[8, 9], aux89)
watchelement([quasiGroup[_,9]], quasiGroup[8, 9], aux89)
watchelement([quasiGroup[_,8]], quasiGroup[8, 8], aux88)
watchelement([quasiGroup[_,7]], quasiGroup[8, 7], aux87)
watchelement([quasiGroup[_,6]], quasiGroup[8, 6], aux86)
watchelement([quasiGroup[_,5]], quasiGroup[8, 5], aux85)
watchelement([quasiGroup[_,4]], quasiGroup[8, 4], aux84)
watchelement([quasiGroup[_,3]], quasiGroup[8, 3], aux83)
watchelement([quasiGroup[_,2]], quasiGroup[8, 2], aux82)
watchelement([quasiGroup[_,1]], quasiGroup[8, 1], aux81)
watchelement([quasiGroup[9,_]], quasiGroup[9, 0], aux90)
watchelement([quasiGroup[9,_]], quasiGroup[9, 1], aux91)
watchelement([quasiGroup[9,_]], quasiGroup[9, 2], aux92)
watchelement([quasiGroup[9,_]], quasiGroup[9, 3], aux93)
watchelement([quasiGroup[9,_]], quasiGroup[9, 4], aux94)
watchelement([quasiGroup[9,_]], quasiGroup[9, 5], aux95)
watchelement([quasiGroup[9,_]], quasiGroup[9, 6], aux96)
watchelement([quasiGroup[9,_]], quasiGroup[9, 7], aux97)
watchelement([quasiGroup[9,_]], quasiGroup[9, 8], aux98)
watchelement([quasiGroup[9,_]], quasiGroup[9, 9], aux99)
watchelement([quasiGroup[_,9]], quasiGroup[9, 9], aux99)
watchelement([quasiGroup[_,8]], quasiGroup[9, 8], aux98)
watchelement([quasiGroup[_,7]], quasiGroup[9, 7], aux97)
watchelement([quasiGroup[_,6]], quasiGroup[9, 6], aux96)
watchelement([quasiGroup[_,5]], quasiGroup[9, 5], aux95)
watchelement([quasiGroup[_,4]], quasiGroup[9, 4], aux94)
watchelement([quasiGroup[_,3]], quasiGroup[9, 3], aux93)
watchelement([quasiGroup[_,2]], quasiGroup[9, 2], aux92)
watchelement([quasiGroup[_,1]], quasiGroup[9, 1], aux91)
watchelement([quasiGroup[_,0]], quasiGroup[9, 0], aux90)
watchelement([quasiGroup[_,0]], quasiGroup[8, 0], aux80)
watchelement([quasiGroup[_,0]], quasiGroup[7, 0], aux70)
watchelement([quasiGroup[_,0]], quasiGroup[6, 0], aux60)
watchelement([quasiGroup[_,0]], quasiGroup[5, 0], aux50)
watchelement([quasiGroup[_,0]], quasiGroup[4, 0], aux40)
watchelement([quasiGroup[_,0]], quasiGroup[3, 0], aux30)
watchelement([quasiGroup[_,0]], quasiGroup[2, 0], aux20)
watchelement([quasiGroup[_,0]], quasiGroup[1, 0], aux10)
watchelement([quasiGroup[_,0]], quasiGroup[0, 0], aux0)
gacalldiff([quasiGroup[_,9]])
gacalldiff([quasiGroup[_,8]])
gacalldiff([quasiGroup[_,7]])
gacalldiff([quasiGroup[_,6]])
gacalldiff([quasiGroup[_,5]])
gacalldiff([quasiGroup[_,4]])
gacalldiff([quasiGroup[_,3]])
gacalldiff([quasiGroup[_,2]])
gacalldiff([quasiGroup[_,1]])
gacalldiff([quasiGroup[_,0]])
gacalldiff([quasiGroup[9,_]])
gacalldiff([quasiGroup[8,_]])
gacalldiff([quasiGroup[7,_]])
gacalldiff([quasiGroup[6,_]])
gacalldiff([quasiGroup[5,_]])
gacalldiff([quasiGroup[4,_]])
gacalldiff([quasiGroup[3,_]])
gacalldiff([quasiGroup[2,_]])
gacalldiff([quasiGroup[1,_]])
gacalldiff([quasiGroup[0,_]])

**EOF**
