MINION 3

#This file has been automatically generated by TAILOR v0.3.3
#bug-reports: andrea@cs.st-and.ac.uk

**VARIABLES**
DISCRETE m[10] {1..9}

# aliases

**SEARCH**

PRINT [
m]

VARORDER [
m]


**CONSTRAINTS**


**EOF**
