MINION 3
**VARIABLES**
DISCRETE x_00000 #
{0..5}
DISCRETE x_00001 #
{0..5}
DISCRETE x_00002 #
{0..5}
DISCRETE x_00003 #
{0..5}
**SHORTTUPLELIST**
mycon 4
[(0,0),(3,0),]
[(1,0),(3,0),]
[(2,0),(3,0),]
[(0,1),(1,1),(2,1),(3,1),]
**VARIABLES**
**SEARCH**
PRINT[[x_00000],[x_00001],[x_00002],[x_00003]]
VARORDER STATIC [x_00000, x_00001, x_00002, x_00003]
VARORDER AUX [x_00000,x_00001,x_00002,x_00003]
**CONSTRAINTS**
shortstr2([x_00000, x_00001, x_00002, x_00003], mycon)**EOF**
