MINION 3

#This file has been automatically generated by TAILOR v0.3.3
#bug-reports: andrea@cs.st-and.ac.uk

**VARIABLES**
BOOL rings[4,5] 

# auxiliary variables
DISCRETE aux0 {0..20}
BOOL aux1 
BOOL aux2 
BOOL aux3 
BOOL aux4 
BOOL aux5 
BOOL aux6 
BOOL aux7 
BOOL aux8 
BOOL aux9 
BOOL aux10 
BOOL aux11 
BOOL aux12 
BOOL aux13 
BOOL aux14 
BOOL aux15 
BOOL aux16 

# aliases

**SEARCH**

MINIMISING aux0

PRINT [
rings, [aux0]]

VARORDER [
rings,
aux0,aux1,aux2,aux3,aux4,aux5,aux6,aux7,
aux8,aux9,aux10,aux11,aux12,aux13,aux14,aux15,
aux16]


**CONSTRAINTS**

watchsumleq([rings[0, 0],rings[0, 1],rings[0, 2],rings[0, 3],rings[0, 4]], 3)
watchsumleq([rings[2, 0],rings[2, 1],rings[2, 2],rings[2, 3],rings[2, 4]], 2)
watchsumleq([rings[1, 0],rings[1, 1],rings[1, 2],rings[1, 3],rings[1, 4]], 2)
watchsumleq([rings[3, 0],rings[3, 1],rings[3, 2],rings[3, 3],rings[3, 4]], 1)
reify(watchsumgeq([rings[3, 0],rings[3, 1]], 2), aux1)
reify(watchsumgeq([rings[2, 0],rings[2, 1]], 2), aux2)
reify(watchsumgeq([rings[1, 0],rings[1, 1]], 2), aux3)
reify(watchsumgeq([rings[0, 0],rings[0, 1]], 2), aux4)
reify(watchsumgeq([rings[3, 0],rings[3, 3]], 2), aux5)
reify(watchsumgeq([rings[2, 0],rings[2, 3]], 2), aux6)
reify(watchsumgeq([rings[1, 0],rings[1, 3]], 2), aux7)
reify(watchsumgeq([rings[0, 0],rings[0, 3]], 2), aux8)
reify(watchsumgeq([rings[3, 1],rings[3, 2]], 2), aux9)
reify(watchsumgeq([rings[2, 1],rings[2, 2]], 2), aux10)
reify(watchsumgeq([rings[1, 1],rings[1, 2]], 2), aux11)
reify(watchsumgeq([rings[0, 1],rings[0, 2]], 2), aux12)
reify(watchsumgeq([rings[3, 2],rings[3, 4]], 2), aux13)
reify(watchsumgeq([rings[2, 2],rings[2, 4]], 2), aux14)
reify(watchsumgeq([rings[1, 2],rings[1, 4]], 2), aux15)
reify(watchsumgeq([rings[0, 2],rings[0, 4]], 2), aux16)
sumgeq([aux16,aux15,aux14,aux13], 1)
sumgeq([aux12,aux11,aux10,aux9], 1)
sumgeq([aux8,aux7,aux6,aux5], 1)
sumgeq([aux4,aux3,aux2,aux1], 1)
sumleq([rings[3, 4],rings[3, 3],rings[3, 2],rings[3, 1],rings[3, 0],rings[2, 4],rings[2, 3],rings[2, 2],rings[2, 1],rings[2, 0],rings[1, 4],rings[1, 3],rings[1, 2],rings[1, 1],rings[1, 0],rings[0, 4],rings[0, 3],rings[0, 2],rings[0, 1],rings[0, 0]], aux0)
sumgeq([rings[3, 4],rings[3, 3],rings[3, 2],rings[3, 1],rings[3, 0],rings[2, 4],rings[2, 3],rings[2, 2],rings[2, 1],rings[2, 0],rings[1, 4],rings[1, 3],rings[1, 2],rings[1, 1],rings[1, 0],rings[0, 4],rings[0, 3],rings[0, 2],rings[0, 1],rings[0, 0]], aux0)

**EOF**
