MINION 3

#This file has been automatically generated by TAILOR v0.3.3
#bug-reports: andrea@cs.st-and.ac.uk

**VARIABLES**
DISCRETE field[9,9] {1..9}

# aliases

**SEARCH**

PRINT [
field]

VARORDER [
field]


**CONSTRAINTS**

eq(9, field[8, 8])
eq(9, field[7, 5])
eq(9, field[2, 1])
eq(9, field[1, 4])
eq(8, field[8, 4])
eq(8, field[6, 7])
eq(8, field[4, 3])
eq(8, field[3, 0])
eq(8, field[2, 2])
eq(7, field[8, 7])
eq(7, field[5, 0])
eq(7, field[0, 4])
eq(6, field[6, 1])
eq(6, field[5, 8])
eq(6, field[3, 4])
eq(6, field[2, 7])
eq(6, field[1, 0])
eq(5, field[7, 8])
eq(5, field[1, 5])
eq(5, field[0, 0])
eq(4, field[7, 3])
eq(4, field[4, 0])
eq(3, field[4, 5])
eq(3, field[3, 8])
eq(3, field[0, 1])
eq(2, field[6, 6])
eq(2, field[5, 4])
eq(1, field[7, 4])
eq(1, field[4, 8])
eq(1, field[1, 3])
diseq(field[1, 2], field[2, 1])
diseq(field[1, 2], field[2, 0])
diseq(field[1, 1], field[2, 2])
diseq(field[1, 1], field[2, 0])
diseq(field[1, 0], field[2, 2])
diseq(field[1, 0], field[2, 1])
diseq(field[0, 2], field[2, 1])
diseq(field[0, 2], field[2, 0])
diseq(field[0, 2], field[1, 1])
diseq(field[0, 2], field[1, 0])
diseq(field[0, 1], field[2, 2])
diseq(field[0, 1], field[2, 0])
diseq(field[0, 1], field[1, 2])
diseq(field[0, 1], field[1, 0])
diseq(field[0, 0], field[2, 2])
diseq(field[0, 0], field[2, 1])
diseq(field[0, 0], field[1, 2])
diseq(field[0, 0], field[1, 1])
diseq(field[1, 5], field[2, 4])
diseq(field[1, 5], field[2, 3])
diseq(field[1, 4], field[2, 5])
diseq(field[1, 4], field[2, 3])
diseq(field[1, 3], field[2, 5])
diseq(field[1, 3], field[2, 4])
diseq(field[0, 5], field[2, 4])
diseq(field[0, 5], field[2, 3])
diseq(field[0, 5], field[1, 4])
diseq(field[0, 5], field[1, 3])
diseq(field[0, 4], field[2, 5])
diseq(field[0, 4], field[2, 3])
diseq(field[0, 4], field[1, 5])
diseq(field[0, 4], field[1, 3])
diseq(field[0, 3], field[2, 5])
diseq(field[0, 3], field[2, 4])
diseq(field[0, 3], field[1, 5])
diseq(field[0, 3], field[1, 4])
diseq(field[1, 8], field[2, 7])
diseq(field[1, 8], field[2, 6])
diseq(field[1, 7], field[2, 8])
diseq(field[1, 7], field[2, 6])
diseq(field[1, 6], field[2, 8])
diseq(field[1, 6], field[2, 7])
diseq(field[0, 8], field[2, 7])
diseq(field[0, 8], field[2, 6])
diseq(field[0, 8], field[1, 7])
diseq(field[0, 8], field[1, 6])
diseq(field[0, 7], field[2, 8])
diseq(field[0, 7], field[2, 6])
diseq(field[0, 7], field[1, 8])
diseq(field[0, 7], field[1, 6])
diseq(field[0, 6], field[2, 8])
diseq(field[0, 6], field[2, 7])
diseq(field[0, 6], field[1, 8])
diseq(field[0, 6], field[1, 7])
diseq(field[4, 2], field[5, 1])
diseq(field[4, 2], field[5, 0])
diseq(field[4, 1], field[5, 2])
diseq(field[4, 1], field[5, 0])
diseq(field[4, 0], field[5, 2])
diseq(field[4, 0], field[5, 1])
diseq(field[3, 2], field[5, 1])
diseq(field[3, 2], field[5, 0])
diseq(field[3, 2], field[4, 1])
diseq(field[3, 2], field[4, 0])
diseq(field[3, 1], field[5, 2])
diseq(field[3, 1], field[5, 0])
diseq(field[3, 1], field[4, 2])
diseq(field[3, 1], field[4, 0])
diseq(field[3, 0], field[5, 2])
diseq(field[3, 0], field[5, 1])
diseq(field[3, 0], field[4, 2])
diseq(field[3, 0], field[4, 1])
diseq(field[4, 5], field[5, 4])
diseq(field[4, 5], field[5, 3])
diseq(field[4, 4], field[5, 5])
diseq(field[4, 4], field[5, 3])
diseq(field[4, 3], field[5, 5])
diseq(field[4, 3], field[5, 4])
diseq(field[3, 5], field[5, 4])
diseq(field[3, 5], field[5, 3])
diseq(field[3, 5], field[4, 4])
diseq(field[3, 5], field[4, 3])
diseq(field[3, 4], field[5, 5])
diseq(field[3, 4], field[5, 3])
diseq(field[3, 4], field[4, 5])
diseq(field[3, 4], field[4, 3])
diseq(field[3, 3], field[5, 5])
diseq(field[3, 3], field[5, 4])
diseq(field[3, 3], field[4, 5])
diseq(field[3, 3], field[4, 4])
diseq(field[4, 8], field[5, 7])
diseq(field[4, 8], field[5, 6])
diseq(field[4, 7], field[5, 8])
diseq(field[4, 7], field[5, 6])
diseq(field[4, 6], field[5, 8])
diseq(field[4, 6], field[5, 7])
diseq(field[3, 8], field[5, 7])
diseq(field[3, 8], field[5, 6])
diseq(field[3, 8], field[4, 7])
diseq(field[3, 8], field[4, 6])
diseq(field[3, 7], field[5, 8])
diseq(field[3, 7], field[5, 6])
diseq(field[3, 7], field[4, 8])
diseq(field[3, 7], field[4, 6])
diseq(field[3, 6], field[5, 8])
diseq(field[3, 6], field[5, 7])
diseq(field[3, 6], field[4, 8])
diseq(field[3, 6], field[4, 7])
diseq(field[7, 2], field[8, 1])
diseq(field[7, 2], field[8, 0])
diseq(field[7, 1], field[8, 2])
diseq(field[7, 1], field[8, 0])
diseq(field[7, 0], field[8, 2])
diseq(field[7, 0], field[8, 1])
diseq(field[6, 2], field[8, 1])
diseq(field[6, 2], field[8, 0])
diseq(field[6, 2], field[7, 1])
diseq(field[6, 2], field[7, 0])
diseq(field[6, 1], field[8, 2])
diseq(field[6, 1], field[8, 0])
diseq(field[6, 1], field[7, 2])
diseq(field[6, 1], field[7, 0])
diseq(field[6, 0], field[8, 2])
diseq(field[6, 0], field[8, 1])
diseq(field[6, 0], field[7, 2])
diseq(field[6, 0], field[7, 1])
diseq(field[7, 5], field[8, 4])
diseq(field[7, 5], field[8, 3])
diseq(field[7, 4], field[8, 5])
diseq(field[7, 4], field[8, 3])
diseq(field[7, 3], field[8, 5])
diseq(field[7, 3], field[8, 4])
diseq(field[6, 5], field[8, 4])
diseq(field[6, 5], field[8, 3])
diseq(field[6, 5], field[7, 4])
diseq(field[6, 5], field[7, 3])
diseq(field[6, 4], field[8, 5])
diseq(field[6, 4], field[8, 3])
diseq(field[6, 4], field[7, 5])
diseq(field[6, 4], field[7, 3])
diseq(field[6, 3], field[8, 5])
diseq(field[6, 3], field[8, 4])
diseq(field[6, 3], field[7, 5])
diseq(field[6, 3], field[7, 4])
diseq(field[7, 8], field[8, 7])
diseq(field[7, 8], field[8, 6])
diseq(field[7, 7], field[8, 8])
diseq(field[7, 7], field[8, 6])
diseq(field[7, 6], field[8, 8])
diseq(field[7, 6], field[8, 7])
diseq(field[6, 8], field[8, 7])
diseq(field[6, 8], field[8, 6])
diseq(field[6, 8], field[7, 7])
diseq(field[6, 8], field[7, 6])
diseq(field[6, 7], field[8, 8])
diseq(field[6, 7], field[8, 6])
diseq(field[6, 7], field[7, 8])
diseq(field[6, 7], field[7, 6])
diseq(field[6, 6], field[8, 8])
diseq(field[6, 6], field[8, 7])
diseq(field[6, 6], field[7, 8])
diseq(field[6, 6], field[7, 7])
diseq(field[6, 3], field[7, 4])
diseq(field[6, 0], field[7, 1])
diseq(field[3, 6], field[4, 7])
diseq(field[3, 3], field[4, 4])
diseq(field[3, 0], field[4, 1])
diseq(field[0, 6], field[1, 7])
diseq(field[0, 3], field[1, 4])
diseq(field[0, 0], field[1, 1])
gacalldiff([field[_,8]])
gacalldiff([field[_,7]])
gacalldiff([field[_,6]])
gacalldiff([field[_,5]])
gacalldiff([field[_,4]])
gacalldiff([field[_,3]])
gacalldiff([field[_,2]])
gacalldiff([field[_,1]])
gacalldiff([field[_,0]])
gacalldiff([field[8,_]])
gacalldiff([field[7,_]])
gacalldiff([field[6,_]])
gacalldiff([field[5,_]])
gacalldiff([field[4,_]])
gacalldiff([field[3,_]])
gacalldiff([field[2,_]])
gacalldiff([field[1,_]])
gacalldiff([field[0,_]])

**EOF**
