MINION 3
**VARIABLES**
DISCRETE field_00000_00000 #
{0..8}
DISCRETE field_00000_00001 #
{0..8}
DISCRETE field_00000_00002 #
{0..8}
DISCRETE field_00000_00003 #
{0..8}
DISCRETE field_00000_00004 #
{0..8}
DISCRETE field_00000_00005 #
{0..8}
DISCRETE field_00000_00006 #
{0..8}
DISCRETE field_00000_00007 #
{0..8}
DISCRETE field_00000_00008 #
{0..8}
DISCRETE field_00001_00000 #
{0..8}
DISCRETE field_00001_00001 #
{0..8}
DISCRETE field_00001_00002 #
{0..8}
DISCRETE field_00001_00003 #
{0..8}
DISCRETE field_00001_00004 #
{0..8}
DISCRETE field_00001_00005 #
{0..8}
DISCRETE field_00001_00006 #
{0..8}
DISCRETE field_00001_00007 #
{0..8}
DISCRETE field_00001_00008 #
{0..8}
DISCRETE field_00002_00000 #
{0..8}
DISCRETE field_00002_00001 #
{0..8}
DISCRETE field_00002_00002 #
{0..8}
DISCRETE field_00002_00003 #
{0..8}
DISCRETE field_00002_00004 #
{0..8}
DISCRETE field_00002_00005 #
{0..8}
DISCRETE field_00002_00006 #
{0..8}
DISCRETE field_00002_00007 #
{0..8}
DISCRETE field_00002_00008 #
{0..8}
DISCRETE field_00003_00000 #
{0..8}
DISCRETE field_00003_00001 #
{0..8}
DISCRETE field_00003_00002 #
{0..8}
DISCRETE field_00003_00003 #
{0..8}
DISCRETE field_00003_00004 #
{0..8}
DISCRETE field_00003_00005 #
{0..8}
DISCRETE field_00003_00006 #
{0..8}
DISCRETE field_00003_00007 #
{0..8}
DISCRETE field_00003_00008 #
{0..8}
DISCRETE field_00004_00000 #
{0..8}
DISCRETE field_00004_00001 #
{0..8}
DISCRETE field_00004_00002 #
{0..8}
DISCRETE field_00004_00003 #
{0..8}
DISCRETE field_00004_00004 #
{0..8}
DISCRETE field_00004_00005 #
{0..8}
DISCRETE field_00004_00006 #
{0..8}
DISCRETE field_00004_00007 #
{0..8}
DISCRETE field_00004_00008 #
{0..8}
DISCRETE field_00005_00000 #
{0..8}
DISCRETE field_00005_00001 #
{0..8}
DISCRETE field_00005_00002 #
{0..8}
DISCRETE field_00005_00003 #
{0..8}
DISCRETE field_00005_00004 #
{0..8}
DISCRETE field_00005_00005 #
{0..8}
DISCRETE field_00005_00006 #
{0..8}
DISCRETE field_00005_00007 #
{0..8}
DISCRETE field_00005_00008 #
{0..8}
DISCRETE field_00006_00000 #
{0..8}
DISCRETE field_00006_00001 #
{0..8}
DISCRETE field_00006_00002 #
{0..8}
DISCRETE field_00006_00003 #
{0..8}
DISCRETE field_00006_00004 #
{0..8}
DISCRETE field_00006_00005 #
{0..8}
DISCRETE field_00006_00006 #
{0..8}
DISCRETE field_00006_00007 #
{0..8}
DISCRETE field_00006_00008 #
{0..8}
DISCRETE field_00007_00000 #
{0..8}
DISCRETE field_00007_00001 #
{0..8}
DISCRETE field_00007_00002 #
{0..8}
DISCRETE field_00007_00003 #
{0..8}
DISCRETE field_00007_00004 #
{0..8}
DISCRETE field_00007_00005 #
{0..8}
DISCRETE field_00007_00006 #
{0..8}
DISCRETE field_00007_00007 #
{0..8}
DISCRETE field_00007_00008 #
{0..8}
DISCRETE field_00008_00000 #
{0..8}
DISCRETE field_00008_00001 #
{0..8}
DISCRETE field_00008_00002 #
{0..8}
DISCRETE field_00008_00003 #
{0..8}
DISCRETE field_00008_00004 #
{0..8}
DISCRETE field_00008_00005 #
{0..8}
DISCRETE field_00008_00006 #
{0..8}
DISCRETE field_00008_00007 #
{0..8}
DISCRETE field_00008_00008 #
{0..8}
**TUPLELIST**
values 9 9
5 3 0 0 7 0 0 0 0 
6 0 0 1 9 5 0 0 0 
0 9 8 0 0 0 0 6 0 
8 0 0 0 6 0 0 0 3 
4 0 0 8 0 3 0 0 1 
7 0 0 0 2 0 0 0 6 
0 6 0 0 0 0 2 8 0 
0 0 0 4 1 9 0 0 5 
0 0 0 0 8 0 0 7 9 
**VARIABLES**
ALIAS values[9,9]=[[5, 3, 0, 0, 7, 0, 0, 0, 0], [6, 0, 0, 1, 9, 5, 0, 0, 0], [0, 9, 8, 0, 0, 0, 0, 6, 0], [8, 0, 0, 0, 6, 0, 0, 0, 3], [4, 0, 0, 8, 0, 3, 0, 0, 1], [7, 0, 0, 0, 2, 0, 0, 0, 6], [0, 6, 0, 0, 0, 0, 2, 8, 0], [0, 0, 0, 4, 1, 9, 0, 0, 5], [0, 0, 0, 0, 8, 0, 0, 7, 9]]
**SEARCH**
PRINT[[field_00000_00000],[field_00000_00001],[field_00000_00002],[field_00000_00003],[field_00000_00004],[field_00000_00005],[field_00000_00006],[field_00000_00007],[field_00000_00008],[field_00001_00000],[field_00001_00001],[field_00001_00002],[field_00001_00003],[field_00001_00004],[field_00001_00005],[field_00001_00006],[field_00001_00007],[field_00001_00008],[field_00002_00000],[field_00002_00001],[field_00002_00002],[field_00002_00003],[field_00002_00004],[field_00002_00005],[field_00002_00006],[field_00002_00007],[field_00002_00008],[field_00003_00000],[field_00003_00001],[field_00003_00002],[field_00003_00003],[field_00003_00004],[field_00003_00005],[field_00003_00006],[field_00003_00007],[field_00003_00008],[field_00004_00000],[field_00004_00001],[field_00004_00002],[field_00004_00003],[field_00004_00004],[field_00004_00005],[field_00004_00006],[field_00004_00007],[field_00004_00008],[field_00005_00000],[field_00005_00001],[field_00005_00002],[field_00005_00003],[field_00005_00004],[field_00005_00005],[field_00005_00006],[field_00005_00007],[field_00005_00008],[field_00006_00000],[field_00006_00001],[field_00006_00002],[field_00006_00003],[field_00006_00004],[field_00006_00005],[field_00006_00006],[field_00006_00007],[field_00006_00008],[field_00007_00000],[field_00007_00001],[field_00007_00002],[field_00007_00003],[field_00007_00004],[field_00007_00005],[field_00007_00006],[field_00007_00007],[field_00007_00008],[field_00008_00000],[field_00008_00001],[field_00008_00002],[field_00008_00003],[field_00008_00004],[field_00008_00005],[field_00008_00006],[field_00008_00007],[field_00008_00008]]
VARORDER STATIC [field_00000_00000,field_00000_00001,field_00000_00002,field_00000_00003,field_00000_00004,field_00000_00005,field_00000_00006,field_00000_00007,field_00000_00008,field_00001_00000,field_00001_00001,field_00001_00002,field_00001_00003,field_00001_00004,field_00001_00005,field_00001_00006,field_00001_00007,field_00001_00008,field_00002_00000,field_00002_00001,field_00002_00002,field_00002_00003,field_00002_00004,field_00002_00005,field_00002_00006,field_00002_00007,field_00002_00008,field_00003_00000,field_00003_00001,field_00003_00002,field_00003_00003,field_00003_00004,field_00003_00005,field_00003_00006,field_00003_00007,field_00003_00008,field_00004_00000,field_00004_00001,field_00004_00002,field_00004_00003,field_00004_00004,field_00004_00005,field_00004_00006,field_00004_00007,field_00004_00008,field_00005_00000,field_00005_00001,field_00005_00002,field_00005_00003,field_00005_00004,field_00005_00005,field_00005_00006,field_00005_00007,field_00005_00008,field_00006_00000,field_00006_00001,field_00006_00002,field_00006_00003,field_00006_00004,field_00006_00005,field_00006_00006,field_00006_00007,field_00006_00008,field_00007_00000,field_00007_00001,field_00007_00002,field_00007_00003,field_00007_00004,field_00007_00005,field_00007_00006,field_00007_00007,field_00007_00008,field_00008_00000,field_00008_00001,field_00008_00002,field_00008_00003,field_00008_00004,field_00008_00005,field_00008_00006,field_00008_00007,field_00008_00008]
VARORDER AUX []
**CONSTRAINTS**
w-literal(field_00000_00000,4)
w-literal(field_00000_00001,2)
w-literal(field_00000_00004,6)
w-literal(field_00001_00000,5)
w-literal(field_00001_00003,0)
w-literal(field_00001_00004,8)
w-literal(field_00001_00005,4)
w-literal(field_00002_00001,8)
w-literal(field_00002_00002,7)
w-literal(field_00002_00007,5)
w-literal(field_00003_00000,7)
w-literal(field_00003_00004,5)
w-literal(field_00003_00008,2)
w-literal(field_00004_00000,3)
w-literal(field_00004_00003,7)
w-literal(field_00004_00005,2)
w-literal(field_00004_00008,0)
w-literal(field_00005_00000,6)
w-literal(field_00005_00004,1)
w-literal(field_00005_00008,5)
w-literal(field_00006_00001,5)
w-literal(field_00006_00006,1)
w-literal(field_00006_00007,7)
w-literal(field_00007_00003,3)
w-literal(field_00007_00004,0)
w-literal(field_00007_00005,8)
w-literal(field_00007_00008,4)
w-literal(field_00008_00004,7)
w-literal(field_00008_00007,6)
w-literal(field_00008_00008,8)
gacalldiff([field_00000_00000, field_00000_00001, field_00000_00002, field_00001_00000, field_00001_00001, field_00001_00002, field_00002_00000, field_00002_00001, field_00002_00002])
gacalldiff([field_00000_00003, field_00000_00004, field_00000_00005, field_00001_00003, field_00001_00004, field_00001_00005, field_00002_00003, field_00002_00004, field_00002_00005])
gacalldiff([field_00000_00006, field_00000_00007, field_00000_00008, field_00001_00006, field_00001_00007, field_00001_00008, field_00002_00006, field_00002_00007, field_00002_00008])
gacalldiff([field_00003_00000, field_00003_00001, field_00003_00002, field_00004_00000, field_00004_00001, field_00004_00002, field_00005_00000, field_00005_00001, field_00005_00002])
gacalldiff([field_00003_00003, field_00003_00004, field_00003_00005, field_00004_00003, field_00004_00004, field_00004_00005, field_00005_00003, field_00005_00004, field_00005_00005])
gacalldiff([field_00003_00006, field_00003_00007, field_00003_00008, field_00004_00006, field_00004_00007, field_00004_00008, field_00005_00006, field_00005_00007, field_00005_00008])
gacalldiff([field_00006_00000, field_00006_00001, field_00006_00002, field_00007_00000, field_00007_00001, field_00007_00002, field_00008_00000, field_00008_00001, field_00008_00002])
gacalldiff([field_00006_00003, field_00006_00004, field_00006_00005, field_00007_00003, field_00007_00004, field_00007_00005, field_00008_00003, field_00008_00004, field_00008_00005])
gacalldiff([field_00006_00006, field_00006_00007, field_00006_00008, field_00007_00006, field_00007_00007, field_00007_00008, field_00008_00006, field_00008_00007, field_00008_00008])
gacalldiff([field_00000_00000, field_00000_00001, field_00000_00002, field_00000_00003, field_00000_00004, field_00000_00005, field_00000_00006, field_00000_00007, field_00000_00008])
gacalldiff([field_00001_00000, field_00001_00001, field_00001_00002, field_00001_00003, field_00001_00004, field_00001_00005, field_00001_00006, field_00001_00007, field_00001_00008])
gacalldiff([field_00002_00000, field_00002_00001, field_00002_00002, field_00002_00003, field_00002_00004, field_00002_00005, field_00002_00006, field_00002_00007, field_00002_00008])
gacalldiff([field_00003_00000, field_00003_00001, field_00003_00002, field_00003_00003, field_00003_00004, field_00003_00005, field_00003_00006, field_00003_00007, field_00003_00008])
gacalldiff([field_00004_00000, field_00004_00001, field_00004_00002, field_00004_00003, field_00004_00004, field_00004_00005, field_00004_00006, field_00004_00007, field_00004_00008])
gacalldiff([field_00005_00000, field_00005_00001, field_00005_00002, field_00005_00003, field_00005_00004, field_00005_00005, field_00005_00006, field_00005_00007, field_00005_00008])
gacalldiff([field_00006_00000, field_00006_00001, field_00006_00002, field_00006_00003, field_00006_00004, field_00006_00005, field_00006_00006, field_00006_00007, field_00006_00008])
gacalldiff([field_00007_00000, field_00007_00001, field_00007_00002, field_00007_00003, field_00007_00004, field_00007_00005, field_00007_00006, field_00007_00007, field_00007_00008])
gacalldiff([field_00008_00000, field_00008_00001, field_00008_00002, field_00008_00003, field_00008_00004, field_00008_00005, field_00008_00006, field_00008_00007, field_00008_00008])
gacalldiff([field_00000_00000, field_00001_00000, field_00002_00000, field_00003_00000, field_00004_00000, field_00005_00000, field_00006_00000, field_00007_00000, field_00008_00000])
gacalldiff([field_00000_00001, field_00001_00001, field_00002_00001, field_00003_00001, field_00004_00001, field_00005_00001, field_00006_00001, field_00007_00001, field_00008_00001])
gacalldiff([field_00000_00002, field_00001_00002, field_00002_00002, field_00003_00002, field_00004_00002, field_00005_00002, field_00006_00002, field_00007_00002, field_00008_00002])
gacalldiff([field_00000_00003, field_00001_00003, field_00002_00003, field_00003_00003, field_00004_00003, field_00005_00003, field_00006_00003, field_00007_00003, field_00008_00003])
gacalldiff([field_00000_00004, field_00001_00004, field_00002_00004, field_00003_00004, field_00004_00004, field_00005_00004, field_00006_00004, field_00007_00004, field_00008_00004])
gacalldiff([field_00000_00005, field_00001_00005, field_00002_00005, field_00003_00005, field_00004_00005, field_00005_00005, field_00006_00005, field_00007_00005, field_00008_00005])
gacalldiff([field_00000_00006, field_00001_00006, field_00002_00006, field_00003_00006, field_00004_00006, field_00005_00006, field_00006_00006, field_00007_00006, field_00008_00006])
gacalldiff([field_00000_00007, field_00001_00007, field_00002_00007, field_00003_00007, field_00004_00007, field_00005_00007, field_00006_00007, field_00007_00007, field_00008_00007])
gacalldiff([field_00000_00008, field_00001_00008, field_00002_00008, field_00003_00008, field_00004_00008, field_00005_00008, field_00006_00008, field_00007_00008, field_00008_00008])
**EOF**
